Archive member included to satisfy reference by file (symbol)

/usr/lib/gcc/arm-none-eabi/9.2.1/thumb/v6-m/nofp/libgcc.a(_dvmd_tls.o)
                              CMakeFiles/pak-gadget.dir/tree/downloaded_tools/pico/pico-sdk/src/rp2_common/pico_divider/divider.S.obj (__aeabi_idiv0)
/usr/lib/gcc/arm-none-eabi/9.2.1/../../../arm-none-eabi/lib/thumb/v6-m/nofp/libg.a(lib_a-atexit.o)
                              /usr/lib/gcc/arm-none-eabi/9.2.1/../../../arm-none-eabi/lib/thumb/v6-m/nofp/crt0.o (atexit)
/usr/lib/gcc/arm-none-eabi/9.2.1/../../../arm-none-eabi/lib/thumb/v6-m/nofp/libg.a(lib_a-calloc.o)
                              CMakeFiles/pak-gadget.dir/tree/downloaded_tools/pico/pico-sdk/src/rp2_common/pico_malloc/pico_malloc.c.obj (calloc)
/usr/lib/gcc/arm-none-eabi/9.2.1/../../../arm-none-eabi/lib/thumb/v6-m/nofp/libg.a(lib_a-callocr.o)
                              /usr/lib/gcc/arm-none-eabi/9.2.1/../../../arm-none-eabi/lib/thumb/v6-m/nofp/libg.a(lib_a-calloc.o) (_calloc_r)
/usr/lib/gcc/arm-none-eabi/9.2.1/../../../arm-none-eabi/lib/thumb/v6-m/nofp/libg.a(lib_a-ctype_.o)
                              CMakeFiles/pak-gadget.dir/tree/downloaded_tools/pico/pico-sdk/lib/tinyusb/src/tusb.c.obj (_ctype_)
/usr/lib/gcc/arm-none-eabi/9.2.1/../../../arm-none-eabi/lib/thumb/v6-m/nofp/libg.a(lib_a-errno.o)
                              CMakeFiles/pak-gadget.dir/tree/downloaded_tools/pico/no-OS-FatFS-SD-SPI-RPi-Pico/FatFs_SPI/src/ff_stdio.c.obj (__errno)
/usr/lib/gcc/arm-none-eabi/9.2.1/../../../arm-none-eabi/lib/thumb/v6-m/nofp/libg.a(lib_a-fflush.o)
                              CMakeFiles/pak-gadget.dir/tree/downloaded_tools/pico/no-OS-FatFS-SD-SPI-RPi-Pico/FatFs_SPI/sd_driver/demo_logging.c.obj (fflush)
/usr/lib/gcc/arm-none-eabi/9.2.1/../../../arm-none-eabi/lib/thumb/v6-m/nofp/libg.a(lib_a-findfp.o)
                              /usr/lib/gcc/arm-none-eabi/9.2.1/../../../arm-none-eabi/lib/thumb/v6-m/nofp/libg.a(lib_a-fflush.o) (__sinit)
/usr/lib/gcc/arm-none-eabi/9.2.1/../../../arm-none-eabi/lib/thumb/v6-m/nofp/libg.a(lib_a-fini.o)
                              /usr/lib/gcc/arm-none-eabi/9.2.1/../../../arm-none-eabi/lib/thumb/v6-m/nofp/crt0.o (__libc_fini_array)
/usr/lib/gcc/arm-none-eabi/9.2.1/../../../arm-none-eabi/lib/thumb/v6-m/nofp/libg.a(lib_a-freer.o)
                              /usr/lib/gcc/arm-none-eabi/9.2.1/../../../arm-none-eabi/lib/thumb/v6-m/nofp/libg.a(lib_a-fflush.o) (_free_r)
/usr/lib/gcc/arm-none-eabi/9.2.1/../../../arm-none-eabi/lib/thumb/v6-m/nofp/libg.a(lib_a-fwalk.o)
                              /usr/lib/gcc/arm-none-eabi/9.2.1/../../../arm-none-eabi/lib/thumb/v6-m/nofp/libg.a(lib_a-findfp.o) (_fwalk)
/usr/lib/gcc/arm-none-eabi/9.2.1/../../../arm-none-eabi/lib/thumb/v6-m/nofp/libg.a(lib_a-impure.o)
                              /usr/lib/gcc/arm-none-eabi/9.2.1/../../../arm-none-eabi/lib/thumb/v6-m/nofp/libg.a(lib_a-fflush.o) (_global_impure_ptr)
/usr/lib/gcc/arm-none-eabi/9.2.1/../../../arm-none-eabi/lib/thumb/v6-m/nofp/libg.a(lib_a-init.o)
                              /usr/lib/gcc/arm-none-eabi/9.2.1/../../../arm-none-eabi/lib/thumb/v6-m/nofp/crt0.o (__libc_init_array)
/usr/lib/gcc/arm-none-eabi/9.2.1/../../../arm-none-eabi/lib/thumb/v6-m/nofp/libg.a(lib_a-malloc.o)
                              CMakeFiles/pak-gadget.dir/tree/downloaded_tools/pico/pico-sdk/src/rp2_common/pico_malloc/pico_malloc.c.obj (malloc)
/usr/lib/gcc/arm-none-eabi/9.2.1/../../../arm-none-eabi/lib/thumb/v6-m/nofp/libg.a(lib_a-mallocr.o)
                              /usr/lib/gcc/arm-none-eabi/9.2.1/../../../arm-none-eabi/lib/thumb/v6-m/nofp/libg.a(lib_a-callocr.o) (_malloc_r)
/usr/lib/gcc/arm-none-eabi/9.2.1/../../../arm-none-eabi/lib/thumb/v6-m/nofp/libg.a(lib_a-mktime.o)
                              CMakeFiles/pak-gadget.dir/tree/downloaded_tools/pico/no-OS-FatFS-SD-SPI-RPi-Pico/FatFs_SPI/src/rtc.c.obj (mktime)
/usr/lib/gcc/arm-none-eabi/9.2.1/../../../arm-none-eabi/lib/thumb/v6-m/nofp/libg.a(lib_a-mlock.o)
                              /usr/lib/gcc/arm-none-eabi/9.2.1/../../../arm-none-eabi/lib/thumb/v6-m/nofp/libg.a(lib_a-freer.o) (__malloc_lock)
/usr/lib/gcc/arm-none-eabi/9.2.1/../../../arm-none-eabi/lib/thumb/v6-m/nofp/libg.a(lib_a-sbrkr.o)
                              /usr/lib/gcc/arm-none-eabi/9.2.1/../../../arm-none-eabi/lib/thumb/v6-m/nofp/libg.a(lib_a-freer.o) (_sbrk_r)
/usr/lib/gcc/arm-none-eabi/9.2.1/../../../arm-none-eabi/lib/thumb/v6-m/nofp/libg.a(lib_a-sscanf.o)
                              CMakeFiles/pak-gadget.dir/pak-gadget.c.obj (sscanf)
/usr/lib/gcc/arm-none-eabi/9.2.1/../../../arm-none-eabi/lib/thumb/v6-m/nofp/libg.a(lib_a-stdio.o)
                              /usr/lib/gcc/arm-none-eabi/9.2.1/../../../arm-none-eabi/lib/thumb/v6-m/nofp/libg.a(lib_a-findfp.o) (__sread)
/usr/lib/gcc/arm-none-eabi/9.2.1/../../../arm-none-eabi/lib/thumb/v6-m/nofp/libg.a(lib_a-strchr.o)
[...]
Memory Configuration

Name             Origin             Length             Attributes
FLASH            0x0000000010000000 0x0000000000200000 xr
RAM              0x0000000020000000 0x0000000000040000 xrw
SCRATCH_X        0x0000000020040000 0x0000000000001000 xrw
SCRATCH_Y        0x0000000020041000 0x0000000000001000 xrw
*default*        0x0000000000000000 0xffffffffffffffff

Linker script and memory map

LOAD /usr/lib/gcc/arm-none-eabi/9.2.1/thumb/v6-m/nofp/crti.o
LOAD /usr/lib/gcc/arm-none-eabi/9.2.1/thumb/v6-m/nofp/crtbegin.o
LOAD /usr/lib/gcc/arm-none-eabi/9.2.1/../../../arm-none-eabi/lib/thumb/v6-m/nofp/crt0.o

.flash_begin    0x0000000010000000        0x0
                0x0000000010000000                __flash_binary_start = .

.boot2          0x0000000010000000      0x100
                0x0000000010000000                __boot2_start__ = .
 *(.boot2)
 .boot2         0x0000000010000000      0x100 /tmp/ccVncV4k.o
                0x0000000010000100                __boot2_end__ = .
                0x0000000000000001                ASSERT (((__boot2_end__ - __boot2_start__) == 0x100), ERROR: Pico second stage bootloader must be 256 bytes in size)

.text           0x0000000010000100    0x14658
                0x0000000010000100                __logical_binary_start = .
 *(.vectors)
 .vectors       0x0000000010000100       0xd4 CMakeFiles/pak-gadget.dir/tree/downloaded_tools/pico/pico-sdk/src/rp2_common/pico_standard_link/crt0.S.obj
                0x0000000010000100                __vectors
                0x0000000010000100                __VECTOR_TABLE
                0x00000000100001c0                isr_invalid
                0x00000000100001c0                __default_isrs_start
                0x00000000100001c2                isr_nmi
                0x00000000100001c4                isr_hardfault
                0x00000000100001c6                isr_svcall
                0x00000000100001c8                isr_pendsv
                0x00000000100001ca                isr_systick
                0x00000000100001cc                isr_irq30
                0x00000000100001cc                __unhandled_user_irq
                0x00000000100001cc                isr_irq13
                0x00000000100001cc                isr_irq27
                0x00000000100001cc                isr_irq31
                0x00000000100001cc                isr_irq5
                0x00000000100001cc                isr_irq11
                0x00000000100001cc                isr_irq23
                0x00000000100001cc                isr_irq18
                0x00000000100001cc                isr_irq28
                0x00000000100001cc                isr_irq19
                0x00000000100001cc                isr_irq0
                0x00000000100001cc                isr_irq6
                0x00000000100001cc                isr_irq22
                0x00000000100001cc                isr_irq17
                0x00000000100001cc                isr_irq14
                0x00000000100001cc                isr_irq2
                0x00000000100001cc                isr_irq10
                0x00000000100001cc                isr_irq8
                0x00000000100001cc                isr_irq24
                0x00000000100001cc                isr_irq1
                0x00000000100001cc                isr_irq7
                0x00000000100001cc                isr_irq21
                0x00000000100001cc                isr_irq20
                0x00000000100001cc                isr_irq15
                0x00000000100001cc                isr_irq25
                0x00000000100001cc                isr_irq4
                0x00000000100001cc                isr_irq16
                0x00000000100001cc                isr_irq29
                0x00000000100001cc                isr_irq26
                0x00000000100001cc                __default_isrs_end
                0x00000000100001cc                isr_irq3
                0x00000000100001cc                isr_irq12
                0x00000000100001cc                isr_irq9
                0x00000000100001d2                unhandled_user_irq_num_in_r0
 *(.binary_info_header)
 .binary_info_header
                0x00000000100001d4       0x14 CMakeFiles/pak-gadget.dir/tree/downloaded_tools/pico/pico-sdk/src/rp2_common/pico_standard_link/crt0.S.obj
                0x00000000100001e8                __binary_info_header_end = .
 *(.reset)
 .reset         0x00000000100001e8       0xa8 CMakeFiles/pak-gadget.dir/tree/downloaded_tools/pico/pico-sdk/src/rp2_common/pico_standard_link/crt0.S.obj
                0x00000000100001e8                _entry_point
                0x0000000010000266                __get_current_exception
 .reset         0x0000000010000290       0x30 CMakeFiles/pak-gadget.dir/tree/downloaded_tools/pico/pico-sdk/src/rp2_common/pico_standard_link/binary_info.c.obj
 *(.init)
 .init          0x00000000100002c0        0x4 /usr/lib/gcc/arm-none-eabi/9.2.1/thumb/v6-m/nofp/crti.o
                0x00000000100002c0                _init
 *(EXCLUDE_FILE(*libm.a: *libc.a:*lib_a-mem*.o *libgcc.a:) .text*)
 .text          0x00000000100002c4       0x98 /usr/lib/gcc/arm-none-eabi/9.2.1/thumb/v6-m/nofp/crtbegin.o
 .text.button_select_file
                0x000000001000035c        0x2 CMakeFiles/pak-gadget.dir/pak-gadget.c.obj
                0x000000001000035c                button_select_file
 .text.button_display
                0x000000001000035e        0x2 CMakeFiles/pak-gadget.dir/pak-gadget.c.obj
                0x000000001000035e                button_display
 .text.button_exit
                0x0000000010000360        0xc CMakeFiles/pak-gadget.dir/pak-gadget.c.obj
                0x0000000010000360                button_exit
 .text.but_ev_null
                0x000000001000036c        0x2 CMakeFiles/pak-gadget.dir/pak-gadget.c.obj
                0x000000001000036c                but_ev_null
 *fill*         0x000000001000036e        0x2 
 .text.handle_address
                0x0000000010000370      0x4e4 CMakeFiles/pak-gadget.dir/pak-gadget.c.obj
                0x0000000010000370                handle_address
 .text.loop_delay
                0x0000000010000854       0x2a CMakeFiles/pak-gadget.dir/pak-gadget.c.obj
                0x0000000010000854                loop_delay
 .text.i2c_release
                0x000000001000087e       0x16 CMakeFiles/pak-gadget.dir/pak-gadget.c.obj
                0x000000001000087e                i2c_release
 .text.i2c_delay
                0x0000000010000894        0xc CMakeFiles/pak-gadget.dir/pak-gadget.c.obj
                0x0000000010000894                i2c_delay
 .text.i2c_sda_low
                0x00000000100008a0        0xe CMakeFiles/pak-gadget.dir/pak-gadget.c.obj
                0x00000000100008a0                i2c_sda_low
 .text.i2c_sda_high
                0x00000000100008ae        0xc CMakeFiles/pak-gadget.dir/pak-gadget.c.obj
                0x00000000100008ae                i2c_sda_high
 .text.i2c_scl_low
                0x00000000100008ba        0xe CMakeFiles/pak-gadget.dir/pak-gadget.c.obj
                0x00000000100008ba                i2c_scl_low
 .text.i2c_scl_high
                0x00000000100008c8        0xc CMakeFiles/pak-gadget.dir/pak-gadget.c.obj
                0x00000000100008c8                i2c_scl_high
 .text.i2c_read_sda
                0x00000000100008d4        0xe CMakeFiles/pak-gadget.dir/pak-gadget.c.obj
                0x00000000100008d4                i2c_read_sda
 .text.i2c_start
                0x00000000100008e2       0x1c CMakeFiles/pak-gadget.dir/pak-gadget.c.obj
                0x00000000100008e2                i2c_start
 .text.i2c_stop
                0x00000000100008fe       0x1c CMakeFiles/pak-gadget.dir/pak-gadget.c.obj
                0x00000000100008fe                i2c_stop
 .text.i2c_send_byte
                0x000000001000091a       0x7e CMakeFiles/pak-gadget.dir/pak-gadget.c.obj
                0x000000001000091a                i2c_send_byte
 .text.i2c_init
                0x0000000010000998       0x10 CMakeFiles/pak-gadget.dir/pak-gadget.c.obj
                0x0000000010000998                i2c_init
 .text.oled_send_cmd
                0x00000000100009a8       0x70 CMakeFiles/pak-gadget.dir/pak-gadget.c.obj
                0x00000000100009a8                oled_send_cmd
 .text.oled_set_brightness
                0x0000000010000a18       0x2e CMakeFiles/pak-gadget.dir/pak-gadget.c.obj
                0x0000000010000a18                oled_set_brightness
 .text.oled_set_xy
                0x0000000010000a46       0x54 CMakeFiles/pak-gadget.dir/pak-gadget.c.obj
                0x0000000010000a46                oled_set_xy
 .text.oled_gap
                0x0000000010000a9a       0x18 CMakeFiles/pak-gadget.dir/pak-gadget.c.obj
                0x0000000010000a9a                oled_gap
 *fill*         0x0000000010000ab2        0x2 
 .text.oled_display_string
                0x0000000010000ab4       0x50 CMakeFiles/pak-gadget.dir/pak-gadget.c.obj
                0x0000000010000ab4                oled_display_string
 .text.oled_clear_display
                0x0000000010000b04       0x34 CMakeFiles/pak-gadget.dir/pak-gadget.c.obj
                0x0000000010000b04                oled_clear_display
 .text.oled_error
                0x0000000010000b38       0x30 CMakeFiles/pak-gadget.dir/pak-gadget.c.obj
                0x0000000010000b38                oled_error
 .text.oled_setup
                0x0000000010000b68       0x48 CMakeFiles/pak-gadget.dir/pak-gadget.c.obj
                0x0000000010000b68                oled_setup
 .text.mount_sd
                0x0000000010000bb0       0x38 CMakeFiles/pak-gadget.dir/pak-gadget.c.obj
                0x0000000010000bb0                mount_sd
 .text.unmount_sd
                0x0000000010000be8       0x14 CMakeFiles/pak-gadget.dir/pak-gadget.c.obj
                0x0000000010000be8                unmount_sd
 .text.menu_size
                0x0000000010000bfc       0x12 CMakeFiles/pak-gadget.dir/pak-gadget.c.obj
                0x0000000010000bfc                menu_size
 *fill*         0x0000000010000c0e        0x2 
 .text.cd_to_pak_dir
                0x0000000010000c10       0x9c CMakeFiles/pak-gadget.dir/pak-gadget.c.obj
                0x0000000010000c10                cd_to_pak_dir
 .text.find_next_file_number
                0x0000000010000cac       0xf0 CMakeFiles/pak-gadget.dir/pak-gadget.c.obj
                0x0000000010000cac                find_next_file_number
 .text.core_read
                0x0000000010000d9c      0x1e0 CMakeFiles/pak-gadget.dir/pak-gadget.c.obj
                0x0000000010000d9c                core_read
 .text.process_config_file
                0x0000000010000f7c      0x1dc CMakeFiles/pak-gadget.dir/pak-gadget.c.obj
                0x0000000010000f7c                process_config_file
 .text.core_writefile
                0x0000000010001158      0x118 CMakeFiles/pak-gadget.dir/pak-gadget.c.obj
                0x0000000010001158                core_writefile
 .text.draw_menu
                0x0000000010001270       0xd0 CMakeFiles/pak-gadget.dir/pak-gadget.c.obj
                0x0000000010001270                draw_menu
 .text.button_list
                0x0000000010001340      0x1c0 CMakeFiles/pak-gadget.dir/pak-gadget.c.obj
                0x0000000010001340                button_list
 .text.to_home_menu
                0x0000000010001500       0x34 CMakeFiles/pak-gadget.dir/pak-gadget.c.obj
                0x0000000010001500                to_home_menu
 .text.but_ev_file_select
                0x0000000010001534       0xd0 CMakeFiles/pak-gadget.dir/pak-gadget.c.obj
                0x0000000010001534                but_ev_file_select
 .text.button_clear
                0x0000000010001604       0x24 CMakeFiles/pak-gadget.dir/pak-gadget.c.obj
                0x0000000010001604                button_clear
 .text.button_write
                0x0000000010001628       0x28 CMakeFiles/pak-gadget.dir/pak-gadget.c.obj
                0x0000000010001628                button_write
 .text.but_ev_up
                0x0000000010001650       0x44 CMakeFiles/pak-gadget.dir/pak-gadget.c.obj
                0x0000000010001650                but_ev_up
 .text.but_ev_down
                0x0000000010001694       0x5c CMakeFiles/pak-gadget.dir/pak-gadget.c.obj
                0x0000000010001694                but_ev_down
 .text.button_read
                0x00000000100016f0       0x28 CMakeFiles/pak-gadget.dir/pak-gadget.c.obj
                0x00000000100016f0                button_read
 .text.button_blank
                0x0000000010001718       0x6c CMakeFiles/pak-gadget.dir/pak-gadget.c.obj
                0x0000000010001718                button_blank
 .text.but_ev_select
                0x0000000010001784       0x48 CMakeFiles/pak-gadget.dir/pak-gadget.c.obj
                0x0000000010001784                but_ev_select
 .text.init_buttons
                0x00000000100017cc       0x48 CMakeFiles/pak-gadget.dir/pak-gadget.c.obj
                0x00000000100017cc                init_buttons
 .text.update_buttons
                0x0000000010001814       0xa8 CMakeFiles/pak-gadget.dir/pak-gadget.c.obj
                0x0000000010001814                update_buttons
 .text.main     0x00000000100018bc      0x9b8 CMakeFiles/pak-gadget.dir/pak-gadget.c.obj
                0x00000000100018bc                main
 .text.gpio_set_function
                0x0000000010002274       0x30 CMakeFiles/pak-gadget.dir/tree/downloaded_tools/pico/pico-sdk/src/rp2_common/hardware_gpio/gpio.c.obj
                0x0000000010002274                gpio_set_function
 .text.gpio_set_pulls
                0x00000000100022a4       0x34 CMakeFiles/pak-gadget.dir/tree/downloaded_tools/pico/pico-sdk/src/rp2_common/hardware_gpio/gpio.c.obj
                0x00000000100022a4                gpio_set_pulls
 .text.gpio_init
                0x00000000100022d8       0x16 CMakeFiles/pak-gadget.dir/tree/downloaded_tools/pico/pico-sdk/src/rp2_common/hardware_gpio/gpio.c.obj
                0x00000000100022d8                gpio_init
 *fill*         0x00000000100022ee        0x2 
 .text.hw_claim_lock
                0x00000000100022f0       0x18 CMakeFiles/pak-gadget.dir/tree/downloaded_tools/pico/pico-sdk/src/rp2_common/hardware_claim/claim.c.obj
                0x00000000100022f0                hw_claim_lock
 .text.hw_claim_unlock
                0x0000000010002308       0x14 CMakeFiles/pak-gadget.dir/tree/downloaded_tools/pico/pico-sdk/src/rp2_common/hardware_claim/claim.c.obj
                0x0000000010002308                hw_claim_unlock
 .text.hw_claim_or_assert
                0x000000001000231c       0x32 CMakeFiles/pak-gadget.dir/tree/downloaded_tools/pico/pico-sdk/src/rp2_common/hardware_claim/claim.c.obj
                0x000000001000231c                hw_claim_or_assert
 .text.hw_claim_unused_from_range
                0x000000001000234e       0x50 CMakeFiles/pak-gadget.dir/tree/downloaded_tools/pico/pico-sdk/src/rp2_common/hardware_claim/claim.c.obj
                0x000000001000234e                hw_claim_unused_from_range
 *fill*         0x000000001000239e        0x2 
 .text.running_on_fpga
                0x00000000100023a0       0x14 CMakeFiles/pak-gadget.dir/tree/downloaded_tools/pico/pico-sdk/src/rp2_common/pico_platform/platform.c.obj
                0x00000000100023a0                running_on_fpga
 .text.spin_locks_reset
                0x00000000100023b4       0x20 CMakeFiles/pak-gadget.dir/tree/downloaded_tools/pico/pico-sdk/src/rp2_common/hardware_sync/sync.c.obj
                0x00000000100023b4                spin_locks_reset
 .text.next_striped_spin_lock_num
                0x00000000100023d4       0x1c CMakeFiles/pak-gadget.dir/tree/downloaded_tools/pico/pico-sdk/src/rp2_common/hardware_sync/sync.c.obj
                0x00000000100023d4                next_striped_spin_lock_num
 .text.spin_lock_claim_unused
                0x00000000100023f0       0x20 CMakeFiles/pak-gadget.dir/tree/downloaded_tools/pico/pico-sdk/src/rp2_common/hardware_sync/sync.c.obj
                0x00000000100023f0                spin_lock_claim_unused
 .text.uart_set_baudrate
                0x0000000010002410       0x5c CMakeFiles/pak-gadget.dir/tree/downloaded_tools/pico/pico-sdk/src/rp2_common/hardware_uart/uart.c.obj
                0x0000000010002410                uart_set_baudrate
 .text.uart_set_translate_crlf
                0x000000001000246c       0x28 CMakeFiles/pak-gadget.dir/tree/downloaded_tools/pico/pico-sdk/src/rp2_common/hardware_uart/uart.c.obj
                0x000000001000246c                uart_set_translate_crlf
 .text.uart_init
                0x0000000010002494       0x80 CMakeFiles/pak-gadget.dir/tree/downloaded_tools/pico/pico-sdk/src/rp2_common/hardware_uart/uart.c.obj
                0x0000000010002494                uart_init
 .text.alarm_pool_post_alloc_init
                0x0000000010002514       0x40 CMakeFiles/pak-gadget.dir/tree/downloaded_tools/pico/pico-sdk/src/common/pico_time/time.c.obj
 .text.sleep_until_callback
                0x0000000010002554       0x30 CMakeFiles/pak-gadget.dir/tree/downloaded_tools/pico/pico-sdk/src/common/pico_time/time.c.obj
 .text.timer_pool_entry_comparator
                0x0000000010002584       0x7c CMakeFiles/pak-gadget.dir/tree/downloaded_tools/pico/pico-sdk/src/common/pico_time/time.c.obj
                0x0000000010002584                timer_pool_entry_comparator
 .text.ph_add_child_node
                0x0000000010002600       0xa4 CMakeFiles/pak-gadget.dir/tree/downloaded_tools/pico/pico-sdk/src/common/pico_time/time.c.obj
 .text.ph_merge_nodes
                0x00000000100026a4       0x3e CMakeFiles/pak-gadget.dir/tree/downloaded_tools/pico/pico-sdk/src/common/pico_time/time.c.obj
 *fill*         0x00000000100026e2        0x2 
 .text.add_alarm_under_lock
                0x00000000100026e4      0x174 CMakeFiles/pak-gadget.dir/tree/downloaded_tools/pico/pico-sdk/src/common/pico_time/time.c.obj
 .text.alarm_pool_alarm_callback
                0x0000000010002858      0x32c CMakeFiles/pak-gadget.dir/tree/downloaded_tools/pico/pico-sdk/src/common/pico_time/time.c.obj
 .text.alarm_pool_init_default
                0x0000000010002b84       0x38 CMakeFiles/pak-gadget.dir/tree/downloaded_tools/pico/pico-sdk/src/common/pico_time/time.c.obj
                0x0000000010002b84                alarm_pool_init_default
 .text.alarm_pool_get_default
                0x0000000010002bbc       0x2c CMakeFiles/pak-gadget.dir/tree/downloaded_tools/pico/pico-sdk/src/common/pico_time/time.c.obj
                0x0000000010002bbc                alarm_pool_get_default
 .text.alarm_pool_add_alarm_at
                0x0000000010002be8      0x170 CMakeFiles/pak-gadget.dir/tree/downloaded_tools/pico/pico-sdk/src/common/pico_time/time.c.obj
                0x0000000010002be8                alarm_pool_add_alarm_at
 .text.alarm_pool_cancel_alarm
                0x0000000010002d58       0xec CMakeFiles/pak-gadget.dir/tree/downloaded_tools/pico/pico-sdk/src/common/pico_time/time.c.obj
                0x0000000010002d58                alarm_pool_cancel_alarm
 .text.sleep_until
                0x0000000010002e44       0xfc CMakeFiles/pak-gadget.dir/tree/downloaded_tools/pico/pico-sdk/src/common/pico_time/time.c.obj
                0x0000000010002e44                sleep_until
 .text.sleep_us
                0x0000000010002f40       0x58 CMakeFiles/pak-gadget.dir/tree/downloaded_tools/pico/pico-sdk/src/common/pico_time/time.c.obj
                0x0000000010002f40                sleep_us
 .text.best_effort_wfe_or_timeout
                0x0000000010002f98       0x80 CMakeFiles/pak-gadget.dir/tree/downloaded_tools/pico/pico-sdk/src/common/pico_time/time.c.obj
                0x0000000010002f98                best_effort_wfe_or_timeout
 .text.hardware_alarm_irq_handler
                0x0000000010003018       0x8c CMakeFiles/pak-gadget.dir/tree/downloaded_tools/pico/pico-sdk/src/rp2_common/hardware_timer/timer.c.obj
 .text.hardware_alarm_claim
                0x00000000100030a4       0x18 CMakeFiles/pak-gadget.dir/tree/downloaded_tools/pico/pico-sdk/src/rp2_common/hardware_timer/timer.c.obj
                0x00000000100030a4                hardware_alarm_claim
 .text.time_us_64
                0x00000000100030bc       0x18 CMakeFiles/pak-gadget.dir/tree/downloaded_tools/pico/pico-sdk/src/rp2_common/hardware_timer/timer.c.obj
                0x00000000100030bc                time_us_64
 .text.busy_wait_until
                0x00000000100030d4       0x24 CMakeFiles/pak-gadget.dir/tree/downloaded_tools/pico/pico-sdk/src/rp2_common/hardware_timer/timer.c.obj
                0x00000000100030d4                busy_wait_until
 .text.busy_wait_us
                0x00000000100030f8       0x48 CMakeFiles/pak-gadget.dir/tree/downloaded_tools/pico/pico-sdk/src/rp2_common/hardware_timer/timer.c.obj
                0x00000000100030f8                busy_wait_us
 .text.hardware_alarm_set_callback
                0x0000000010003140       0x90 CMakeFiles/pak-gadget.dir/tree/downloaded_tools/pico/pico-sdk/src/rp2_common/hardware_timer/timer.c.obj
                0x0000000010003140                hardware_alarm_set_callback
 .text.hardware_alarm_set_target
                0x00000000100031d0       0xe8 CMakeFiles/pak-gadget.dir/tree/downloaded_tools/pico/pico-sdk/src/rp2_common/hardware_timer/timer.c.obj
                0x00000000100031d0                hardware_alarm_set_target
 .text.hardware_alarm_cancel
                0x00000000100032b8       0x40 CMakeFiles/pak-gadget.dir/tree/downloaded_tools/pico/pico-sdk/src/rp2_common/hardware_timer/timer.c.obj
                0x00000000100032b8                hardware_alarm_cancel
 .text.sem_init
                0x00000000100032f8       0x1e CMakeFiles/pak-gadget.dir/tree/downloaded_tools/pico/pico-sdk/src/common/pico_sync/sem.c.obj
                0x00000000100032f8                sem_init
 *fill*         0x0000000010003316        0x2 
 .text.lock_init
                0x0000000010003318       0x10 CMakeFiles/pak-gadget.dir/tree/downloaded_tools/pico/pico-sdk/src/common/pico_sync/lock_core.c.obj
                0x0000000010003318                lock_init
 .text.mutex_init_internal
                0x0000000010003328       0x1e CMakeFiles/pak-gadget.dir/tree/downloaded_tools/pico/pico-sdk/src/common/pico_sync/mutex.c.obj
 .text.mutex_init
                0x0000000010003346        0xa CMakeFiles/pak-gadget.dir/tree/downloaded_tools/pico/pico-sdk/src/common/pico_sync/mutex.c.obj
                0x0000000010003346                mutex_init
 .text.recursive_mutex_init
                0x0000000010003350        0xa CMakeFiles/pak-gadget.dir/tree/downloaded_tools/pico/pico-sdk/src/common/pico_sync/mutex.c.obj
                0x0000000010003350                recursive_mutex_init
 *fill*         0x000000001000335a        0x2 
 .text.critical_section_init_with_lock_num
                0x000000001000335c       0x14 CMakeFiles/pak-gadget.dir/tree/downloaded_tools/pico/pico-sdk/src/common/pico_sync/critical_section.c.obj
                0x000000001000335c                critical_section_init_with_lock_num
 .text.critical_section_init
                0x0000000010003370       0x14 CMakeFiles/pak-gadget.dir/tree/downloaded_tools/pico/pico-sdk/src/common/pico_sync/critical_section.c.obj
                0x0000000010003370                critical_section_init
 .text.ph_add_child_node
                0x0000000010003384       0xa4 CMakeFiles/pak-gadget.dir/tree/downloaded_tools/pico/pico-sdk/src/common/pico_util/pheap.c.obj
 .text.ph_merge_nodes
                0x0000000010003428       0x3e CMakeFiles/pak-gadget.dir/tree/downloaded_tools/pico/pico-sdk/src/common/pico_util/pheap.c.obj
 *fill*         0x0000000010003466        0x2 
 .text.ph_clear
                0x0000000010003468       0x70 CMakeFiles/pak-gadget.dir/tree/downloaded_tools/pico/pico-sdk/src/common/pico_util/pheap.c.obj
                0x0000000010003468                ph_clear
 .text.ph_post_alloc_init
                0x00000000100034d8        0xe CMakeFiles/pak-gadget.dir/tree/downloaded_tools/pico/pico-sdk/src/common/pico_util/pheap.c.obj
                0x00000000100034d8                ph_post_alloc_init
 *fill*         0x00000000100034e6        0x2 
 .text.ph_merge_two_pass
                0x00000000100034e8       0xa8 CMakeFiles/pak-gadget.dir/tree/downloaded_tools/pico/pico-sdk/src/common/pico_util/pheap.c.obj
                0x00000000100034e8                ph_merge_two_pass
 .text.ph_remove_any_head
                0x0000000010003590      0x108 CMakeFiles/pak-gadget.dir/tree/downloaded_tools/pico/pico-sdk/src/common/pico_util/pheap.c.obj
 .text.ph_remove_head
                0x0000000010003698       0x14 CMakeFiles/pak-gadget.dir/tree/downloaded_tools/pico/pico-sdk/src/common/pico_util/pheap.c.obj
                0x0000000010003698                ph_remove_head
 .text.ph_remove_and_free_node
                0x00000000100036ac       0xf8 CMakeFiles/pak-gadget.dir/tree/downloaded_tools/pico/pico-sdk/src/common/pico_util/pheap.c.obj
                0x00000000100036ac                ph_remove_and_free_node
 .text.runtime_init
                0x00000000100037a4       0xd8 CMakeFiles/pak-gadget.dir/tree/downloaded_tools/pico/pico-sdk/src/rp2_common/pico_runtime/runtime.c.obj
                0x00000000100037a4                runtime_init
 .text._exit    0x000000001000387c        0x4 CMakeFiles/pak-gadget.dir/tree/downloaded_tools/pico/pico-sdk/src/rp2_common/pico_runtime/runtime.c.obj
                0x000000001000387c                _exit
 .text._sbrk    0x0000000010003880       0x38 CMakeFiles/pak-gadget.dir/tree/downloaded_tools/pico/pico-sdk/src/rp2_common/pico_runtime/runtime.c.obj
                0x0000000010003880                _sbrk
 .text.exit     0x00000000100038b8        0x6 CMakeFiles/pak-gadget.dir/tree/downloaded_tools/pico/pico-sdk/src/rp2_common/pico_runtime/runtime.c.obj
                0x00000000100038b8                exit
 *fill*         0x00000000100038be        0x2 
 .text.__assert_func
                0x00000000100038c0       0x3c CMakeFiles/pak-gadget.dir/tree/downloaded_tools/pico/pico-sdk/src/rp2_common/pico_runtime/runtime.c.obj
                0x00000000100038c0                __assert_func
 .text.panic    0x00000000100038fc       0x30 CMakeFiles/pak-gadget.dir/tree/downloaded_tools/pico/pico-sdk/src/rp2_common/pico_runtime/runtime.c.obj
                0x00000000100038fc                panic
 .text.clock_configure
                0x000000001000392c      0x104 CMakeFiles/pak-gadget.dir/tree/downloaded_tools/pico/pico-sdk/src/rp2_common/hardware_clocks/clocks.c.obj
                0x000000001000392c                clock_configure
 .text.clocks_init
                0x0000000010003a30      0x100 CMakeFiles/pak-gadget.dir/tree/downloaded_tools/pico/pico-sdk/src/rp2_common/hardware_clocks/clocks.c.obj
                0x0000000010003a30                clocks_init
 .text.clock_get_hz
                0x0000000010003b30        0xc CMakeFiles/pak-gadget.dir/tree/downloaded_tools/pico/pico-sdk/src/rp2_common/hardware_clocks/clocks.c.obj
                0x0000000010003b30                clock_get_hz
 .text.set_raw_irq_handler_and_unlock
                0x0000000010003b3c       0x28 CMakeFiles/pak-gadget.dir/tree/downloaded_tools/pico/pico-sdk/src/rp2_common/hardware_irq/irq.c.obj
 .text.make_branch
                0x0000000010003b64       0x34 CMakeFiles/pak-gadget.dir/tree/downloaded_tools/pico/pico-sdk/src/rp2_common/hardware_irq/irq.c.obj
 .text.insert_branch_and_link
                0x0000000010003b98       0x40 CMakeFiles/pak-gadget.dir/tree/downloaded_tools/pico/pico-sdk/src/rp2_common/hardware_irq/irq.c.obj
 .text.irq_is_enabled
                0x0000000010003bd8       0x18 CMakeFiles/pak-gadget.dir/tree/downloaded_tools/pico/pico-sdk/src/rp2_common/hardware_irq/irq.c.obj
                0x0000000010003bd8                irq_is_enabled
 .text.irq_set_mask_enabled
                0x0000000010003bf0       0x20 CMakeFiles/pak-gadget.dir/tree/downloaded_tools/pico/pico-sdk/src/rp2_common/hardware_irq/irq.c.obj
                0x0000000010003bf0                irq_set_mask_enabled
 .text.irq_set_enabled
                0x0000000010003c10        0xe CMakeFiles/pak-gadget.dir/tree/downloaded_tools/pico/pico-sdk/src/rp2_common/hardware_irq/irq.c.obj
                0x0000000010003c10                irq_set_enabled
 *fill*         0x0000000010003c1e        0x2 
 .text.irq_set_pending
                0x0000000010003c20       0x10 CMakeFiles/pak-gadget.dir/tree/downloaded_tools/pico/pico-sdk/src/rp2_common/hardware_irq/irq.c.obj
                0x0000000010003c20                irq_set_pending
 .text.irq_get_vtable_handler
                0x0000000010003c30       0x10 CMakeFiles/pak-gadget.dir/tree/downloaded_tools/pico/pico-sdk/src/rp2_common/hardware_irq/irq.c.obj
                0x0000000010003c30                irq_get_vtable_handler
 .text.irq_set_exclusive_handler
                0x0000000010003c40       0x54 CMakeFiles/pak-gadget.dir/tree/downloaded_tools/pico/pico-sdk/src/rp2_common/hardware_irq/irq.c.obj
                0x0000000010003c40                irq_set_exclusive_handler
 .text.irq_remove_handler
                0x0000000010003c94      0x1ac CMakeFiles/pak-gadget.dir/tree/downloaded_tools/pico/pico-sdk/src/rp2_common/hardware_irq/irq.c.obj
                0x0000000010003c94                irq_remove_handler
 .text.irq_set_priority
                0x0000000010003e40       0x28 CMakeFiles/pak-gadget.dir/tree/downloaded_tools/pico/pico-sdk/src/rp2_common/hardware_irq/irq.c.obj
                0x0000000010003e40                irq_set_priority
 .text.irq_add_tail_to_free_list
                0x0000000010003e68       0xf0 CMakeFiles/pak-gadget.dir/tree/downloaded_tools/pico/pico-sdk/src/rp2_common/hardware_irq/irq.c.obj
                0x0000000010003e68                irq_add_tail_to_free_list
 .text.irq_init_priorities
                0x0000000010003f58       0x16 CMakeFiles/pak-gadget.dir/tree/downloaded_tools/pico/pico-sdk/src/rp2_common/hardware_irq/irq.c.obj
                0x0000000010003f58                irq_init_priorities
 *fill*         0x0000000010003f6e        0x2 
 .text.pll_init
                0x0000000010003f70      0x118 CMakeFiles/pak-gadget.dir/tree/downloaded_tools/pico/pico-sdk/src/rp2_common/hardware_pll/pll.c.obj
                0x0000000010003f70                pll_init
 .text.watchdog_start_tick
                0x0000000010004088       0x10 CMakeFiles/pak-gadget.dir/tree/downloaded_tools/pico/pico-sdk/src/rp2_common/hardware_watchdog/watchdog.c.obj
                0x0000000010004088                watchdog_start_tick
 .text.watchdog_update
                0x0000000010004098       0x14 CMakeFiles/pak-gadget.dir/tree/downloaded_tools/pico/pico-sdk/src/rp2_common/hardware_watchdog/watchdog.c.obj
                0x0000000010004098                watchdog_update
 .text._watchdog_enable
                0x00000000100040ac       0x70 CMakeFiles/pak-gadget.dir/tree/downloaded_tools/pico/pico-sdk/src/rp2_common/hardware_watchdog/watchdog.c.obj
                0x00000000100040ac                _watchdog_enable
 .text.watchdog_reboot
                0x000000001000411c       0x48 CMakeFiles/pak-gadget.dir/tree/downloaded_tools/pico/pico-sdk/src/rp2_common/hardware_watchdog/watchdog.c.obj
                0x000000001000411c                watchdog_reboot
 .text.xosc_init
                0x0000000010004164       0x28 CMakeFiles/pak-gadget.dir/tree/downloaded_tools/pico/pico-sdk/src/rp2_common/hardware_xosc/xosc.c.obj
                0x0000000010004164                xosc_init
 .text._out_buffer
                0x000000001000418c        0x8 CMakeFiles/pak-gadget.dir/tree/downloaded_tools/pico/pico-sdk/src/rp2_common/pico_printf/printf.c.obj
 .text._out_null
                0x0000000010004194        0x2 CMakeFiles/pak-gadget.dir/tree/downloaded_tools/pico/pico-sdk/src/rp2_common/pico_printf/printf.c.obj
 .text._out_fct
                0x0000000010004196        0xe CMakeFiles/pak-gadget.dir/tree/downloaded_tools/pico/pico-sdk/src/rp2_common/pico_printf/printf.c.obj
 .text._atoi    0x00000000100041a4       0x24 CMakeFiles/pak-gadget.dir/tree/downloaded_tools/pico/pico-sdk/src/rp2_common/pico_printf/printf.c.obj
 .text._out_rev
                0x00000000100041c8       0xae CMakeFiles/pak-gadget.dir/tree/downloaded_tools/pico/pico-sdk/src/rp2_common/pico_printf/printf.c.obj
 .text._ntoa_format
                0x0000000010004276      0x110 CMakeFiles/pak-gadget.dir/tree/downloaded_tools/pico/pico-sdk/src/rp2_common/pico_printf/printf.c.obj
 .text._ntoa_long
                0x0000000010004386       0xbc CMakeFiles/pak-gadget.dir/tree/downloaded_tools/pico/pico-sdk/src/rp2_common/pico_printf/printf.c.obj
 .text._ntoa_long_long
                0x0000000010004442       0xe2 CMakeFiles/pak-gadget.dir/tree/downloaded_tools/pico/pico-sdk/src/rp2_common/pico_printf/printf.c.obj
 .text._etoa    0x0000000010004524      0x40c CMakeFiles/pak-gadget.dir/tree/downloaded_tools/pico/pico-sdk/src/rp2_common/pico_printf/printf.c.obj
 .text._ftoa    0x0000000010004930      0x354 CMakeFiles/pak-gadget.dir/tree/downloaded_tools/pico/pico-sdk/src/rp2_common/pico_printf/printf.c.obj
 .text._vsnprintf
                0x0000000010004c84      0x628 CMakeFiles/pak-gadget.dir/tree/downloaded_tools/pico/pico-sdk/src/rp2_common/pico_printf/printf.c.obj
 .text.__wrap_sprintf
                0x00000000100052ac       0x28 CMakeFiles/pak-gadget.dir/tree/downloaded_tools/pico/pico-sdk/src/rp2_common/pico_printf/printf.c.obj
                0x00000000100052ac                __wrap_sprintf
 .text.vfctprintf
                0x00000000100052d4       0x20 CMakeFiles/pak-gadget.dir/tree/downloaded_tools/pico/pico-sdk/src/rp2_common/pico_printf/printf.c.obj
                0x00000000100052d4                vfctprintf
 .text          0x00000000100052f4       0x10 CMakeFiles/pak-gadget.dir/tree/downloaded_tools/pico/pico-sdk/src/rp2_common/pico_bit_ops/bit_ops_aeabi.S.obj
 .text.rom_func_lookup
                0x0000000010005304       0x10 CMakeFiles/pak-gadget.dir/tree/downloaded_tools/pico/pico-sdk/src/rp2_common/pico_bootrom/bootrom.c.obj
                0x0000000010005304                rom_func_lookup
 .text.rom_data_lookup
                0x0000000010005314       0x10 CMakeFiles/pak-gadget.dir/tree/downloaded_tools/pico/pico-sdk/src/rp2_common/pico_bootrom/bootrom.c.obj
                0x0000000010005314                rom_data_lookup
 .text.rom_funcs_lookup
                0x0000000010005324       0x36 CMakeFiles/pak-gadget.dir/tree/downloaded_tools/pico/pico-sdk/src/rp2_common/pico_bootrom/bootrom.c.obj
                0x0000000010005324                rom_funcs_lookup
 *fill*         0x000000001000535a        0x2 
 .text.__wrap___aeabi_idiv
                0x000000001000535c       0x50 CMakeFiles/pak-gadget.dir/tree/downloaded_tools/pico/pico-sdk/src/rp2_common/pico_divider/divider.S.obj
                0x000000001000535c                __wrap___aeabi_idivmod
                0x000000001000535c                divmod_s32s32
                0x000000001000535c                div_s32s32
                0x000000001000535c                __wrap___aeabi_idiv
                0x0000000010005364                divmod_s32s32_unsafe
                0x0000000010005390                divmod_s32s32_savestate
 .text.__wrap___aeabi_uidiv
                0x00000000100053ac       0x4c CMakeFiles/pak-gadget.dir/tree/downloaded_tools/pico/pico-sdk/src/rp2_common/pico_divider/divider.S.obj
                0x00000000100053ac                __wrap___aeabi_uidiv
                0x00000000100053ac                __wrap___aeabi_uidivmod
                0x00000000100053ac                div_u32u32
                0x00000000100053ac                divmod_u32u32
                0x00000000100053b4                divmod_u32u32_unsafe
                0x00000000100053dc                divmod_u32u32_savestate
 .text.__wrap___aeabi_ldiv
                0x00000000100053f8      0x430 CMakeFiles/pak-gadget.dir/tree/downloaded_tools/pico/pico-sdk/src/rp2_common/pico_divider/divider.S.obj
                0x00000000100053f8                div_s64s64
                0x00000000100053f8                divmod_s64s64
                0x00000000100053f8                __wrap___aeabi_ldivmod
                0x0000000010005430                div_u64u64
                0x0000000010005430                divmod_u64u64
                0x0000000010005430                __wrap___aeabi_uldivmod
                0x0000000010005440                divmod_u64u64_savestate
                0x0000000010005468                divmod_s64s64_unsafe
                0x00000000100054f0                divmod_u64u64_unsafe
 .text.__wrap___aeabi_darithmetic
                0x0000000010005828       0x80 CMakeFiles/pak-gadget.dir/tree/downloaded_tools/pico/pico-sdk/src/rp2_common/pico_double/double_aeabi.S.obj
                0x0000000010005828                __wrap___aeabi_drsub
                0x000000001000582e                __wrap___aeabi_dsub
                0x0000000010005840                __wrap___aeabi_dadd
                0x0000000010005852                __wrap___aeabi_ddiv
                0x000000001000588e                __wrap___aeabi_dmul
 .text.__wrap___aeabi_cdcmple
                0x00000000100058a8       0x6c CMakeFiles/pak-gadget.dir/tree/downloaded_tools/pico/pico-sdk/src/rp2_common/pico_double/double_aeabi.S.obj
                0x00000000100058a8                __wrap___aeabi_cdrcmple
                0x00000000100058b8                __wrap___aeabi_cdcmple
                0x00000000100058b8                __wrap___aeabi_cdcmpeq
 .text.__wrap___aeabi_dcmpeq
                0x0000000010005914       0x10 CMakeFiles/pak-gadget.dir/tree/downloaded_tools/pico/pico-sdk/src/rp2_common/pico_double/double_aeabi.S.obj
                0x0000000010005914                __wrap___aeabi_dcmpeq
 .text.__wrap___aeabi_dcmplt
                0x0000000010005924        0xc CMakeFiles/pak-gadget.dir/tree/downloaded_tools/pico/pico-sdk/src/rp2_common/pico_double/double_aeabi.S.obj
                0x0000000010005924                __wrap___aeabi_dcmplt
 .text.__wrap___aeabi_dcmple
                0x0000000010005930       0x10 CMakeFiles/pak-gadget.dir/tree/downloaded_tools/pico/pico-sdk/src/rp2_common/pico_double/double_aeabi.S.obj
                0x0000000010005930                __wrap___aeabi_dcmple
 .text.__wrap___aeabi_dcmpge
                0x0000000010005940       0x10 CMakeFiles/pak-gadget.dir/tree/downloaded_tools/pico/pico-sdk/src/rp2_common/pico_double/double_aeabi.S.obj
                0x0000000010005940                __wrap___aeabi_dcmpge
 .text.__wrap___aeabi_dcmpgt
                0x0000000010005950        0xa CMakeFiles/pak-gadget.dir/tree/downloaded_tools/pico/pico-sdk/src/rp2_common/pico_double/double_aeabi.S.obj
                0x0000000010005950                __wrap___aeabi_dcmpgt
 .text.__wrap___aeabi_dcmpun
                0x000000001000595a       0x1c CMakeFiles/pak-gadget.dir/tree/downloaded_tools/pico/pico-sdk/src/rp2_common/pico_double/double_aeabi.S.obj
                0x000000001000595a                __wrap___aeabi_dcmpun
 *fill*         0x0000000010005976        0x2 
 .text.__wrap___aeabi_i2d
                0x0000000010005978       0x38 CMakeFiles/pak-gadget.dir/tree/downloaded_tools/pico/pico-sdk/src/rp2_common/pico_double/double_aeabi.S.obj
                0x0000000010005978                __wrap___aeabi_ui2d
                0x0000000010005980                __wrap___aeabi_i2d
 .text.__wrap___aeabi_d2iz
                0x00000000100059b0       0x48 CMakeFiles/pak-gadget.dir/tree/downloaded_tools/pico/pico-sdk/src/rp2_common/pico_double/double_aeabi.S.obj
                0x00000000100059b0                __wrap___aeabi_d2iz
                0x00000000100059b0                double2int_z
 .text.__wrap___aeabi_d2uiz
                0x00000000100059f8       0x18 CMakeFiles/pak-gadget.dir/tree/downloaded_tools/pico/pico-sdk/src/rp2_common/pico_double/double_aeabi.S.obj
                0x00000000100059f8                double2uint
                0x00000000100059f8                __wrap___aeabi_d2uiz
 .text.__wrap___aeabi_l2d
                0x0000000010005a10       0x18 CMakeFiles/pak-gadget.dir/tree/downloaded_tools/pico/pico-sdk/src/rp2_common/pico_double/double_aeabi.S.obj
                0x0000000010005a10                __wrap___aeabi_l2d
 .text.__wrap___aeabi_d2lz
                0x0000000010005a28       0x26 CMakeFiles/pak-gadget.dir/tree/downloaded_tools/pico/pico-sdk/src/rp2_common/pico_double/double_aeabi.S.obj
                0x0000000010005a28                __wrap___aeabi_d2lz
                0x0000000010005a28                double2int64_z
 *fill*         0x0000000010005a4e        0x2 
 .text.double2int64
                0x0000000010005a50       0x18 CMakeFiles/pak-gadget.dir/tree/downloaded_tools/pico/pico-sdk/src/rp2_common/pico_double/double_aeabi.S.obj
                0x0000000010005a50                double2int64
 .text.double2ufix64
                0x0000000010005a68       0x18 CMakeFiles/pak-gadget.dir/tree/downloaded_tools/pico/pico-sdk/src/rp2_common/pico_double/double_aeabi.S.obj
                0x0000000010005a68                double2ufix64
 .text.__wrap___aeabi_d2f
                0x0000000010005a80       0x18 CMakeFiles/pak-gadget.dir/tree/downloaded_tools/pico/pico-sdk/src/rp2_common/pico_double/double_aeabi.S.obj
                0x0000000010005a80                __wrap___aeabi_d2f
 .text.__aeabi_double_init
                0x0000000010005a98       0xb4 CMakeFiles/pak-gadget.dir/tree/downloaded_tools/pico/pico-sdk/src/rp2_common/pico_double/double_init_rom.c.obj
                0x0000000010005a98                __aeabi_double_init
 .text.double_table_shim_on_use_helper
                0x0000000010005b4c       0x34 CMakeFiles/pak-gadget.dir/tree/downloaded_tools/pico/pico-sdk/src/rp2_common/pico_double/double_v1_rom_shim.S.obj
                0x0000000010005b4c                double_table_shim_on_use_helper
 .text.__wrap___aeabi_dsub
                0x0000000010005b80       0x10 CMakeFiles/pak-gadget.dir/tree/downloaded_tools/pico/pico-sdk/src/rp2_common/pico_double/double_v1_rom_shim.S.obj
                0x0000000010005b80                drsub_shim
                0x0000000010005b86                dsub_shim
 .text.dadd_shim
                0x0000000010005b90      0x15c CMakeFiles/pak-gadget.dir/tree/downloaded_tools/pico/pico-sdk/src/rp2_common/pico_double/double_v1_rom_shim.S.obj
                0x0000000010005b90                dadd_shim
 .text.dmul_shim
                0x0000000010005cec      0x15c CMakeFiles/pak-gadget.dir/tree/downloaded_tools/pico/pico-sdk/src/rp2_common/pico_double/double_v1_rom_shim.S.obj
                0x0000000010005cec                dmul_shim
 .text.ddiv_shim
                0x0000000010005e48      0x1b0 CMakeFiles/pak-gadget.dir/tree/downloaded_tools/pico/pico-sdk/src/rp2_common/pico_double/double_v1_rom_shim.S.obj
                0x0000000010005e48                ddiv_shim
 .text.dcordic_rot_step
                0x0000000010005ff8       0x7c CMakeFiles/pak-gadget.dir/tree/downloaded_tools/pico/pico-sdk/src/rp2_common/pico_double/double_v1_rom_shim.S.obj
                0x0000000010005ff8                dcordic_rot_step
 .text.double2uint_shim
                0x0000000010006074        0xe CMakeFiles/pak-gadget.dir/tree/downloaded_tools/pico/pico-sdk/src/rp2_common/pico_double/double_v1_rom_shim.S.obj
                0x0000000010006074                double2uint_shim
                0x0000000010006076                double2ufix_shim
 .text.double2int64_shim
                0x0000000010006082       0x1a CMakeFiles/pak-gadget.dir/tree/downloaded_tools/pico/pico-sdk/src/rp2_common/pico_double/double_v1_rom_shim.S.obj
                0x0000000010006082                double2int64_shim
                0x0000000010006084                double2fix64_shim
 .text.double2uint64_shim
                0x000000001000609c       0x6c CMakeFiles/pak-gadget.dir/tree/downloaded_tools/pico/pico-sdk/src/rp2_common/pico_double/double_v1_rom_shim.S.obj
                0x000000001000609c                double2uint64_shim
                0x000000001000609e                double2ufix64_shim
                0x00000000100060b8                d2fix_a
 .text.double2float_shim
                0x0000000010006108       0x5c CMakeFiles/pak-gadget.dir/tree/downloaded_tools/pico/pico-sdk/src/rp2_common/pico_double/double_v1_rom_shim.S.obj
                0x0000000010006108                double2float_shim
 .text.x2double_shims
                0x0000000010006164       0x90 CMakeFiles/pak-gadget.dir/tree/downloaded_tools/pico/pico-sdk/src/rp2_common/pico_double/double_v1_rom_shim.S.obj
                0x0000000010006164                uint2double_shim
                0x0000000010006166                ufix2double_shim
                0x000000001000616c                int2double_shim
                0x000000001000616e                fix2double_shim
                0x0000000010006174                uint642double_shim
                0x0000000010006176                ufix642double_shim
                0x000000001000617c                int642double_shim
                0x000000001000617e                fix642double_shim
 .text.dunpacks
                0x00000000100061f4       0x3c CMakeFiles/pak-gadget.dir/tree/downloaded_tools/pico/pico-sdk/src/rp2_common/pico_double/double_v1_rom_shim.S.obj
                0x00000000100061f4                dunpacks
 .text.__aeabi_lmul
                0x0000000010006230       0x32 CMakeFiles/pak-gadget.dir/tree/downloaded_tools/pico/pico-sdk/src/rp2_common/pico_int64_ops/pico_int64_ops_aeabi.S.obj
                0x0000000010006230                __wrap___aeabi_lmul
 *fill*         0x0000000010006262        0x2 
 .text.__wrap___aeabi_cfcmple
                0x0000000010006264       0x50 CMakeFiles/pak-gadget.dir/tree/downloaded_tools/pico/pico-sdk/src/rp2_common/pico_float/float_aeabi.S.obj
                0x0000000010006264                __wrap___aeabi_cfrcmple
                0x0000000010006270                __wrap___aeabi_cfcmpeq
                0x0000000010006270                __wrap___aeabi_cfcmple
 .text.__wrap___aeabi_fcmple
                0x00000000100062b4       0x10 CMakeFiles/pak-gadget.dir/tree/downloaded_tools/pico/pico-sdk/src/rp2_common/pico_float/float_aeabi.S.obj
                0x00000000100062b4                __wrap___aeabi_fcmple
 .text.__wrap___aeabi_fcmpun
                0x00000000100062c4       0x18 CMakeFiles/pak-gadget.dir/tree/downloaded_tools/pico/pico-sdk/src/rp2_common/pico_float/float_aeabi.S.obj
                0x00000000100062c4                __wrap___aeabi_fcmpun
 .text.__aeabi_float_init
                0x00000000100062dc       0xfc CMakeFiles/pak-gadget.dir/tree/downloaded_tools/pico/pico-sdk/src/rp2_common/pico_float/float_init_rom.c.obj
                0x00000000100062dc                __aeabi_float_init
 .text.float_table_shim_on_use_helper
                0x00000000100063d8       0x34 CMakeFiles/pak-gadget.dir/tree/downloaded_tools/pico/pico-sdk/src/rp2_common/pico_float/float_v1_rom_shim.S.obj
                0x00000000100063d8                float_table_shim_on_use_helper
 .text.__wrap_malloc
                0x000000001000640c       0x3c CMakeFiles/pak-gadget.dir/tree/downloaded_tools/pico/pico-sdk/src/rp2_common/pico_malloc/pico_malloc.c.obj
                0x000000001000640c                __wrap_malloc
 .text.__wrap_free
                0x0000000010006448       0x20 CMakeFiles/pak-gadget.dir/tree/downloaded_tools/pico/pico-sdk/src/rp2_common/pico_malloc/pico_malloc.c.obj
                0x0000000010006448                __wrap_free
 .text          0x0000000010006468       0x10 CMakeFiles/pak-gadget.dir/tree/downloaded_tools/pico/pico-sdk/src/rp2_common/pico_mem_ops/mem_ops_aeabi.S.obj
                0x0000000010006468                __aeabi_mem_init
 .text.memset   0x0000000010006478        0xc CMakeFiles/pak-gadget.dir/tree/downloaded_tools/pico/pico-sdk/src/rp2_common/pico_mem_ops/mem_ops_aeabi.S.obj
                0x0000000010006478                __wrap_memset
 .text.memcpy   0x0000000010006484        0xc CMakeFiles/pak-gadget.dir/tree/downloaded_tools/pico/pico-sdk/src/rp2_common/pico_mem_ops/mem_ops_aeabi.S.obj
                0x0000000010006484                __wrap___aeabi_memcpy
                0x0000000010006484                __wrap_memcpy
 .text.stdio_out_chars_crlf
                0x0000000010006490       0x80 CMakeFiles/pak-gadget.dir/tree/downloaded_tools/pico/pico-sdk/src/rp2_common/pico_stdio/stdio.c.obj
 .text.stdio_stack_buffer_flush
                0x0000000010006510       0x44 CMakeFiles/pak-gadget.dir/tree/downloaded_tools/pico/pico-sdk/src/rp2_common/pico_stdio/stdio.c.obj
 .text.stdio_buffered_printer
                0x0000000010006554       0x20 CMakeFiles/pak-gadget.dir/tree/downloaded_tools/pico/pico-sdk/src/rp2_common/pico_stdio/stdio.c.obj
 .text.stdio_get_until
                0x0000000010006574       0x80 CMakeFiles/pak-gadget.dir/tree/downloaded_tools/pico/pico-sdk/src/rp2_common/pico_stdio/stdio.c.obj
 .text.stdout_serialize_begin
                0x00000000100065f4       0x30 CMakeFiles/pak-gadget.dir/tree/downloaded_tools/pico/pico-sdk/src/rp2_common/pico_stdio/stdio.c.obj
                0x00000000100065f4                stdout_serialize_begin
 .text.stdout_serialize_end
                0x0000000010006624       0x10 CMakeFiles/pak-gadget.dir/tree/downloaded_tools/pico/pico-sdk/src/rp2_common/pico_stdio/stdio.c.obj
                0x0000000010006624                stdout_serialize_end
 .text.stdio_put_string
                0x0000000010006634       0x84 CMakeFiles/pak-gadget.dir/tree/downloaded_tools/pico/pico-sdk/src/rp2_common/pico_stdio/stdio.c.obj
 .text._read    0x00000000100066b8       0x24 CMakeFiles/pak-gadget.dir/tree/downloaded_tools/pico/pico-sdk/src/rp2_common/pico_stdio/stdio.c.obj
                0x00000000100066b8                _read
 .text._write   0x00000000100066dc       0x1e CMakeFiles/pak-gadget.dir/tree/downloaded_tools/pico/pico-sdk/src/rp2_common/pico_stdio/stdio.c.obj
                0x00000000100066dc                _write
 *fill*         0x00000000100066fa        0x2 
 .text.stdio_set_driver_enabled
                0x00000000100066fc       0x38 CMakeFiles/pak-gadget.dir/tree/downloaded_tools/pico/pico-sdk/src/rp2_common/pico_stdio/stdio.c.obj
                0x00000000100066fc                stdio_set_driver_enabled
 .text.stdio_flush
                0x0000000010006734       0x20 CMakeFiles/pak-gadget.dir/tree/downloaded_tools/pico/pico-sdk/src/rp2_common/pico_stdio/stdio.c.obj
                0x0000000010006734                stdio_flush
 .text.__wrap_puts
                0x0000000010006754       0x1c CMakeFiles/pak-gadget.dir/tree/downloaded_tools/pico/pico-sdk/src/rp2_common/pico_stdio/stdio.c.obj
                0x0000000010006754                __wrap_puts
 .text.__wrap_vprintf
                0x0000000010006770       0x44 CMakeFiles/pak-gadget.dir/tree/downloaded_tools/pico/pico-sdk/src/rp2_common/pico_stdio/stdio.c.obj
                0x0000000010006770                __wrap_vprintf
 .text.__wrap_printf
                0x00000000100067b4       0x18 CMakeFiles/pak-gadget.dir/tree/downloaded_tools/pico/pico-sdk/src/rp2_common/pico_stdio/stdio.c.obj
                0x00000000100067b4                __wrap_printf
 .text.stdio_init_all
                0x00000000100067cc        0xc CMakeFiles/pak-gadget.dir/tree/downloaded_tools/pico/pico-sdk/src/rp2_common/pico_stdio/stdio.c.obj
                0x00000000100067cc                stdio_init_all
 .text.stdio_uart_out_chars
                0x00000000100067d8       0x74 CMakeFiles/pak-gadget.dir/tree/downloaded_tools/pico/pico-sdk/src/rp2_common/pico_stdio_uart/stdio_uart.c.obj
 .text.stdio_uart_in_chars
                0x000000001000684c       0x54 CMakeFiles/pak-gadget.dir/tree/downloaded_tools/pico/pico-sdk/src/rp2_common/pico_stdio_uart/stdio_uart.c.obj
                0x000000001000684c                stdio_uart_in_chars
 .text.stdio_uart_init_full
                0x00000000100068a0       0x3c CMakeFiles/pak-gadget.dir/tree/downloaded_tools/pico/pico-sdk/src/rp2_common/pico_stdio_uart/stdio_uart.c.obj
                0x00000000100068a0                stdio_uart_init_full
 .text.stdio_uart_init
                0x00000000100068dc       0x28 CMakeFiles/pak-gadget.dir/tree/downloaded_tools/pico/pico-sdk/src/rp2_common/pico_stdio_uart/stdio_uart.c.obj
                0x00000000100068dc                stdio_uart_init
 .text.resetd_init
                0x0000000010006904        0x2 CMakeFiles/pak-gadget.dir/tree/downloaded_tools/pico/pico-sdk/src/rp2_common/pico_stdio_usb/reset_interface.c.obj
 *fill*         0x0000000010006906        0x2 
 .text.resetd_reset
                0x0000000010006908        0xc CMakeFiles/pak-gadget.dir/tree/downloaded_tools/pico/pico-sdk/src/rp2_common/pico_stdio_usb/reset_interface.c.obj
 .text.resetd_open
                0x0000000010006914       0x34 CMakeFiles/pak-gadget.dir/tree/downloaded_tools/pico/pico-sdk/src/rp2_common/pico_stdio_usb/reset_interface.c.obj
 .text.resetd_xfer_cb
                0x0000000010006948        0x4 CMakeFiles/pak-gadget.dir/tree/downloaded_tools/pico/pico-sdk/src/rp2_common/pico_stdio_usb/reset_interface.c.obj
 .text.resetd_control_xfer_cb
                0x000000001000694c       0x6c CMakeFiles/pak-gadget.dir/tree/downloaded_tools/pico/pico-sdk/src/rp2_common/pico_stdio_usb/reset_interface.c.obj
 .text.usbd_app_driver_get_cb
                0x00000000100069b8        0xc CMakeFiles/pak-gadget.dir/tree/downloaded_tools/pico/pico-sdk/src/rp2_common/pico_stdio_usb/reset_interface.c.obj
                0x00000000100069b8                usbd_app_driver_get_cb
 .text.tud_cdc_line_coding_cb
                0x00000000100069c4       0x34 CMakeFiles/pak-gadget.dir/tree/downloaded_tools/pico/pico-sdk/src/rp2_common/pico_stdio_usb/reset_interface.c.obj
                0x00000000100069c4                tud_cdc_line_coding_cb
 .text.stdio_usb_in_chars
                0x00000000100069f8       0x70 CMakeFiles/pak-gadget.dir/tree/downloaded_tools/pico/pico-sdk/src/rp2_common/pico_stdio_usb/stdio_usb.c.obj
                0x00000000100069f8                stdio_usb_in_chars
 .text.low_priority_worker_irq
                0x0000000010006a68       0x20 CMakeFiles/pak-gadget.dir/tree/downloaded_tools/pico/pico-sdk/src/rp2_common/pico_stdio_usb/stdio_usb.c.obj
 .text.stdio_usb_out_chars
                0x0000000010006a88       0xd4 CMakeFiles/pak-gadget.dir/tree/downloaded_tools/pico/pico-sdk/src/rp2_common/pico_stdio_usb/stdio_usb.c.obj
 .text.timer_task
                0x0000000010006b5c       0x10 CMakeFiles/pak-gadget.dir/tree/downloaded_tools/pico/pico-sdk/src/rp2_common/pico_stdio_usb/stdio_usb.c.obj
 .text.stdio_usb_init
                0x0000000010006b6c       0xb8 CMakeFiles/pak-gadget.dir/tree/downloaded_tools/pico/pico-sdk/src/rp2_common/pico_stdio_usb/stdio_usb.c.obj
                0x0000000010006b6c                stdio_usb_init
 .text.tud_descriptor_device_cb
                0x0000000010006c24        0x8 CMakeFiles/pak-gadget.dir/tree/downloaded_tools/pico/pico-sdk/src/rp2_common/pico_stdio_usb/stdio_usb_descriptors.c.obj
                0x0000000010006c24                tud_descriptor_device_cb
 .text.tud_descriptor_configuration_cb
                0x0000000010006c2c        0x8 CMakeFiles/pak-gadget.dir/tree/downloaded_tools/pico/pico-sdk/src/rp2_common/pico_stdio_usb/stdio_usb_descriptors.c.obj
                0x0000000010006c2c                tud_descriptor_configuration_cb
 .text.tud_descriptor_string_cb
                0x0000000010006c34       0x68 CMakeFiles/pak-gadget.dir/tree/downloaded_tools/pico/pico-sdk/src/rp2_common/pico_stdio_usb/stdio_usb_descriptors.c.obj
                0x0000000010006c34                tud_descriptor_string_cb
 .text.hw_endpoint_get_by_addr
                0x0000000010006c9c       0x18 CMakeFiles/pak-gadget.dir/tree/downloaded_tools/pico/pico-sdk/lib/tinyusb/src/portable/raspberrypi/rp2040/dcd_rp2040.c.obj
 .text.reset_ep0
                0x0000000010006cb4       0x2c CMakeFiles/pak-gadget.dir/tree/downloaded_tools/pico/pico-sdk/lib/tinyusb/src/portable/raspberrypi/rp2040/dcd_rp2040.c.obj
 .text._hw_endpoint_alloc
                0x0000000010006ce0       0x80 CMakeFiles/pak-gadget.dir/tree/downloaded_tools/pico/pico-sdk/lib/tinyusb/src/portable/raspberrypi/rp2040/dcd_rp2040.c.obj
 .text._hw_endpoint_init
                0x0000000010006d60       0xbc CMakeFiles/pak-gadget.dir/tree/downloaded_tools/pico/pico-sdk/lib/tinyusb/src/portable/raspberrypi/rp2040/dcd_rp2040.c.obj
 .text.hw_endpoint_init
                0x0000000010006e1c       0x18 CMakeFiles/pak-gadget.dir/tree/downloaded_tools/pico/pico-sdk/lib/tinyusb/src/portable/raspberrypi/rp2040/dcd_rp2040.c.obj
 .text.hw_handle_buff_status
                0x0000000010006e34       0xb4 CMakeFiles/pak-gadget.dir/tree/downloaded_tools/pico/pico-sdk/lib/tinyusb/src/portable/raspberrypi/rp2040/dcd_rp2040.c.obj
 .text.dcd_rp2040_irq
                0x0000000010006ee8       0xa8 CMakeFiles/pak-gadget.dir/tree/downloaded_tools/pico/pico-sdk/lib/tinyusb/src/portable/raspberrypi/rp2040/dcd_rp2040.c.obj
 .text.hw_endpoint_xfer
                0x0000000010006f90       0x18 CMakeFiles/pak-gadget.dir/tree/downloaded_tools/pico/pico-sdk/lib/tinyusb/src/portable/raspberrypi/rp2040/dcd_rp2040.c.obj
 .text.ep0_0len_status
                0x0000000010006fa8       0x14 CMakeFiles/pak-gadget.dir/tree/downloaded_tools/pico/pico-sdk/lib/tinyusb/src/portable/raspberrypi/rp2040/dcd_rp2040.c.obj
 .text._hw_endpoint_stall
                0x0000000010006fbc       0x54 CMakeFiles/pak-gadget.dir/tree/downloaded_tools/pico/pico-sdk/lib/tinyusb/src/portable/raspberrypi/rp2040/dcd_rp2040.c.obj
 .text.hw_endpoint_stall
                0x0000000010007010        0xc CMakeFiles/pak-gadget.dir/tree/downloaded_tools/pico/pico-sdk/lib/tinyusb/src/portable/raspberrypi/rp2040/dcd_rp2040.c.obj
 .text._hw_endpoint_clear_stall
                0x000000001000701c       0x34 CMakeFiles/pak-gadget.dir/tree/downloaded_tools/pico/pico-sdk/lib/tinyusb/src/portable/raspberrypi/rp2040/dcd_rp2040.c.obj
 .text.hw_endpoint_clear_stall
                0x0000000010007050        0xc CMakeFiles/pak-gadget.dir/tree/downloaded_tools/pico/pico-sdk/lib/tinyusb/src/portable/raspberrypi/rp2040/dcd_rp2040.c.obj
 .text.dcd_int_enable
                0x000000001000705c       0x2c CMakeFiles/pak-gadget.dir/tree/downloaded_tools/pico/pico-sdk/lib/tinyusb/src/portable/raspberrypi/rp2040/dcd_rp2040.c.obj
                0x000000001000705c                dcd_int_enable
 .text.dcd_set_address
                0x0000000010007088       0x28 CMakeFiles/pak-gadget.dir/tree/downloaded_tools/pico/pico-sdk/lib/tinyusb/src/portable/raspberrypi/rp2040/dcd_rp2040.c.obj
                0x0000000010007088                dcd_set_address
 .text.dcd_connect
                0x00000000100070b0       0x30 CMakeFiles/pak-gadget.dir/tree/downloaded_tools/pico/pico-sdk/lib/tinyusb/src/portable/raspberrypi/rp2040/dcd_rp2040.c.obj
                0x00000000100070b0                dcd_connect
 .text.dcd_init
                0x00000000100070e0       0x84 CMakeFiles/pak-gadget.dir/tree/downloaded_tools/pico/pico-sdk/lib/tinyusb/src/portable/raspberrypi/rp2040/dcd_rp2040.c.obj
                0x00000000100070e0                dcd_init
 .text.dcd_edpt0_status_complete
                0x0000000010007164       0x40 CMakeFiles/pak-gadget.dir/tree/downloaded_tools/pico/pico-sdk/lib/tinyusb/src/portable/raspberrypi/rp2040/dcd_rp2040.c.obj
                0x0000000010007164                dcd_edpt0_status_complete
 .text.dcd_edpt_open
                0x00000000100071a4       0x40 CMakeFiles/pak-gadget.dir/tree/downloaded_tools/pico/pico-sdk/lib/tinyusb/src/portable/raspberrypi/rp2040/dcd_rp2040.c.obj
                0x00000000100071a4                dcd_edpt_open
 .text.dcd_edpt_xfer
                0x00000000100071e4       0x34 CMakeFiles/pak-gadget.dir/tree/downloaded_tools/pico/pico-sdk/lib/tinyusb/src/portable/raspberrypi/rp2040/dcd_rp2040.c.obj
                0x00000000100071e4                dcd_edpt_xfer
 .text.dcd_edpt_stall
                0x0000000010007218       0x28 CMakeFiles/pak-gadget.dir/tree/downloaded_tools/pico/pico-sdk/lib/tinyusb/src/portable/raspberrypi/rp2040/dcd_rp2040.c.obj
                0x0000000010007218                dcd_edpt_stall
 .text.dcd_edpt_clear_stall
                0x0000000010007240       0x2c CMakeFiles/pak-gadget.dir/tree/downloaded_tools/pico/pico-sdk/lib/tinyusb/src/portable/raspberrypi/rp2040/dcd_rp2040.c.obj
                0x0000000010007240                dcd_edpt_clear_stall
 .text.rp2040_usb_init
                0x000000001000726c       0x50 CMakeFiles/pak-gadget.dir/tree/downloaded_tools/pico/pico-sdk/lib/tinyusb/src/portable/raspberrypi/rp2040/rp2040_usb.c.obj
                0x000000001000726c                rp2040_usb_init
 .text.hw_endpoint_reset_transfer
                0x00000000100072bc       0x10 CMakeFiles/pak-gadget.dir/tree/downloaded_tools/pico/pico-sdk/lib/tinyusb/src/portable/raspberrypi/rp2040/rp2040_usb.c.obj
                0x00000000100072bc                hw_endpoint_reset_transfer
 .text._hw_endpoint_buffer_control_update32
                0x00000000100072cc       0x58 CMakeFiles/pak-gadget.dir/tree/downloaded_tools/pico/pico-sdk/lib/tinyusb/src/portable/raspberrypi/rp2040/rp2040_usb.c.obj
                0x00000000100072cc                _hw_endpoint_buffer_control_update32
 .text._hw_endpoint_start_next_buffer
                0x0000000010007324       0x50 CMakeFiles/pak-gadget.dir/tree/downloaded_tools/pico/pico-sdk/lib/tinyusb/src/portable/raspberrypi/rp2040/rp2040_usb.c.obj
                0x0000000010007324                _hw_endpoint_start_next_buffer
 .text._hw_endpoint_xfer_start
                0x0000000010007374       0x3e CMakeFiles/pak-gadget.dir/tree/downloaded_tools/pico/pico-sdk/lib/tinyusb/src/portable/raspberrypi/rp2040/rp2040_usb.c.obj
                0x0000000010007374                _hw_endpoint_xfer_start
 *fill*         0x00000000100073b2        0x2 
 .text._hw_endpoint_xfer_sync
                0x00000000100073b4       0x74 CMakeFiles/pak-gadget.dir/tree/downloaded_tools/pico/pico-sdk/lib/tinyusb/src/portable/raspberrypi/rp2040/rp2040_usb.c.obj
                0x00000000100073b4                _hw_endpoint_xfer_sync
 .text._hw_endpoint_xfer_continue
                0x0000000010007428       0x60 CMakeFiles/pak-gadget.dir/tree/downloaded_tools/pico/pico-sdk/lib/tinyusb/src/portable/raspberrypi/rp2040/rp2040_usb.c.obj
                0x0000000010007428                _hw_endpoint_xfer_continue
 .text._hw_endpoint_xfer
                0x0000000010007488       0x34 CMakeFiles/pak-gadget.dir/tree/downloaded_tools/pico/pico-sdk/lib/tinyusb/src/portable/raspberrypi/rp2040/rp2040_usb.c.obj
                0x0000000010007488                _hw_endpoint_xfer
 .text.mark_interface_endpoint
                0x00000000100074bc       0x2a CMakeFiles/pak-gadget.dir/tree/downloaded_tools/pico/pico-sdk/lib/tinyusb/src/device/usbd.c.obj
 *fill*         0x00000000100074e6        0x2 
 .text.usbd_reset
                0x00000000100074e8       0x88 CMakeFiles/pak-gadget.dir/tree/downloaded_tools/pico/pico-sdk/lib/tinyusb/src/device/usbd.c.obj
 .text.invoke_class_control
                0x0000000010007570       0x1a CMakeFiles/pak-gadget.dir/tree/downloaded_tools/pico/pico-sdk/lib/tinyusb/src/device/usbd.c.obj
 *fill*         0x000000001000758a        0x2 
 .text.process_set_config
                0x000000001000758c      0x1d0 CMakeFiles/pak-gadget.dir/tree/downloaded_tools/pico/pico-sdk/lib/tinyusb/src/device/usbd.c.obj
 .text.process_get_descriptor
                0x000000001000775c       0xf8 CMakeFiles/pak-gadget.dir/tree/downloaded_tools/pico/pico-sdk/lib/tinyusb/src/device/usbd.c.obj
 .text.tud_mounted
                0x0000000010007854       0x10 CMakeFiles/pak-gadget.dir/tree/downloaded_tools/pico/pico-sdk/lib/tinyusb/src/device/usbd.c.obj
                0x0000000010007854                tud_mounted
 .text.tud_suspended
                0x0000000010007864       0x10 CMakeFiles/pak-gadget.dir/tree/downloaded_tools/pico/pico-sdk/lib/tinyusb/src/device/usbd.c.obj
                0x0000000010007864                tud_suspended
 .text.tud_inited
                0x0000000010007874        0xc CMakeFiles/pak-gadget.dir/tree/downloaded_tools/pico/pico-sdk/lib/tinyusb/src/device/usbd.c.obj
                0x0000000010007874                tud_inited
 .text.tud_init
                0x0000000010007880       0xcc CMakeFiles/pak-gadget.dir/tree/downloaded_tools/pico/pico-sdk/lib/tinyusb/src/device/usbd.c.obj
                0x0000000010007880                tud_init
 .text.dcd_event_handler
                0x000000001000794c      0x174 CMakeFiles/pak-gadget.dir/tree/downloaded_tools/pico/pico-sdk/lib/tinyusb/src/device/usbd.c.obj
                0x000000001000794c                dcd_event_handler
 .text.dcd_event_bus_signal
                0x0000000010007ac0       0x26 CMakeFiles/pak-gadget.dir/tree/downloaded_tools/pico/pico-sdk/lib/tinyusb/src/device/usbd.c.obj
                0x0000000010007ac0                dcd_event_bus_signal
 .text.dcd_event_bus_reset
                0x0000000010007ae6       0x2a CMakeFiles/pak-gadget.dir/tree/downloaded_tools/pico/pico-sdk/lib/tinyusb/src/device/usbd.c.obj
                0x0000000010007ae6                dcd_event_bus_reset
 .text.dcd_event_setup_received
                0x0000000010007b10       0x34 CMakeFiles/pak-gadget.dir/tree/downloaded_tools/pico/pico-sdk/lib/tinyusb/src/device/usbd.c.obj
                0x0000000010007b10                dcd_event_setup_received
 .text.dcd_event_xfer_complete
                0x0000000010007b44       0x44 CMakeFiles/pak-gadget.dir/tree/downloaded_tools/pico/pico-sdk/lib/tinyusb/src/device/usbd.c.obj
                0x0000000010007b44                dcd_event_xfer_complete
 .text.usbd_edpt_open
                0x0000000010007b88       0xe0 CMakeFiles/pak-gadget.dir/tree/downloaded_tools/pico/pico-sdk/lib/tinyusb/src/device/usbd.c.obj
                0x0000000010007b88                usbd_edpt_open
 .text.usbd_open_edpt_pair
                0x0000000010007c68       0x8c CMakeFiles/pak-gadget.dir/tree/downloaded_tools/pico/pico-sdk/lib/tinyusb/src/device/usbd.c.obj
                0x0000000010007c68                usbd_open_edpt_pair
 .text.usbd_edpt_claim
                0x0000000010007cf4       0x8c CMakeFiles/pak-gadget.dir/tree/downloaded_tools/pico/pico-sdk/lib/tinyusb/src/device/usbd.c.obj
                0x0000000010007cf4                usbd_edpt_claim
 .text.usbd_edpt_release
                0x0000000010007d80       0x68 CMakeFiles/pak-gadget.dir/tree/downloaded_tools/pico/pico-sdk/lib/tinyusb/src/device/usbd.c.obj
                0x0000000010007d80                usbd_edpt_release
 .text.usbd_edpt_xfer
                0x0000000010007de8       0x80 CMakeFiles/pak-gadget.dir/tree/downloaded_tools/pico/pico-sdk/lib/tinyusb/src/device/usbd.c.obj
                0x0000000010007de8                usbd_edpt_xfer
 .text.usbd_edpt_stall
                0x0000000010007e68       0x2c CMakeFiles/pak-gadget.dir/tree/downloaded_tools/pico/pico-sdk/lib/tinyusb/src/device/usbd.c.obj
                0x0000000010007e68                usbd_edpt_stall
 .text.usbd_edpt_clear_stall
                0x0000000010007e94       0x2c CMakeFiles/pak-gadget.dir/tree/downloaded_tools/pico/pico-sdk/lib/tinyusb/src/device/usbd.c.obj
                0x0000000010007e94                usbd_edpt_clear_stall
 .text.usbd_edpt_stalled
                0x0000000010007ec0       0x1c CMakeFiles/pak-gadget.dir/tree/downloaded_tools/pico/pico-sdk/lib/tinyusb/src/device/usbd.c.obj
                0x0000000010007ec0                usbd_edpt_stalled
 .text.process_control_request
                0x0000000010007edc      0x380 CMakeFiles/pak-gadget.dir/tree/downloaded_tools/pico/pico-sdk/lib/tinyusb/src/device/usbd.c.obj
 .text.tud_task
                0x000000001000825c      0x204 CMakeFiles/pak-gadget.dir/tree/downloaded_tools/pico/pico-sdk/lib/tinyusb/src/device/usbd.c.obj
                0x000000001000825c                tud_task
 .text._data_stage_xact
                0x0000000010008460       0x58 CMakeFiles/pak-gadget.dir/tree/downloaded_tools/pico/pico-sdk/lib/tinyusb/src/device/usbd_control.c.obj
 .text.tud_control_status
                0x00000000100084b8       0x38 CMakeFiles/pak-gadget.dir/tree/downloaded_tools/pico/pico-sdk/lib/tinyusb/src/device/usbd_control.c.obj
                0x00000000100084b8                tud_control_status
 .text.tud_control_xfer
                0x00000000100084f0       0xa8 CMakeFiles/pak-gadget.dir/tree/downloaded_tools/pico/pico-sdk/lib/tinyusb/src/device/usbd_control.c.obj
                0x00000000100084f0                tud_control_xfer
 .text.usbd_control_reset
                0x0000000010008598       0x14 CMakeFiles/pak-gadget.dir/tree/downloaded_tools/pico/pico-sdk/lib/tinyusb/src/device/usbd_control.c.obj
                0x0000000010008598                usbd_control_reset
 .text.usbd_control_set_complete_callback
                0x00000000100085ac        0xc CMakeFiles/pak-gadget.dir/tree/downloaded_tools/pico/pico-sdk/lib/tinyusb/src/device/usbd_control.c.obj
                0x00000000100085ac                usbd_control_set_complete_callback
 .text.usbd_control_set_request
                0x00000000100085b8       0x1c CMakeFiles/pak-gadget.dir/tree/downloaded_tools/pico/pico-sdk/lib/tinyusb/src/device/usbd_control.c.obj
                0x00000000100085b8                usbd_control_set_request
 .text.usbd_control_xfer_cb
                0x00000000100085d4       0xfc CMakeFiles/pak-gadget.dir/tree/downloaded_tools/pico/pico-sdk/lib/tinyusb/src/device/usbd_control.c.obj
                0x00000000100085d4                usbd_control_xfer_cb
 .text._prep_out_transaction
                0x00000000100086d0       0x46 CMakeFiles/pak-gadget.dir/tree/downloaded_tools/pico/pico-sdk/lib/tinyusb/src/class/cdc/cdc_device.c.obj
 *fill*         0x0000000010008716        0x2 
 .text.tud_cdc_n_connected
                0x0000000010008718       0x44 CMakeFiles/pak-gadget.dir/tree/downloaded_tools/pico/pico-sdk/lib/tinyusb/src/class/cdc/cdc_device.c.obj
                0x0000000010008718                tud_cdc_n_connected
 .text.tud_cdc_n_available
                0x000000001000875c       0x18 CMakeFiles/pak-gadget.dir/tree/downloaded_tools/pico/pico-sdk/lib/tinyusb/src/class/cdc/cdc_device.c.obj
                0x000000001000875c                tud_cdc_n_available
 .text.tud_cdc_n_read
                0x0000000010008774       0x28 CMakeFiles/pak-gadget.dir/tree/downloaded_tools/pico/pico-sdk/lib/tinyusb/src/class/cdc/cdc_device.c.obj
                0x0000000010008774                tud_cdc_n_read
 .text.tud_cdc_n_write_flush
                0x000000001000879c       0xcc CMakeFiles/pak-gadget.dir/tree/downloaded_tools/pico/pico-sdk/lib/tinyusb/src/class/cdc/cdc_device.c.obj
                0x000000001000879c                tud_cdc_n_write_flush
 .text.tud_cdc_n_write
                0x0000000010008868       0x38 CMakeFiles/pak-gadget.dir/tree/downloaded_tools/pico/pico-sdk/lib/tinyusb/src/class/cdc/cdc_device.c.obj
                0x0000000010008868                tud_cdc_n_write
 .text.tud_cdc_n_write_available
                0x00000000100088a0       0x1c CMakeFiles/pak-gadget.dir/tree/downloaded_tools/pico/pico-sdk/lib/tinyusb/src/class/cdc/cdc_device.c.obj
                0x00000000100088a0                tud_cdc_n_write_available
 .text.cdcd_init
                0x00000000100088bc       0xbc CMakeFiles/pak-gadget.dir/tree/downloaded_tools/pico/pico-sdk/lib/tinyusb/src/class/cdc/cdc_device.c.obj
                0x00000000100088bc                cdcd_init
 .text.cdcd_reset
                0x0000000010008978       0x44 CMakeFiles/pak-gadget.dir/tree/downloaded_tools/pico/pico-sdk/lib/tinyusb/src/class/cdc/cdc_device.c.obj
                0x0000000010008978                cdcd_reset
 .text.cdcd_open
                0x00000000100089bc      0x10c CMakeFiles/pak-gadget.dir/tree/downloaded_tools/pico/pico-sdk/lib/tinyusb/src/class/cdc/cdc_device.c.obj
                0x00000000100089bc                cdcd_open
 .text.cdcd_control_xfer_cb
                0x0000000010008ac8      0x134 CMakeFiles/pak-gadget.dir/tree/downloaded_tools/pico/pico-sdk/lib/tinyusb/src/class/cdc/cdc_device.c.obj
                0x0000000010008ac8                cdcd_control_xfer_cb
 .text.cdcd_xfer_cb
                0x0000000010008bfc      0x144 CMakeFiles/pak-gadget.dir/tree/downloaded_tools/pico/pico-sdk/lib/tinyusb/src/class/cdc/cdc_device.c.obj
                0x0000000010008bfc                cdcd_xfer_cb
 .text.tusb_init
                0x0000000010008d40       0x24 CMakeFiles/pak-gadget.dir/tree/downloaded_tools/pico/pico-sdk/lib/tinyusb/src/tusb.c.obj
                0x0000000010008d40                tusb_init
 .text.tusb_inited
                0x0000000010008d64        0xe CMakeFiles/pak-gadget.dir/tree/downloaded_tools/pico/pico-sdk/lib/tinyusb/src/tusb.c.obj
                0x0000000010008d64                tusb_inited
 .text.advance_pointer
                0x0000000010008d72       0x1e CMakeFiles/pak-gadget.dir/tree/downloaded_tools/pico/pico-sdk/lib/tinyusb/src/common/tusb_fifo.c.obj
 .text.backward_pointer
                0x0000000010008d90       0x1a CMakeFiles/pak-gadget.dir/tree/downloaded_tools/pico/pico-sdk/lib/tinyusb/src/common/tusb_fifo.c.obj
 .text.get_relative_pointer
                0x0000000010008daa       0x10 CMakeFiles/pak-gadget.dir/tree/downloaded_tools/pico/pico-sdk/lib/tinyusb/src/common/tusb_fifo.c.obj
 .text._tu_fifo_peek
                0x0000000010008dba       0x50 CMakeFiles/pak-gadget.dir/tree/downloaded_tools/pico/pico-sdk/lib/tinyusb/src/common/tusb_fifo.c.obj
 .text._ff_pull_const_addr
                0x0000000010008e0a       0x4c CMakeFiles/pak-gadget.dir/tree/downloaded_tools/pico/pico-sdk/lib/tinyusb/src/common/tusb_fifo.c.obj
 .text._ff_pull_n
                0x0000000010008e56      0x10c CMakeFiles/pak-gadget.dir/tree/downloaded_tools/pico/pico-sdk/lib/tinyusb/src/common/tusb_fifo.c.obj
 .text._tu_fifo_peek_n
                0x0000000010008f62       0x5e CMakeFiles/pak-gadget.dir/tree/downloaded_tools/pico/pico-sdk/lib/tinyusb/src/common/tusb_fifo.c.obj
 .text._tu_fifo_read_n
                0x0000000010008fc0       0x4e CMakeFiles/pak-gadget.dir/tree/downloaded_tools/pico/pico-sdk/lib/tinyusb/src/common/tusb_fifo.c.obj
 .text._ff_push_const_addr
                0x000000001000900e       0x40 CMakeFiles/pak-gadget.dir/tree/downloaded_tools/pico/pico-sdk/lib/tinyusb/src/common/tusb_fifo.c.obj
 .text._ff_push_n
                0x000000001000904e      0x106 CMakeFiles/pak-gadget.dir/tree/downloaded_tools/pico/pico-sdk/lib/tinyusb/src/common/tusb_fifo.c.obj
 .text._tu_fifo_write_n
                0x0000000010009154       0x9e CMakeFiles/pak-gadget.dir/tree/downloaded_tools/pico/pico-sdk/lib/tinyusb/src/common/tusb_fifo.c.obj
 .text.tu_fifo_config
                0x00000000100091f2       0x72 CMakeFiles/pak-gadget.dir/tree/downloaded_tools/pico/pico-sdk/lib/tinyusb/src/common/tusb_fifo.c.obj
                0x00000000100091f2                tu_fifo_config
 .text.tu_fifo_count
                0x0000000010009264       0x26 CMakeFiles/pak-gadget.dir/tree/downloaded_tools/pico/pico-sdk/lib/tinyusb/src/common/tusb_fifo.c.obj
                0x0000000010009264                tu_fifo_count
 .text.tu_fifo_empty
                0x000000001000928a        0xe CMakeFiles/pak-gadget.dir/tree/downloaded_tools/pico/pico-sdk/lib/tinyusb/src/common/tusb_fifo.c.obj
                0x000000001000928a                tu_fifo_empty
 .text.tu_fifo_remaining
                0x0000000010009298       0x20 CMakeFiles/pak-gadget.dir/tree/downloaded_tools/pico/pico-sdk/lib/tinyusb/src/common/tusb_fifo.c.obj
                0x0000000010009298                tu_fifo_remaining
 .text.tu_fifo_read
                0x00000000100092b8       0x42 CMakeFiles/pak-gadget.dir/tree/downloaded_tools/pico/pico-sdk/lib/tinyusb/src/common/tusb_fifo.c.obj
                0x00000000100092b8                tu_fifo_read
 .text.tu_fifo_read_n
                0x00000000100092fa        0xa CMakeFiles/pak-gadget.dir/tree/downloaded_tools/pico/pico-sdk/lib/tinyusb/src/common/tusb_fifo.c.obj
                0x00000000100092fa                tu_fifo_read_n
 .text.tu_fifo_write
                0x0000000010009304       0x6c CMakeFiles/pak-gadget.dir/tree/downloaded_tools/pico/pico-sdk/lib/tinyusb/src/common/tusb_fifo.c.obj
                0x0000000010009304                tu_fifo_write
 .text.tu_fifo_write_n
                0x0000000010009370        0xa CMakeFiles/pak-gadget.dir/tree/downloaded_tools/pico/pico-sdk/lib/tinyusb/src/common/tusb_fifo.c.obj
                0x0000000010009370                tu_fifo_write_n
 .text.tu_fifo_clear
                0x000000001000937a       0x4c CMakeFiles/pak-gadget.dir/tree/downloaded_tools/pico/pico-sdk/lib/tinyusb/src/common/tusb_fifo.c.obj
                0x000000001000937a                tu_fifo_clear
 .text.tu_fifo_set_overwritable
                0x00000000100093c6       0x3c CMakeFiles/pak-gadget.dir/tree/downloaded_tools/pico/pico-sdk/lib/tinyusb/src/common/tusb_fifo.c.obj
                0x00000000100093c6                tu_fifo_set_overwritable
 *fill*         0x0000000010009402        0x2 
 .text._retrieve_unique_id_on_boot
                0x0000000010009404       0x10 CMakeFiles/pak-gadget.dir/tree/downloaded_tools/pico/pico-sdk/src/rp2_common/pico_unique_id/unique_id.c.obj
 .text.pico_get_unique_board_id_string
                0x0000000010009414       0x60 CMakeFiles/pak-gadget.dir/tree/downloaded_tools/pico/pico-sdk/src/rp2_common/pico_unique_id/unique_id.c.obj
                0x0000000010009414                pico_get_unique_board_id_string
 .text.flash_get_unique_id
                0x0000000010009474       0x46 CMakeFiles/pak-gadget.dir/tree/downloaded_tools/pico/pico-sdk/src/rp2_common/hardware_flash/flash.c.obj
                0x0000000010009474                flash_get_unique_id
 *fill*         0x00000000100094ba        0x2 
 .text.dma_claim_unused_channel
                0x00000000100094bc       0x20 CMakeFiles/pak-gadget.dir/tree/downloaded_tools/pico/pico-sdk/src/rp2_common/hardware_dma/dma.c.obj
                0x00000000100094bc                dma_claim_unused_channel
 .text.core1_trampoline
                0x00000000100094dc        0x2 CMakeFiles/pak-gadget.dir/tree/downloaded_tools/pico/pico-sdk/src/rp2_common/pico_multicore/multicore.c.obj
 .text.core1_wrapper
                0x00000000100094de        0xc CMakeFiles/pak-gadget.dir/tree/downloaded_tools/pico/pico-sdk/src/rp2_common/pico_multicore/multicore.c.obj
                0x00000000100094de                core1_wrapper
 .text.multicore_fifo_push_blocking
                0x00000000100094ea       0x14 CMakeFiles/pak-gadget.dir/tree/downloaded_tools/pico/pico-sdk/src/rp2_common/pico_multicore/multicore.c.obj
                0x00000000100094ea                multicore_fifo_push_blocking
 .text.multicore_fifo_pop_blocking
                0x00000000100094fe       0x16 CMakeFiles/pak-gadget.dir/tree/downloaded_tools/pico/pico-sdk/src/rp2_common/pico_multicore/multicore.c.obj
                0x00000000100094fe                multicore_fifo_pop_blocking
 .text.multicore_launch_core1_raw
                0x0000000010009514       0x6a CMakeFiles/pak-gadget.dir/tree/downloaded_tools/pico/pico-sdk/src/rp2_common/pico_multicore/multicore.c.obj
                0x0000000010009514                multicore_launch_core1_raw
 *fill*         0x000000001000957e        0x2 
 .text.multicore_launch_core1_with_stack
                0x0000000010009580       0x50 CMakeFiles/pak-gadget.dir/tree/downloaded_tools/pico/pico-sdk/src/rp2_common/pico_multicore/multicore.c.obj
                0x0000000010009580                multicore_launch_core1_with_stack
 .text.multicore_launch_core1
                0x00000000100095d0       0x24 CMakeFiles/pak-gadget.dir/tree/downloaded_tools/pico/pico-sdk/src/rp2_common/pico_multicore/multicore.c.obj
                0x00000000100095d0                multicore_launch_core1
 .text.ff_memalloc
                0x00000000100095f4        0x8 CMakeFiles/pak-gadget.dir/tree/downloaded_tools/pico/no-OS-FatFS-SD-SPI-RPi-Pico/FatFs_SPI/ff14a/source/ffsystem.c.obj
                0x00000000100095f4                ff_memalloc
 .text.ff_memfree
                0x00000000100095fc        0x8 CMakeFiles/pak-gadget.dir/tree/downloaded_tools/pico/no-OS-FatFS-SD-SPI-RPi-Pico/FatFs_SPI/ff14a/source/ffsystem.c.obj
                0x00000000100095fc                ff_memfree
 .text.ff_uni2oem
                0x0000000010009604       0x44 CMakeFiles/pak-gadget.dir/tree/downloaded_tools/pico/no-OS-FatFS-SD-SPI-RPi-Pico/FatFs_SPI/ff14a/source/ffunicode.c.obj
                0x0000000010009604                ff_uni2oem
 .text.ff_oem2uni
                0x0000000010009648       0x30 CMakeFiles/pak-gadget.dir/tree/downloaded_tools/pico/no-OS-FatFS-SD-SPI-RPi-Pico/FatFs_SPI/ff14a/source/ffunicode.c.obj
                0x0000000010009648                ff_oem2uni
 .text.ff_wtoupper
                0x0000000010009678       0xb0 CMakeFiles/pak-gadget.dir/tree/downloaded_tools/pico/no-OS-FatFS-SD-SPI-RPi-Pico/FatFs_SPI/ff14a/source/ffunicode.c.obj
                0x0000000010009678                ff_wtoupper
 .text.ld_word  0x0000000010009728        0xa CMakeFiles/pak-gadget.dir/tree/downloaded_tools/pico/no-OS-FatFS-SD-SPI-RPi-Pico/FatFs_SPI/ff14a/source/ff.c.obj
 .text.ld_dword
                0x0000000010009732       0x18 CMakeFiles/pak-gadget.dir/tree/downloaded_tools/pico/no-OS-FatFS-SD-SPI-RPi-Pico/FatFs_SPI/ff14a/source/ff.c.obj
 .text.ld_qword
                0x000000001000974a       0x42 CMakeFiles/pak-gadget.dir/tree/downloaded_tools/pico/no-OS-FatFS-SD-SPI-RPi-Pico/FatFs_SPI/ff14a/source/ff.c.obj
 .text.st_word  0x000000001000978c        0x8 CMakeFiles/pak-gadget.dir/tree/downloaded_tools/pico/no-OS-FatFS-SD-SPI-RPi-Pico/FatFs_SPI/ff14a/source/ff.c.obj
 .text.st_dword
                0x0000000010009794       0x10 CMakeFiles/pak-gadget.dir/tree/downloaded_tools/pico/no-OS-FatFS-SD-SPI-RPi-Pico/FatFs_SPI/ff14a/source/ff.c.obj
 .text.st_qword
                0x00000000100097a4       0x1e CMakeFiles/pak-gadget.dir/tree/downloaded_tools/pico/no-OS-FatFS-SD-SPI-RPi-Pico/FatFs_SPI/ff14a/source/ff.c.obj
 .text.mem_cpy  0x00000000100097c2       0x16 CMakeFiles/pak-gadget.dir/tree/downloaded_tools/pico/no-OS-FatFS-SD-SPI-RPi-Pico/FatFs_SPI/ff14a/source/ff.c.obj
 .text.mem_set  0x00000000100097d8        0xc CMakeFiles/pak-gadget.dir/tree/downloaded_tools/pico/no-OS-FatFS-SD-SPI-RPi-Pico/FatFs_SPI/ff14a/source/ff.c.obj
 .text.mem_cmp  0x00000000100097e4       0x1a CMakeFiles/pak-gadget.dir/tree/downloaded_tools/pico/no-OS-FatFS-SD-SPI-RPi-Pico/FatFs_SPI/ff14a/source/ff.c.obj
 .text.chk_chr  0x00000000100097fe       0x12 CMakeFiles/pak-gadget.dir/tree/downloaded_tools/pico/no-OS-FatFS-SD-SPI-RPi-Pico/FatFs_SPI/ff14a/source/ff.c.obj
 .text.dbc_1st  0x0000000010009810        0x4 CMakeFiles/pak-gadget.dir/tree/downloaded_tools/pico/no-OS-FatFS-SD-SPI-RPi-Pico/FatFs_SPI/ff14a/source/ff.c.obj
 .text.dbc_2nd  0x0000000010009814        0x4 CMakeFiles/pak-gadget.dir/tree/downloaded_tools/pico/no-OS-FatFS-SD-SPI-RPi-Pico/FatFs_SPI/ff14a/source/ff.c.obj
 .text.tchar2uni
                0x0000000010009818       0xcc CMakeFiles/pak-gadget.dir/tree/downloaded_tools/pico/no-OS-FatFS-SD-SPI-RPi-Pico/FatFs_SPI/ff14a/source/ff.c.obj
 .text.put_utf  0x00000000100098e4       0xfc CMakeFiles/pak-gadget.dir/tree/downloaded_tools/pico/no-OS-FatFS-SD-SPI-RPi-Pico/FatFs_SPI/ff14a/source/ff.c.obj
 .text.chk_lock
                0x00000000100099e0       0x78 CMakeFiles/pak-gadget.dir/tree/downloaded_tools/pico/no-OS-FatFS-SD-SPI-RPi-Pico/FatFs_SPI/ff14a/source/ff.c.obj
 .text.enq_lock
                0x0000000010009a58       0x20 CMakeFiles/pak-gadget.dir/tree/downloaded_tools/pico/no-OS-FatFS-SD-SPI-RPi-Pico/FatFs_SPI/ff14a/source/ff.c.obj
 .text.inc_lock
                0x0000000010009a78       0xa8 CMakeFiles/pak-gadget.dir/tree/downloaded_tools/pico/no-OS-FatFS-SD-SPI-RPi-Pico/FatFs_SPI/ff14a/source/ff.c.obj
 .text.dec_lock
                0x0000000010009b20       0x44 CMakeFiles/pak-gadget.dir/tree/downloaded_tools/pico/no-OS-FatFS-SD-SPI-RPi-Pico/FatFs_SPI/ff14a/source/ff.c.obj
 .text.clear_lock
                0x0000000010009b64       0x24 CMakeFiles/pak-gadget.dir/tree/downloaded_tools/pico/no-OS-FatFS-SD-SPI-RPi-Pico/FatFs_SPI/ff14a/source/ff.c.obj
 .text.clst2sect
                0x0000000010009b88       0x28 CMakeFiles/pak-gadget.dir/tree/downloaded_tools/pico/no-OS-FatFS-SD-SPI-RPi-Pico/FatFs_SPI/ff14a/source/ff.c.obj
 .text.clmt_clust
                0x0000000010009bb0       0x30 CMakeFiles/pak-gadget.dir/tree/downloaded_tools/pico/no-OS-FatFS-SD-SPI-RPi-Pico/FatFs_SPI/ff14a/source/ff.c.obj
 .text.ld_clust
                0x0000000010009be0       0x26 CMakeFiles/pak-gadget.dir/tree/downloaded_tools/pico/no-OS-FatFS-SD-SPI-RPi-Pico/FatFs_SPI/ff14a/source/ff.c.obj
 .text.st_clust
                0x0000000010009c06       0x26 CMakeFiles/pak-gadget.dir/tree/downloaded_tools/pico/no-OS-FatFS-SD-SPI-RPi-Pico/FatFs_SPI/ff14a/source/ff.c.obj
 .text.pick_lfn
                0x0000000010009c2c       0x94 CMakeFiles/pak-gadget.dir/tree/downloaded_tools/pico/no-OS-FatFS-SD-SPI-RPi-Pico/FatFs_SPI/ff14a/source/ff.c.obj
 .text.put_lfn  0x0000000010009cc0       0x8c CMakeFiles/pak-gadget.dir/tree/downloaded_tools/pico/no-OS-FatFS-SD-SPI-RPi-Pico/FatFs_SPI/ff14a/source/ff.c.obj
 .text.gen_numname
                0x0000000010009d4c       0xa8 CMakeFiles/pak-gadget.dir/tree/downloaded_tools/pico/no-OS-FatFS-SD-SPI-RPi-Pico/FatFs_SPI/ff14a/source/ff.c.obj
 .text.sum_sfn  0x0000000010009df4       0x20 CMakeFiles/pak-gadget.dir/tree/downloaded_tools/pico/no-OS-FatFS-SD-SPI-RPi-Pico/FatFs_SPI/ff14a/source/ff.c.obj
 .text.xdir_sum
                0x0000000010009e14       0x2e CMakeFiles/pak-gadget.dir/tree/downloaded_tools/pico/no-OS-FatFS-SD-SPI-RPi-Pico/FatFs_SPI/ff14a/source/ff.c.obj
 .text.get_xfileinfo
                0x0000000010009e42       0xda CMakeFiles/pak-gadget.dir/tree/downloaded_tools/pico/no-OS-FatFS-SD-SPI-RPi-Pico/FatFs_SPI/ff14a/source/ff.c.obj
 .text.init_alloc_info
                0x0000000010009f1c       0x2e CMakeFiles/pak-gadget.dir/tree/downloaded_tools/pico/no-OS-FatFS-SD-SPI-RPi-Pico/FatFs_SPI/ff14a/source/ff.c.obj
 *fill*         0x0000000010009f4a        0x2 
 .text.get_ldnumber
                0x0000000010009f4c       0x5c CMakeFiles/pak-gadget.dir/tree/downloaded_tools/pico/no-OS-FatFS-SD-SPI-RPi-Pico/FatFs_SPI/ff14a/source/ff.c.obj
 .text.crc32    0x0000000010009fa8       0x2c CMakeFiles/pak-gadget.dir/tree/downloaded_tools/pico/no-OS-FatFS-SD-SPI-RPi-Pico/FatFs_SPI/ff14a/source/ff.c.obj
 .text.test_gpt_header
                0x0000000010009fd4       0x64 CMakeFiles/pak-gadget.dir/tree/downloaded_tools/pico/no-OS-FatFS-SD-SPI-RPi-Pico/FatFs_SPI/ff14a/source/ff.c.obj
 .text.validate
                0x000000001000a038       0x52 CMakeFiles/pak-gadget.dir/tree/downloaded_tools/pico/no-OS-FatFS-SD-SPI-RPi-Pico/FatFs_SPI/ff14a/source/ff.c.obj
 .text.sync_window
                0x000000001000a08a       0x70 CMakeFiles/pak-gadget.dir/tree/downloaded_tools/pico/no-OS-FatFS-SD-SPI-RPi-Pico/FatFs_SPI/ff14a/source/ff.c.obj
 .text.move_window
                0x000000001000a0fa       0x4c CMakeFiles/pak-gadget.dir/tree/downloaded_tools/pico/no-OS-FatFS-SD-SPI-RPi-Pico/FatFs_SPI/ff14a/source/ff.c.obj
 *fill*         0x000000001000a146        0x2 
 .text.check_fs
                0x000000001000a148       0xdc CMakeFiles/pak-gadget.dir/tree/downloaded_tools/pico/no-OS-FatFS-SD-SPI-RPi-Pico/FatFs_SPI/ff14a/source/ff.c.obj
 .text.find_volume
                0x000000001000a224      0x14c CMakeFiles/pak-gadget.dir/tree/downloaded_tools/pico/no-OS-FatFS-SD-SPI-RPi-Pico/FatFs_SPI/ff14a/source/ff.c.obj
 .text.mount_volume
                0x000000001000a370      0x544 CMakeFiles/pak-gadget.dir/tree/downloaded_tools/pico/no-OS-FatFS-SD-SPI-RPi-Pico/FatFs_SPI/ff14a/source/ff.c.obj
 .text.find_bitmap
                0x000000001000a8b4       0xa6 CMakeFiles/pak-gadget.dir/tree/downloaded_tools/pico/no-OS-FatFS-SD-SPI-RPi-Pico/FatFs_SPI/ff14a/source/ff.c.obj
 .text.change_bitmap
                0x000000001000a95a       0x96 CMakeFiles/pak-gadget.dir/tree/downloaded_tools/pico/no-OS-FatFS-SD-SPI-RPi-Pico/FatFs_SPI/ff14a/source/ff.c.obj
 .text.put_fat  0x000000001000a9f0      0x176 CMakeFiles/pak-gadget.dir/tree/downloaded_tools/pico/no-OS-FatFS-SD-SPI-RPi-Pico/FatFs_SPI/ff14a/source/ff.c.obj
 .text.fill_last_frag
                0x000000001000ab66       0x32 CMakeFiles/pak-gadget.dir/tree/downloaded_tools/pico/no-OS-FatFS-SD-SPI-RPi-Pico/FatFs_SPI/ff14a/source/ff.c.obj
 .text.fill_first_frag
                0x000000001000ab98       0x32 CMakeFiles/pak-gadget.dir/tree/downloaded_tools/pico/no-OS-FatFS-SD-SPI-RPi-Pico/FatFs_SPI/ff14a/source/ff.c.obj
 *fill*         0x000000001000abca        0x2 
 .text.get_fat  0x000000001000abcc      0x1a8 CMakeFiles/pak-gadget.dir/tree/downloaded_tools/pico/no-OS-FatFS-SD-SPI-RPi-Pico/FatFs_SPI/ff14a/source/ff.c.obj
 .text.create_chain
                0x000000001000ad74      0x1c6 CMakeFiles/pak-gadget.dir/tree/downloaded_tools/pico/no-OS-FatFS-SD-SPI-RPi-Pico/FatFs_SPI/ff14a/source/ff.c.obj
 .text.dir_sdi  0x000000001000af3a       0xd4 CMakeFiles/pak-gadget.dir/tree/downloaded_tools/pico/no-OS-FatFS-SD-SPI-RPi-Pico/FatFs_SPI/ff14a/source/ff.c.obj
 .text.remove_chain
                0x000000001000b00e      0x14c CMakeFiles/pak-gadget.dir/tree/downloaded_tools/pico/no-OS-FatFS-SD-SPI-RPi-Pico/FatFs_SPI/ff14a/source/ff.c.obj
 .text.dir_clear
                0x000000001000b15a       0xf0 CMakeFiles/pak-gadget.dir/tree/downloaded_tools/pico/no-OS-FatFS-SD-SPI-RPi-Pico/FatFs_SPI/ff14a/source/ff.c.obj
 .text.dir_next
                0x000000001000b24a      0x104 CMakeFiles/pak-gadget.dir/tree/downloaded_tools/pico/no-OS-FatFS-SD-SPI-RPi-Pico/FatFs_SPI/ff14a/source/ff.c.obj
 .text.load_xdir
                0x000000001000b34e      0x10c CMakeFiles/pak-gadget.dir/tree/downloaded_tools/pico/no-OS-FatFS-SD-SPI-RPi-Pico/FatFs_SPI/ff14a/source/ff.c.obj
 .text.load_obj_xdir
                0x000000001000b45a       0x36 CMakeFiles/pak-gadget.dir/tree/downloaded_tools/pico/no-OS-FatFS-SD-SPI-RPi-Pico/FatFs_SPI/ff14a/source/ff.c.obj
 .text.dir_read
                0x000000001000b490      0x114 CMakeFiles/pak-gadget.dir/tree/downloaded_tools/pico/no-OS-FatFS-SD-SPI-RPi-Pico/FatFs_SPI/ff14a/source/ff.c.obj
 .text.dir_alloc
                0x000000001000b5a4       0x70 CMakeFiles/pak-gadget.dir/tree/downloaded_tools/pico/no-OS-FatFS-SD-SPI-RPi-Pico/FatFs_SPI/ff14a/source/ff.c.obj
 .text.store_xdir
                0x000000001000b614       0x66 CMakeFiles/pak-gadget.dir/tree/downloaded_tools/pico/no-OS-FatFS-SD-SPI-RPi-Pico/FatFs_SPI/ff14a/source/ff.c.obj
 *fill*         0x000000001000b67a        0x2 
 .text.create_name
                0x000000001000b67c      0x320 CMakeFiles/pak-gadget.dir/tree/downloaded_tools/pico/no-OS-FatFS-SD-SPI-RPi-Pico/FatFs_SPI/ff14a/source/ff.c.obj
 .text.xname_sum
                0x000000001000b99c       0x38 CMakeFiles/pak-gadget.dir/tree/downloaded_tools/pico/no-OS-FatFS-SD-SPI-RPi-Pico/FatFs_SPI/ff14a/source/ff.c.obj
 .text.create_xdir
                0x000000001000b9d4       0x90 CMakeFiles/pak-gadget.dir/tree/downloaded_tools/pico/no-OS-FatFS-SD-SPI-RPi-Pico/FatFs_SPI/ff14a/source/ff.c.obj
 .text.cmp_lfn  0x000000001000ba64       0xb0 CMakeFiles/pak-gadget.dir/tree/downloaded_tools/pico/no-OS-FatFS-SD-SPI-RPi-Pico/FatFs_SPI/ff14a/source/ff.c.obj
 .text.dir_find
                0x000000001000bb14      0x18e CMakeFiles/pak-gadget.dir/tree/downloaded_tools/pico/no-OS-FatFS-SD-SPI-RPi-Pico/FatFs_SPI/ff14a/source/ff.c.obj
 .text.follow_path
                0x000000001000bca2      0x11a CMakeFiles/pak-gadget.dir/tree/downloaded_tools/pico/no-OS-FatFS-SD-SPI-RPi-Pico/FatFs_SPI/ff14a/source/ff.c.obj
 .text.dir_register
                0x000000001000bdbc      0x214 CMakeFiles/pak-gadget.dir/tree/downloaded_tools/pico/no-OS-FatFS-SD-SPI-RPi-Pico/FatFs_SPI/ff14a/source/ff.c.obj
 .text.get_achar
                0x000000001000bfd0       0x14 CMakeFiles/pak-gadget.dir/tree/downloaded_tools/pico/no-OS-FatFS-SD-SPI-RPi-Pico/FatFs_SPI/ff14a/source/ff.c.obj
 .text.pattern_match
                0x000000001000bfe4       0xce CMakeFiles/pak-gadget.dir/tree/downloaded_tools/pico/no-OS-FatFS-SD-SPI-RPi-Pico/FatFs_SPI/ff14a/source/ff.c.obj
 *fill*         0x000000001000c0b2        0x2 
 .text.sync_fs  0x000000001000c0b4       0xa8 CMakeFiles/pak-gadget.dir/tree/downloaded_tools/pico/no-OS-FatFS-SD-SPI-RPi-Pico/FatFs_SPI/ff14a/source/ff.c.obj
 .text.get_fileinfo
                0x000000001000c15c      0x1ce CMakeFiles/pak-gadget.dir/tree/downloaded_tools/pico/no-OS-FatFS-SD-SPI-RPi-Pico/FatFs_SPI/ff14a/source/ff.c.obj
 *fill*         0x000000001000c32a        0x2 
 .text.f_mount  0x000000001000c32c       0x5c CMakeFiles/pak-gadget.dir/tree/downloaded_tools/pico/no-OS-FatFS-SD-SPI-RPi-Pico/FatFs_SPI/ff14a/source/ff.c.obj
                0x000000001000c32c                f_mount
 .text.f_open   0x000000001000c388      0x35c CMakeFiles/pak-gadget.dir/tree/downloaded_tools/pico/no-OS-FatFS-SD-SPI-RPi-Pico/FatFs_SPI/ff14a/source/ff.c.obj
                0x000000001000c388                f_open
 .text.f_read   0x000000001000c6e4      0x252 CMakeFiles/pak-gadget.dir/tree/downloaded_tools/pico/no-OS-FatFS-SD-SPI-RPi-Pico/FatFs_SPI/ff14a/source/ff.c.obj
                0x000000001000c6e4                f_read
 .text.f_write  0x000000001000c936      0x2a2 CMakeFiles/pak-gadget.dir/tree/downloaded_tools/pico/no-OS-FatFS-SD-SPI-RPi-Pico/FatFs_SPI/ff14a/source/ff.c.obj
                0x000000001000c936                f_write
 .text.f_sync   0x000000001000cbd8      0x17e CMakeFiles/pak-gadget.dir/tree/downloaded_tools/pico/no-OS-FatFS-SD-SPI-RPi-Pico/FatFs_SPI/ff14a/source/ff.c.obj
                0x000000001000cbd8                f_sync
 .text.f_close  0x000000001000cd56       0x2e CMakeFiles/pak-gadget.dir/tree/downloaded_tools/pico/no-OS-FatFS-SD-SPI-RPi-Pico/FatFs_SPI/ff14a/source/ff.c.obj
                0x000000001000cd56                f_close
 .text.f_chdrive