Archive member included to satisfy reference by file (symbol)

/usr/lib/gcc/arm-none-eabi/9.2.1/thumb/v6-m/nofp/libgcc.a(_dvmd_tls.o)
                              CMakeFiles/pak-gadget.dir/tree/downloaded_tools/pico/pico-sdk/src/rp2_common/pico_divider/divider.S.obj (__aeabi_idiv0)
/usr/lib/gcc/arm-none-eabi/9.2.1/../../../arm-none-eabi/lib/thumb/v6-m/nofp/libg.a(lib_a-atexit.o)
                              /usr/lib/gcc/arm-none-eabi/9.2.1/../../../arm-none-eabi/lib/thumb/v6-m/nofp/crt0.o (atexit)
/usr/lib/gcc/arm-none-eabi/9.2.1/../../../arm-none-eabi/lib/thumb/v6-m/nofp/libg.a(lib_a-calloc.o)
                              CMakeFiles/pak-gadget.dir/tree/downloaded_tools/pico/pico-sdk/src/rp2_common/pico_malloc/pico_malloc.c.obj (calloc)
/usr/lib/gcc/arm-none-eabi/9.2.1/../../../arm-none-eabi/lib/thumb/v6-m/nofp/libg.a(lib_a-callocr.o)
                              /usr/lib/gcc/arm-none-eabi/9.2.1/../../../arm-none-eabi/lib/thumb/v6-m/nofp/libg.a(lib_a-calloc.o) (_calloc_r)
/usr/lib/gcc/arm-none-eabi/9.2.1/../../../arm-none-eabi/lib/thumb/v6-m/nofp/libg.a(lib_a-ctype_.o)
                              CMakeFiles/pak-gadget.dir/tree/downloaded_tools/pico/pico-sdk/lib/tinyusb/src/tusb.c.obj (_ctype_)
/usr/lib/gcc/arm-none-eabi/9.2.1/../../../arm-none-eabi/lib/thumb/v6-m/nofp/libg.a(lib_a-errno.o)
                              CMakeFiles/pak-gadget.dir/tree/downloaded_tools/pico/no-OS-FatFS-SD-SPI-RPi-Pico/FatFs_SPI/src/ff_stdio.c.obj (__errno)
/usr/lib/gcc/arm-none-eabi/9.2.1/../../../arm-none-eabi/lib/thumb/v6-m/nofp/libg.a(lib_a-fflush.o)
                              CMakeFiles/pak-gadget.dir/tree/downloaded_tools/pico/no-OS-FatFS-SD-SPI-RPi-Pico/FatFs_SPI/sd_driver/demo_logging.c.obj (fflush)
/usr/lib/gcc/arm-none-eabi/9.2.1/../../../arm-none-eabi/lib/thumb/v6-m/nofp/libg.a(lib_a-findfp.o)
                              /usr/lib/gcc/arm-none-eabi/9.2.1/../../../arm-none-eabi/lib/thumb/v6-m/nofp/libg.a(lib_a-fflush.o) (__sinit)
/usr/lib/gcc/arm-none-eabi/9.2.1/../../../arm-none-eabi/lib/thumb/v6-m/nofp/libg.a(lib_a-fini.o)
                              /usr/lib/gcc/arm-none-eabi/9.2.1/../../../arm-none-eabi/lib/thumb/v6-m/nofp/crt0.o (__libc_fini_array)
/usr/lib/gcc/arm-none-eabi/9.2.1/../../../arm-none-eabi/lib/thumb/v6-m/nofp/libg.a(lib_a-freer.o)
                              /usr/lib/gcc/arm-none-eabi/9.2.1/../../../arm-none-eabi/lib/thumb/v6-m/nofp/libg.a(lib_a-fflush.o) (_free_r)
/usr/lib/gcc/arm-none-eabi/9.2.1/../../../arm-none-eabi/lib/thumb/v6-m/nofp/libg.a(lib_a-fwalk.o)
                              /usr/lib/gcc/arm-none-eabi/9.2.1/../../../arm-none-eabi/lib/thumb/v6-m/nofp/libg.a(lib_a-findfp.o) (_fwalk)
/usr/lib/gcc/arm-none-eabi/9.2.1/../../../arm-none-eabi/lib/thumb/v6-m/nofp/libg.a(lib_a-impure.o)
                              /usr/lib/gcc/arm-none-eabi/9.2.1/../../../arm-none-eabi/lib/thumb/v6-m/nofp/libg.a(lib_a-fflush.o) (_global_impure_ptr)
/usr/lib/gcc/arm-none-eabi/9.2.1/../../../arm-none-eabi/lib/thumb/v6-m/nofp/libg.a(lib_a-init.o)
                              /usr/lib/gcc/arm-none-eabi/9.2.1/../../../arm-none-eabi/lib/thumb/v6-m/nofp/crt0.o (__libc_init_array)
/usr/lib/gcc/arm-none-eabi/9.2.1/../../../arm-none-eabi/lib/thumb/v6-m/nofp/libg.a(lib_a-malloc.o)
                              CMakeFiles/pak-gadget.dir/tree/downloaded_tools/pico/pico-sdk/src/rp2_common/pico_malloc/pico_malloc.c.obj (malloc)
/usr/lib/gcc/arm-none-eabi/9.2.1/../../../arm-none-eabi/lib/thumb/v6-m/nofp/libg.a(lib_a-mallocr.o)
                              /usr/lib/gcc/arm-none-eabi/9.2.1/../../../arm-none-eabi/lib/thumb/v6-m/nofp/libg.a(lib_a-callocr.o) (_malloc_r)
/usr/lib/gcc/arm-none-eabi/9.2.1/../../../arm-none-eabi/lib/thumb/v6-m/nofp/libg.a(lib_a-mktime.o)
                              CMakeFiles/pak-gadget.dir/tree/downloaded_tools/pico/no-OS-FatFS-SD-SPI-RPi-Pico/FatFs_SPI/src/rtc.c.obj (mktime)
/usr/lib/gcc/arm-none-eabi/9.2.1/../../../arm-none-eabi/lib/thumb/v6-m/nofp/libg.a(lib_a-mlock.o)
                              /usr/lib/gcc/arm-none-eabi/9.2.1/../../../arm-none-eabi/lib/thumb/v6-m/nofp/libg.a(lib_a-freer.o) (__malloc_lock)
/usr/lib/gcc/arm-none-eabi/9.2.1/../../../arm-none-eabi/lib/thumb/v6-m/nofp/libg.a(lib_a-sbrkr.o)
                              /usr/lib/gcc/arm-none-eabi/9.2.1/../../../arm-none-eabi/lib/thumb/v6-m/nofp/libg.a(lib_a-freer.o) (_sbrk_r)
/usr/lib/gcc/arm-none-eabi/9.2.1/../../../arm-none-eabi/lib/thumb/v6-m/nofp/libg.a(lib_a-sscanf.o)
                              CMakeFiles/pak-gadget.dir/pak-gadget.c.obj (sscanf)
/usr/lib/gcc/arm-none-eabi/9.2.1/../../../arm-none-eabi/lib/thumb/v6-m/nofp/libg.a(lib_a-stdio.o)
                              /usr/lib/gcc/arm-none-eabi/9.2.1/../../../arm-none-eabi/lib/thumb/v6-m/nofp/libg.a(lib_a-findfp.o) (__sread)
/usr/lib/gcc/arm-none-eabi/9.2.1/../../../arm-none-eabi/lib/thumb/v6-m/nofp/libg.a(lib_a-strchr.o)
[...]
Memory Configuration

Name             Origin             Length             Attributes
FLASH            0x0000000010000000 0x0000000000200000 xr
RAM              0x0000000020000000 0x0000000000040000 xrw
SCRATCH_X        0x0000000020040000 0x0000000000001000 xrw
SCRATCH_Y        0x0000000020041000 0x0000000000001000 xrw
*default*        0x0000000000000000 0xffffffffffffffff

Linker script and memory map

LOAD /usr/lib/gcc/arm-none-eabi/9.2.1/thumb/v6-m/nofp/crti.o
LOAD /usr/lib/gcc/arm-none-eabi/9.2.1/thumb/v6-m/nofp/crtbegin.o
LOAD /usr/lib/gcc/arm-none-eabi/9.2.1/../../../arm-none-eabi/lib/thumb/v6-m/nofp/crt0.o

.flash_begin    0x0000000010000000        0x0
                0x0000000010000000                __flash_binary_start = .

.boot2          0x0000000010000000      0x100
                0x0000000010000000                __boot2_start__ = .
 *(.boot2)
 .boot2         0x0000000010000000      0x100 /tmp/ccXTJtQm.o
                0x0000000010000100                __boot2_end__ = .
                0x0000000000000001                ASSERT (((__boot2_end__ - __boot2_start__) == 0x100), ERROR: Pico second stage bootloader must be 256 bytes in size)

.text           0x0000000010000100    0x13970
                0x0000000010000100                __logical_binary_start = .
 *(.vectors)
 .vectors       0x0000000010000100       0xd4 CMakeFiles/pak-gadget.dir/tree/downloaded_tools/pico/pico-sdk/src/rp2_common/pico_standard_link/crt0.S.obj
                0x0000000010000100                __vectors
                0x0000000010000100                __VECTOR_TABLE
                0x00000000100001c0                isr_invalid
                0x00000000100001c0                __default_isrs_start
                0x00000000100001c2                isr_nmi
                0x00000000100001c4                isr_hardfault
                0x00000000100001c6                isr_svcall
                0x00000000100001c8                isr_pendsv
                0x00000000100001ca                isr_systick
                0x00000000100001cc                isr_irq30
                0x00000000100001cc                __unhandled_user_irq
                0x00000000100001cc                isr_irq13
                0x00000000100001cc                isr_irq27
                0x00000000100001cc                isr_irq31
                0x00000000100001cc                isr_irq5
                0x00000000100001cc                isr_irq11
                0x00000000100001cc                isr_irq23
                0x00000000100001cc                isr_irq18
                0x00000000100001cc                isr_irq28
                0x00000000100001cc                isr_irq19
                0x00000000100001cc                isr_irq0
                0x00000000100001cc                isr_irq6
                0x00000000100001cc                isr_irq22
                0x00000000100001cc                isr_irq17
                0x00000000100001cc                isr_irq14
                0x00000000100001cc                isr_irq2
                0x00000000100001cc                isr_irq10
                0x00000000100001cc                isr_irq8
                0x00000000100001cc                isr_irq24
                0x00000000100001cc                isr_irq1
                0x00000000100001cc                isr_irq7
                0x00000000100001cc                isr_irq21
                0x00000000100001cc                isr_irq20
                0x00000000100001cc                isr_irq15
                0x00000000100001cc                isr_irq25
                0x00000000100001cc                isr_irq4
                0x00000000100001cc                isr_irq16
                0x00000000100001cc                isr_irq29
                0x00000000100001cc                isr_irq26
                0x00000000100001cc                __default_isrs_end
                0x00000000100001cc                isr_irq3
                0x00000000100001cc                isr_irq12
                0x00000000100001cc                isr_irq9
                0x00000000100001d2                unhandled_user_irq_num_in_r0
 *(.binary_info_header)
 .binary_info_header
                0x00000000100001d4       0x14 CMakeFiles/pak-gadget.dir/tree/downloaded_tools/pico/pico-sdk/src/rp2_common/pico_standard_link/crt0.S.obj
                0x00000000100001e8                __binary_info_header_end = .
 *(.reset)
 .reset         0x00000000100001e8       0xa8 CMakeFiles/pak-gadget.dir/tree/downloaded_tools/pico/pico-sdk/src/rp2_common/pico_standard_link/crt0.S.obj
                0x00000000100001e8                _entry_point
                0x0000000010000266                __get_current_exception
 .reset         0x0000000010000290       0x30 CMakeFiles/pak-gadget.dir/tree/downloaded_tools/pico/pico-sdk/src/rp2_common/pico_standard_link/binary_info.c.obj
 *(.init)
 .init          0x00000000100002c0        0x4 /usr/lib/gcc/arm-none-eabi/9.2.1/thumb/v6-m/nofp/crti.o
                0x00000000100002c0                _init
 *(EXCLUDE_FILE(*libm.a: *libc.a:*lib_a-mem*.o *libgcc.a:) .text*)
 .text          0x00000000100002c4       0x98 /usr/lib/gcc/arm-none-eabi/9.2.1/thumb/v6-m/nofp/crtbegin.o
 .text.button_display
                0x000000001000035c        0x2 CMakeFiles/pak-gadget.dir/pak-gadget.c.obj
                0x000000001000035c                button_display
 *fill*         0x000000001000035e        0x2 
 .text.button_exit
                0x0000000010000360        0xc CMakeFiles/pak-gadget.dir/pak-gadget.c.obj
                0x0000000010000360                button_exit
 .text.but_ev_null
                0x000000001000036c        0x2 CMakeFiles/pak-gadget.dir/pak-gadget.c.obj
                0x000000001000036c                but_ev_null
 *fill*         0x000000001000036e        0x2 
 .text.handle_address
                0x0000000010000370      0x18c CMakeFiles/pak-gadget.dir/pak-gadget.c.obj
                0x0000000010000370                handle_address
 .text.loop_delay
                0x00000000100004fc       0x2a CMakeFiles/pak-gadget.dir/pak-gadget.c.obj
                0x00000000100004fc                loop_delay
 .text.i2c_release
                0x0000000010000526       0x16 CMakeFiles/pak-gadget.dir/pak-gadget.c.obj
                0x0000000010000526                i2c_release
 .text.i2c_delay
                0x000000001000053c        0xc CMakeFiles/pak-gadget.dir/pak-gadget.c.obj
                0x000000001000053c                i2c_delay
 .text.i2c_sda_low
                0x0000000010000548        0xe CMakeFiles/pak-gadget.dir/pak-gadget.c.obj
                0x0000000010000548                i2c_sda_low
 .text.i2c_sda_high
                0x0000000010000556        0xc CMakeFiles/pak-gadget.dir/pak-gadget.c.obj
                0x0000000010000556                i2c_sda_high
 .text.i2c_scl_low
                0x0000000010000562        0xe CMakeFiles/pak-gadget.dir/pak-gadget.c.obj
                0x0000000010000562                i2c_scl_low
 .text.i2c_scl_high
                0x0000000010000570        0xc CMakeFiles/pak-gadget.dir/pak-gadget.c.obj
                0x0000000010000570                i2c_scl_high
 .text.i2c_read_sda
                0x000000001000057c        0xe CMakeFiles/pak-gadget.dir/pak-gadget.c.obj
                0x000000001000057c                i2c_read_sda
 .text.i2c_start
                0x000000001000058a       0x1c CMakeFiles/pak-gadget.dir/pak-gadget.c.obj
                0x000000001000058a                i2c_start
 .text.i2c_stop
                0x00000000100005a6       0x1c CMakeFiles/pak-gadget.dir/pak-gadget.c.obj
                0x00000000100005a6                i2c_stop
 .text.i2c_send_byte
                0x00000000100005c2       0x7e CMakeFiles/pak-gadget.dir/pak-gadget.c.obj
                0x00000000100005c2                i2c_send_byte
 .text.i2c_init
                0x0000000010000640       0x10 CMakeFiles/pak-gadget.dir/pak-gadget.c.obj
                0x0000000010000640                i2c_init
 .text.oled_send_cmd
                0x0000000010000650       0x70 CMakeFiles/pak-gadget.dir/pak-gadget.c.obj
                0x0000000010000650                oled_send_cmd
 .text.oled_set_xy
                0x00000000100006c0       0x54 CMakeFiles/pak-gadget.dir/pak-gadget.c.obj
                0x00000000100006c0                oled_set_xy
 .text.oled_gap
                0x0000000010000714       0x18 CMakeFiles/pak-gadget.dir/pak-gadget.c.obj
                0x0000000010000714                oled_gap
 .text.oled_display_string
                0x000000001000072c       0x50 CMakeFiles/pak-gadget.dir/pak-gadget.c.obj
                0x000000001000072c                oled_display_string
 .text.oled_clear_display
                0x000000001000077c       0x34 CMakeFiles/pak-gadget.dir/pak-gadget.c.obj
                0x000000001000077c                oled_clear_display
 .text.oled_error
                0x00000000100007b0       0x30 CMakeFiles/pak-gadget.dir/pak-gadget.c.obj
                0x00000000100007b0                oled_error
 .text.oled_setup
                0x00000000100007e0       0x48 CMakeFiles/pak-gadget.dir/pak-gadget.c.obj
                0x00000000100007e0                oled_setup
 .text.mount_sd
                0x0000000010000828       0x38 CMakeFiles/pak-gadget.dir/pak-gadget.c.obj
                0x0000000010000828                mount_sd
 .text.unmount_sd
                0x0000000010000860       0x14 CMakeFiles/pak-gadget.dir/pak-gadget.c.obj
                0x0000000010000860                unmount_sd
 .text.cd_to_pak_dir
                0x0000000010000874       0xa4 CMakeFiles/pak-gadget.dir/pak-gadget.c.obj
                0x0000000010000874                cd_to_pak_dir
 .text.find_next_file_number
                0x0000000010000918       0xf8 CMakeFiles/pak-gadget.dir/pak-gadget.c.obj
                0x0000000010000918                find_next_file_number
 .text.core_read
                0x0000000010000a10      0x1d0 CMakeFiles/pak-gadget.dir/pak-gadget.c.obj
                0x0000000010000a10                core_read
 .text.core_writefile
                0x0000000010000be0      0x120 CMakeFiles/pak-gadget.dir/pak-gadget.c.obj
                0x0000000010000be0                core_writefile
 .text.draw_menu
                0x0000000010000d00       0xd8 CMakeFiles/pak-gadget.dir/pak-gadget.c.obj
                0x0000000010000d00                draw_menu
 .text.button_list
                0x0000000010000dd8      0x1c8 CMakeFiles/pak-gadget.dir/pak-gadget.c.obj
                0x0000000010000dd8                button_list
 .text.but_ev_file_up
                0x0000000010000fa0       0x48 CMakeFiles/pak-gadget.dir/pak-gadget.c.obj
                0x0000000010000fa0                but_ev_file_up
 .text.but_ev_file_down
                0x0000000010000fe8       0x48 CMakeFiles/pak-gadget.dir/pak-gadget.c.obj
                0x0000000010000fe8                but_ev_file_down
 .text.to_back_menu
                0x0000000010001030       0x2c CMakeFiles/pak-gadget.dir/pak-gadget.c.obj
                0x0000000010001030                to_back_menu
 .text.button_select_file
                0x000000001000105c       0x18 CMakeFiles/pak-gadget.dir/pak-gadget.c.obj
                0x000000001000105c                button_select_file
 .text.to_home_menu
                0x0000000010001074       0x2c CMakeFiles/pak-gadget.dir/pak-gadget.c.obj
                0x0000000010001074                to_home_menu
 .text.but_ev_file_select
                0x00000000100010a0       0xc4 CMakeFiles/pak-gadget.dir/pak-gadget.c.obj
                0x00000000100010a0                but_ev_file_select
 .text.button_clear
                0x0000000010001164       0x24 CMakeFiles/pak-gadget.dir/pak-gadget.c.obj
                0x0000000010001164                button_clear
 .text.button_write
                0x0000000010001188       0x28 CMakeFiles/pak-gadget.dir/pak-gadget.c.obj
                0x0000000010001188                button_write
 .text.button_read
                0x00000000100011b0       0x28 CMakeFiles/pak-gadget.dir/pak-gadget.c.obj
                0x00000000100011b0                button_read
 .text.button_blank
                0x00000000100011d8       0x6c CMakeFiles/pak-gadget.dir/pak-gadget.c.obj
                0x00000000100011d8                button_blank
 .text.but_ev_up
                0x0000000010001244       0x44 CMakeFiles/pak-gadget.dir/pak-gadget.c.obj
                0x0000000010001244                but_ev_up
 .text.but_ev_down
                0x0000000010001288       0x40 CMakeFiles/pak-gadget.dir/pak-gadget.c.obj
                0x0000000010001288                but_ev_down
 .text.but_ev_select
                0x00000000100012c8       0x48 CMakeFiles/pak-gadget.dir/pak-gadget.c.obj
                0x00000000100012c8                but_ev_select
 .text.init_buttons
                0x0000000010001310       0x48 CMakeFiles/pak-gadget.dir/pak-gadget.c.obj
                0x0000000010001310                init_buttons
 .text.update_buttons
                0x0000000010001358       0xa8 CMakeFiles/pak-gadget.dir/pak-gadget.c.obj
                0x0000000010001358                update_buttons
 .text.main     0x0000000010001400      0x49c CMakeFiles/pak-gadget.dir/pak-gadget.c.obj
                0x0000000010001400                main
 .text.gpio_set_function
                0x000000001000189c       0x30 CMakeFiles/pak-gadget.dir/tree/downloaded_tools/pico/pico-sdk/src/rp2_common/hardware_gpio/gpio.c.obj
                0x000000001000189c                gpio_set_function
 .text.gpio_set_pulls
                0x00000000100018cc       0x34 CMakeFiles/pak-gadget.dir/tree/downloaded_tools/pico/pico-sdk/src/rp2_common/hardware_gpio/gpio.c.obj
                0x00000000100018cc                gpio_set_pulls
 .text.gpio_init
                0x0000000010001900       0x16 CMakeFiles/pak-gadget.dir/tree/downloaded_tools/pico/pico-sdk/src/rp2_common/hardware_gpio/gpio.c.obj
                0x0000000010001900                gpio_init
 *fill*         0x0000000010001916        0x2 
 .text.hw_claim_lock
                0x0000000010001918       0x18 CMakeFiles/pak-gadget.dir/tree/downloaded_tools/pico/pico-sdk/src/rp2_common/hardware_claim/claim.c.obj
                0x0000000010001918                hw_claim_lock
 .text.hw_claim_unlock
                0x0000000010001930       0x14 CMakeFiles/pak-gadget.dir/tree/downloaded_tools/pico/pico-sdk/src/rp2_common/hardware_claim/claim.c.obj
                0x0000000010001930                hw_claim_unlock
 .text.hw_claim_or_assert
                0x0000000010001944       0x32 CMakeFiles/pak-gadget.dir/tree/downloaded_tools/pico/pico-sdk/src/rp2_common/hardware_claim/claim.c.obj
                0x0000000010001944                hw_claim_or_assert
 .text.hw_claim_unused_from_range
                0x0000000010001976       0x50 CMakeFiles/pak-gadget.dir/tree/downloaded_tools/pico/pico-sdk/src/rp2_common/hardware_claim/claim.c.obj
                0x0000000010001976                hw_claim_unused_from_range
 *fill*         0x00000000100019c6        0x2 
 .text.running_on_fpga
                0x00000000100019c8       0x14 CMakeFiles/pak-gadget.dir/tree/downloaded_tools/pico/pico-sdk/src/rp2_common/pico_platform/platform.c.obj
                0x00000000100019c8                running_on_fpga
 .text.spin_locks_reset
                0x00000000100019dc       0x20 CMakeFiles/pak-gadget.dir/tree/downloaded_tools/pico/pico-sdk/src/rp2_common/hardware_sync/sync.c.obj
                0x00000000100019dc                spin_locks_reset
 .text.next_striped_spin_lock_num
                0x00000000100019fc       0x1c CMakeFiles/pak-gadget.dir/tree/downloaded_tools/pico/pico-sdk/src/rp2_common/hardware_sync/sync.c.obj
                0x00000000100019fc                next_striped_spin_lock_num
 .text.spin_lock_claim_unused
                0x0000000010001a18       0x20 CMakeFiles/pak-gadget.dir/tree/downloaded_tools/pico/pico-sdk/src/rp2_common/hardware_sync/sync.c.obj
                0x0000000010001a18                spin_lock_claim_unused
 .text.uart_set_baudrate
                0x0000000010001a38       0x5c CMakeFiles/pak-gadget.dir/tree/downloaded_tools/pico/pico-sdk/src/rp2_common/hardware_uart/uart.c.obj
                0x0000000010001a38                uart_set_baudrate
 .text.uart_set_translate_crlf
                0x0000000010001a94       0x28 CMakeFiles/pak-gadget.dir/tree/downloaded_tools/pico/pico-sdk/src/rp2_common/hardware_uart/uart.c.obj
                0x0000000010001a94                uart_set_translate_crlf
 .text.uart_init
                0x0000000010001abc       0x80 CMakeFiles/pak-gadget.dir/tree/downloaded_tools/pico/pico-sdk/src/rp2_common/hardware_uart/uart.c.obj
                0x0000000010001abc                uart_init
 .text.alarm_pool_post_alloc_init
                0x0000000010001b3c       0x40 CMakeFiles/pak-gadget.dir/tree/downloaded_tools/pico/pico-sdk/src/common/pico_time/time.c.obj
 .text.sleep_until_callback
                0x0000000010001b7c       0x30 CMakeFiles/pak-gadget.dir/tree/downloaded_tools/pico/pico-sdk/src/common/pico_time/time.c.obj
 .text.timer_pool_entry_comparator
                0x0000000010001bac       0x7c CMakeFiles/pak-gadget.dir/tree/downloaded_tools/pico/pico-sdk/src/common/pico_time/time.c.obj
                0x0000000010001bac                timer_pool_entry_comparator
 .text.ph_add_child_node
                0x0000000010001c28       0xa4 CMakeFiles/pak-gadget.dir/tree/downloaded_tools/pico/pico-sdk/src/common/pico_time/time.c.obj
 .text.ph_merge_nodes
                0x0000000010001ccc       0x3e CMakeFiles/pak-gadget.dir/tree/downloaded_tools/pico/pico-sdk/src/common/pico_time/time.c.obj
 *fill*         0x0000000010001d0a        0x2 
 .text.add_alarm_under_lock
                0x0000000010001d0c      0x174 CMakeFiles/pak-gadget.dir/tree/downloaded_tools/pico/pico-sdk/src/common/pico_time/time.c.obj
 .text.alarm_pool_alarm_callback
                0x0000000010001e80      0x32c CMakeFiles/pak-gadget.dir/tree/downloaded_tools/pico/pico-sdk/src/common/pico_time/time.c.obj
 .text.alarm_pool_init_default
                0x00000000100021ac       0x38 CMakeFiles/pak-gadget.dir/tree/downloaded_tools/pico/pico-sdk/src/common/pico_time/time.c.obj
                0x00000000100021ac                alarm_pool_init_default
 .text.alarm_pool_get_default
                0x00000000100021e4       0x2c CMakeFiles/pak-gadget.dir/tree/downloaded_tools/pico/pico-sdk/src/common/pico_time/time.c.obj
                0x00000000100021e4                alarm_pool_get_default
 .text.alarm_pool_add_alarm_at
                0x0000000010002210      0x170 CMakeFiles/pak-gadget.dir/tree/downloaded_tools/pico/pico-sdk/src/common/pico_time/time.c.obj
                0x0000000010002210                alarm_pool_add_alarm_at
 .text.alarm_pool_cancel_alarm
                0x0000000010002380       0xec CMakeFiles/pak-gadget.dir/tree/downloaded_tools/pico/pico-sdk/src/common/pico_time/time.c.obj
                0x0000000010002380                alarm_pool_cancel_alarm
 .text.sleep_until
                0x000000001000246c       0xfc CMakeFiles/pak-gadget.dir/tree/downloaded_tools/pico/pico-sdk/src/common/pico_time/time.c.obj
                0x000000001000246c                sleep_until
 .text.sleep_us
                0x0000000010002568       0x58 CMakeFiles/pak-gadget.dir/tree/downloaded_tools/pico/pico-sdk/src/common/pico_time/time.c.obj
                0x0000000010002568                sleep_us
 .text.best_effort_wfe_or_timeout
                0x00000000100025c0       0x80 CMakeFiles/pak-gadget.dir/tree/downloaded_tools/pico/pico-sdk/src/common/pico_time/time.c.obj
                0x00000000100025c0                best_effort_wfe_or_timeout
 .text.hardware_alarm_irq_handler
                0x0000000010002640       0x8c CMakeFiles/pak-gadget.dir/tree/downloaded_tools/pico/pico-sdk/src/rp2_common/hardware_timer/timer.c.obj
 .text.hardware_alarm_claim
                0x00000000100026cc       0x18 CMakeFiles/pak-gadget.dir/tree/downloaded_tools/pico/pico-sdk/src/rp2_common/hardware_timer/timer.c.obj
                0x00000000100026cc                hardware_alarm_claim
 .text.time_us_64
                0x00000000100026e4       0x18 CMakeFiles/pak-gadget.dir/tree/downloaded_tools/pico/pico-sdk/src/rp2_common/hardware_timer/timer.c.obj
                0x00000000100026e4                time_us_64
 .text.busy_wait_until
                0x00000000100026fc       0x24 CMakeFiles/pak-gadget.dir/tree/downloaded_tools/pico/pico-sdk/src/rp2_common/hardware_timer/timer.c.obj
                0x00000000100026fc                busy_wait_until
 .text.busy_wait_us
                0x0000000010002720       0x48 CMakeFiles/pak-gadget.dir/tree/downloaded_tools/pico/pico-sdk/src/rp2_common/hardware_timer/timer.c.obj
                0x0000000010002720                busy_wait_us
 .text.hardware_alarm_set_callback
                0x0000000010002768       0x90 CMakeFiles/pak-gadget.dir/tree/downloaded_tools/pico/pico-sdk/src/rp2_common/hardware_timer/timer.c.obj
                0x0000000010002768                hardware_alarm_set_callback
 .text.hardware_alarm_set_target
                0x00000000100027f8       0xe8 CMakeFiles/pak-gadget.dir/tree/downloaded_tools/pico/pico-sdk/src/rp2_common/hardware_timer/timer.c.obj
                0x00000000100027f8                hardware_alarm_set_target
 .text.hardware_alarm_cancel
                0x00000000100028e0       0x40 CMakeFiles/pak-gadget.dir/tree/downloaded_tools/pico/pico-sdk/src/rp2_common/hardware_timer/timer.c.obj
                0x00000000100028e0                hardware_alarm_cancel
 .text.sem_init
                0x0000000010002920       0x1e CMakeFiles/pak-gadget.dir/tree/downloaded_tools/pico/pico-sdk/src/common/pico_sync/sem.c.obj
                0x0000000010002920                sem_init
 *fill*         0x000000001000293e        0x2 
 .text.lock_init
                0x0000000010002940       0x10 CMakeFiles/pak-gadget.dir/tree/downloaded_tools/pico/pico-sdk/src/common/pico_sync/lock_core.c.obj
                0x0000000010002940                lock_init
 .text.mutex_init_internal
                0x0000000010002950       0x1e CMakeFiles/pak-gadget.dir/tree/downloaded_tools/pico/pico-sdk/src/common/pico_sync/mutex.c.obj
 .text.mutex_init
                0x000000001000296e        0xa CMakeFiles/pak-gadget.dir/tree/downloaded_tools/pico/pico-sdk/src/common/pico_sync/mutex.c.obj
                0x000000001000296e                mutex_init
 .text.recursive_mutex_init
                0x0000000010002978        0xa CMakeFiles/pak-gadget.dir/tree/downloaded_tools/pico/pico-sdk/src/common/pico_sync/mutex.c.obj
                0x0000000010002978                recursive_mutex_init
 *fill*         0x0000000010002982        0x2 
 .text.critical_section_init_with_lock_num
                0x0000000010002984       0x14 CMakeFiles/pak-gadget.dir/tree/downloaded_tools/pico/pico-sdk/src/common/pico_sync/critical_section.c.obj
                0x0000000010002984                critical_section_init_with_lock_num
 .text.critical_section_init
                0x0000000010002998       0x14 CMakeFiles/pak-gadget.dir/tree/downloaded_tools/pico/pico-sdk/src/common/pico_sync/critical_section.c.obj
                0x0000000010002998                critical_section_init
 .text.ph_add_child_node
                0x00000000100029ac       0xa4 CMakeFiles/pak-gadget.dir/tree/downloaded_tools/pico/pico-sdk/src/common/pico_util/pheap.c.obj
 .text.ph_merge_nodes
                0x0000000010002a50       0x3e CMakeFiles/pak-gadget.dir/tree/downloaded_tools/pico/pico-sdk/src/common/pico_util/pheap.c.obj
 *fill*         0x0000000010002a8e        0x2 
 .text.ph_clear
                0x0000000010002a90       0x70 CMakeFiles/pak-gadget.dir/tree/downloaded_tools/pico/pico-sdk/src/common/pico_util/pheap.c.obj
                0x0000000010002a90                ph_clear
 .text.ph_post_alloc_init
                0x0000000010002b00        0xe CMakeFiles/pak-gadget.dir/tree/downloaded_tools/pico/pico-sdk/src/common/pico_util/pheap.c.obj
                0x0000000010002b00                ph_post_alloc_init
 *fill*         0x0000000010002b0e        0x2 
 .text.ph_merge_two_pass
                0x0000000010002b10       0xa8 CMakeFiles/pak-gadget.dir/tree/downloaded_tools/pico/pico-sdk/src/common/pico_util/pheap.c.obj
                0x0000000010002b10                ph_merge_two_pass
 .text.ph_remove_any_head
                0x0000000010002bb8      0x108 CMakeFiles/pak-gadget.dir/tree/downloaded_tools/pico/pico-sdk/src/common/pico_util/pheap.c.obj
 .text.ph_remove_head
                0x0000000010002cc0       0x14 CMakeFiles/pak-gadget.dir/tree/downloaded_tools/pico/pico-sdk/src/common/pico_util/pheap.c.obj
                0x0000000010002cc0                ph_remove_head
 .text.ph_remove_and_free_node
                0x0000000010002cd4       0xf8 CMakeFiles/pak-gadget.dir/tree/downloaded_tools/pico/pico-sdk/src/common/pico_util/pheap.c.obj
                0x0000000010002cd4                ph_remove_and_free_node
 .text.runtime_init
                0x0000000010002dcc       0xd8 CMakeFiles/pak-gadget.dir/tree/downloaded_tools/pico/pico-sdk/src/rp2_common/pico_runtime/runtime.c.obj
                0x0000000010002dcc                runtime_init
 .text._exit    0x0000000010002ea4        0x4 CMakeFiles/pak-gadget.dir/tree/downloaded_tools/pico/pico-sdk/src/rp2_common/pico_runtime/runtime.c.obj
                0x0000000010002ea4                _exit
 .text._sbrk    0x0000000010002ea8       0x38 CMakeFiles/pak-gadget.dir/tree/downloaded_tools/pico/pico-sdk/src/rp2_common/pico_runtime/runtime.c.obj
                0x0000000010002ea8                _sbrk
 .text.exit     0x0000000010002ee0        0x6 CMakeFiles/pak-gadget.dir/tree/downloaded_tools/pico/pico-sdk/src/rp2_common/pico_runtime/runtime.c.obj
                0x0000000010002ee0                exit
 *fill*         0x0000000010002ee6        0x2 
 .text.__assert_func
                0x0000000010002ee8       0x3c CMakeFiles/pak-gadget.dir/tree/downloaded_tools/pico/pico-sdk/src/rp2_common/pico_runtime/runtime.c.obj
                0x0000000010002ee8                __assert_func
 .text.panic    0x0000000010002f24       0x30 CMakeFiles/pak-gadget.dir/tree/downloaded_tools/pico/pico-sdk/src/rp2_common/pico_runtime/runtime.c.obj
                0x0000000010002f24                panic
 .text.clock_configure
                0x0000000010002f54      0x104 CMakeFiles/pak-gadget.dir/tree/downloaded_tools/pico/pico-sdk/src/rp2_common/hardware_clocks/clocks.c.obj
                0x0000000010002f54                clock_configure
 .text.clocks_init
                0x0000000010003058      0x100 CMakeFiles/pak-gadget.dir/tree/downloaded_tools/pico/pico-sdk/src/rp2_common/hardware_clocks/clocks.c.obj
                0x0000000010003058                clocks_init
 .text.clock_get_hz
                0x0000000010003158        0xc CMakeFiles/pak-gadget.dir/tree/downloaded_tools/pico/pico-sdk/src/rp2_common/hardware_clocks/clocks.c.obj
                0x0000000010003158                clock_get_hz
 .text.set_raw_irq_handler_and_unlock
                0x0000000010003164       0x28 CMakeFiles/pak-gadget.dir/tree/downloaded_tools/pico/pico-sdk/src/rp2_common/hardware_irq/irq.c.obj
 .text.make_branch
                0x000000001000318c       0x34 CMakeFiles/pak-gadget.dir/tree/downloaded_tools/pico/pico-sdk/src/rp2_common/hardware_irq/irq.c.obj
 .text.insert_branch_and_link
                0x00000000100031c0       0x40 CMakeFiles/pak-gadget.dir/tree/downloaded_tools/pico/pico-sdk/src/rp2_common/hardware_irq/irq.c.obj
 .text.irq_is_enabled
                0x0000000010003200       0x18 CMakeFiles/pak-gadget.dir/tree/downloaded_tools/pico/pico-sdk/src/rp2_common/hardware_irq/irq.c.obj
                0x0000000010003200                irq_is_enabled
 .text.irq_set_mask_enabled
                0x0000000010003218       0x20 CMakeFiles/pak-gadget.dir/tree/downloaded_tools/pico/pico-sdk/src/rp2_common/hardware_irq/irq.c.obj
                0x0000000010003218                irq_set_mask_enabled
 .text.irq_set_enabled
                0x0000000010003238        0xe CMakeFiles/pak-gadget.dir/tree/downloaded_tools/pico/pico-sdk/src/rp2_common/hardware_irq/irq.c.obj
                0x0000000010003238                irq_set_enabled
 *fill*         0x0000000010003246        0x2 
 .text.irq_set_pending
                0x0000000010003248       0x10 CMakeFiles/pak-gadget.dir/tree/downloaded_tools/pico/pico-sdk/src/rp2_common/hardware_irq/irq.c.obj
                0x0000000010003248                irq_set_pending
 .text.irq_get_vtable_handler
                0x0000000010003258       0x10 CMakeFiles/pak-gadget.dir/tree/downloaded_tools/pico/pico-sdk/src/rp2_common/hardware_irq/irq.c.obj
                0x0000000010003258                irq_get_vtable_handler
 .text.irq_set_exclusive_handler
                0x0000000010003268       0x54 CMakeFiles/pak-gadget.dir/tree/downloaded_tools/pico/pico-sdk/src/rp2_common/hardware_irq/irq.c.obj
                0x0000000010003268                irq_set_exclusive_handler
 .text.irq_remove_handler
                0x00000000100032bc      0x1ac CMakeFiles/pak-gadget.dir/tree/downloaded_tools/pico/pico-sdk/src/rp2_common/hardware_irq/irq.c.obj
                0x00000000100032bc                irq_remove_handler
 .text.irq_set_priority
                0x0000000010003468       0x28 CMakeFiles/pak-gadget.dir/tree/downloaded_tools/pico/pico-sdk/src/rp2_common/hardware_irq/irq.c.obj
                0x0000000010003468                irq_set_priority
 .text.irq_add_tail_to_free_list
                0x0000000010003490       0xf0 CMakeFiles/pak-gadget.dir/tree/downloaded_tools/pico/pico-sdk/src/rp2_common/hardware_irq/irq.c.obj
                0x0000000010003490                irq_add_tail_to_free_list
 .text.irq_init_priorities
                0x0000000010003580       0x16 CMakeFiles/pak-gadget.dir/tree/downloaded_tools/pico/pico-sdk/src/rp2_common/hardware_irq/irq.c.obj
                0x0000000010003580                irq_init_priorities
 *fill*         0x0000000010003596        0x2 
 .text.pll_init
                0x0000000010003598      0x118 CMakeFiles/pak-gadget.dir/tree/downloaded_tools/pico/pico-sdk/src/rp2_common/hardware_pll/pll.c.obj
                0x0000000010003598                pll_init
 .text.watchdog_start_tick
                0x00000000100036b0       0x10 CMakeFiles/pak-gadget.dir/tree/downloaded_tools/pico/pico-sdk/src/rp2_common/hardware_watchdog/watchdog.c.obj
                0x00000000100036b0                watchdog_start_tick
 .text.watchdog_update
                0x00000000100036c0       0x14 CMakeFiles/pak-gadget.dir/tree/downloaded_tools/pico/pico-sdk/src/rp2_common/hardware_watchdog/watchdog.c.obj
                0x00000000100036c0                watchdog_update
 .text._watchdog_enable
                0x00000000100036d4       0x70 CMakeFiles/pak-gadget.dir/tree/downloaded_tools/pico/pico-sdk/src/rp2_common/hardware_watchdog/watchdog.c.obj
                0x00000000100036d4                _watchdog_enable
 .text.watchdog_reboot
                0x0000000010003744       0x48 CMakeFiles/pak-gadget.dir/tree/downloaded_tools/pico/pico-sdk/src/rp2_common/hardware_watchdog/watchdog.c.obj
                0x0000000010003744                watchdog_reboot
 .text.xosc_init
                0x000000001000378c       0x28 CMakeFiles/pak-gadget.dir/tree/downloaded_tools/pico/pico-sdk/src/rp2_common/hardware_xosc/xosc.c.obj
                0x000000001000378c                xosc_init
 .text._out_buffer
                0x00000000100037b4        0x8 CMakeFiles/pak-gadget.dir/tree/downloaded_tools/pico/pico-sdk/src/rp2_common/pico_printf/printf.c.obj
 .text._out_null
                0x00000000100037bc        0x2 CMakeFiles/pak-gadget.dir/tree/downloaded_tools/pico/pico-sdk/src/rp2_common/pico_printf/printf.c.obj
 .text._out_fct
                0x00000000100037be        0xe CMakeFiles/pak-gadget.dir/tree/downloaded_tools/pico/pico-sdk/src/rp2_common/pico_printf/printf.c.obj
 .text._atoi    0x00000000100037cc       0x24 CMakeFiles/pak-gadget.dir/tree/downloaded_tools/pico/pico-sdk/src/rp2_common/pico_printf/printf.c.obj
 .text._out_rev
                0x00000000100037f0       0xae CMakeFiles/pak-gadget.dir/tree/downloaded_tools/pico/pico-sdk/src/rp2_common/pico_printf/printf.c.obj
 .text._ntoa_format
                0x000000001000389e      0x110 CMakeFiles/pak-gadget.dir/tree/downloaded_tools/pico/pico-sdk/src/rp2_common/pico_printf/printf.c.obj
 .text._ntoa_long
                0x00000000100039ae       0xbc CMakeFiles/pak-gadget.dir/tree/downloaded_tools/pico/pico-sdk/src/rp2_common/pico_printf/printf.c.obj
 .text._ntoa_long_long
                0x0000000010003a6a       0xe2 CMakeFiles/pak-gadget.dir/tree/downloaded_tools/pico/pico-sdk/src/rp2_common/pico_printf/printf.c.obj
 .text._etoa    0x0000000010003b4c      0x40c CMakeFiles/pak-gadget.dir/tree/downloaded_tools/pico/pico-sdk/src/rp2_common/pico_printf/printf.c.obj
 .text._ftoa    0x0000000010003f58      0x354 CMakeFiles/pak-gadget.dir/tree/downloaded_tools/pico/pico-sdk/src/rp2_common/pico_printf/printf.c.obj
 .text._vsnprintf
                0x00000000100042ac      0x628 CMakeFiles/pak-gadget.dir/tree/downloaded_tools/pico/pico-sdk/src/rp2_common/pico_printf/printf.c.obj
 .text.__wrap_sprintf
                0x00000000100048d4       0x28 CMakeFiles/pak-gadget.dir/tree/downloaded_tools/pico/pico-sdk/src/rp2_common/pico_printf/printf.c.obj
                0x00000000100048d4                __wrap_sprintf
 .text.vfctprintf
                0x00000000100048fc       0x20 CMakeFiles/pak-gadget.dir/tree/downloaded_tools/pico/pico-sdk/src/rp2_common/pico_printf/printf.c.obj
                0x00000000100048fc                vfctprintf
 .text          0x000000001000491c       0x10 CMakeFiles/pak-gadget.dir/tree/downloaded_tools/pico/pico-sdk/src/rp2_common/pico_bit_ops/bit_ops_aeabi.S.obj
 .text.rom_func_lookup
                0x000000001000492c       0x10 CMakeFiles/pak-gadget.dir/tree/downloaded_tools/pico/pico-sdk/src/rp2_common/pico_bootrom/bootrom.c.obj
                0x000000001000492c                rom_func_lookup
 .text.rom_data_lookup
                0x000000001000493c       0x10 CMakeFiles/pak-gadget.dir/tree/downloaded_tools/pico/pico-sdk/src/rp2_common/pico_bootrom/bootrom.c.obj
                0x000000001000493c                rom_data_lookup
 .text.rom_funcs_lookup
                0x000000001000494c       0x36 CMakeFiles/pak-gadget.dir/tree/downloaded_tools/pico/pico-sdk/src/rp2_common/pico_bootrom/bootrom.c.obj
                0x000000001000494c                rom_funcs_lookup
 *fill*         0x0000000010004982        0x2 
 .text.__wrap___aeabi_idiv
                0x0000000010004984       0x50 CMakeFiles/pak-gadget.dir/tree/downloaded_tools/pico/pico-sdk/src/rp2_common/pico_divider/divider.S.obj
                0x0000000010004984                __wrap___aeabi_idivmod
                0x0000000010004984                divmod_s32s32
                0x0000000010004984                div_s32s32
                0x0000000010004984                __wrap___aeabi_idiv
                0x000000001000498c                divmod_s32s32_unsafe
                0x00000000100049b8                divmod_s32s32_savestate
 .text.__wrap___aeabi_uidiv
                0x00000000100049d4       0x4c CMakeFiles/pak-gadget.dir/tree/downloaded_tools/pico/pico-sdk/src/rp2_common/pico_divider/divider.S.obj
                0x00000000100049d4                __wrap___aeabi_uidiv
                0x00000000100049d4                __wrap___aeabi_uidivmod
                0x00000000100049d4                div_u32u32
                0x00000000100049d4                divmod_u32u32
                0x00000000100049dc                divmod_u32u32_unsafe
                0x0000000010004a04                divmod_u32u32_savestate
 .text.__wrap___aeabi_ldiv
                0x0000000010004a20      0x430 CMakeFiles/pak-gadget.dir/tree/downloaded_tools/pico/pico-sdk/src/rp2_common/pico_divider/divider.S.obj
                0x0000000010004a20                div_s64s64
                0x0000000010004a20                divmod_s64s64
                0x0000000010004a20                __wrap___aeabi_ldivmod
                0x0000000010004a58                div_u64u64
                0x0000000010004a58                divmod_u64u64
                0x0000000010004a58                __wrap___aeabi_uldivmod
                0x0000000010004a68                divmod_u64u64_savestate
                0x0000000010004a90                divmod_s64s64_unsafe
                0x0000000010004b18                divmod_u64u64_unsafe
 .text.__wrap___aeabi_darithmetic
                0x0000000010004e50       0x80 CMakeFiles/pak-gadget.dir/tree/downloaded_tools/pico/pico-sdk/src/rp2_common/pico_double/double_aeabi.S.obj
                0x0000000010004e50                __wrap___aeabi_drsub
                0x0000000010004e56                __wrap___aeabi_dsub
                0x0000000010004e68                __wrap___aeabi_dadd
                0x0000000010004e7a                __wrap___aeabi_ddiv
                0x0000000010004eb6                __wrap___aeabi_dmul
 .text.__wrap___aeabi_cdcmple
                0x0000000010004ed0       0x6c CMakeFiles/pak-gadget.dir/tree/downloaded_tools/pico/pico-sdk/src/rp2_common/pico_double/double_aeabi.S.obj
                0x0000000010004ed0                __wrap___aeabi_cdrcmple
                0x0000000010004ee0                __wrap___aeabi_cdcmple
                0x0000000010004ee0                __wrap___aeabi_cdcmpeq
 .text.__wrap___aeabi_dcmpeq
                0x0000000010004f3c       0x10 CMakeFiles/pak-gadget.dir/tree/downloaded_tools/pico/pico-sdk/src/rp2_common/pico_double/double_aeabi.S.obj
                0x0000000010004f3c                __wrap___aeabi_dcmpeq
 .text.__wrap___aeabi_dcmplt
                0x0000000010004f4c        0xc CMakeFiles/pak-gadget.dir/tree/downloaded_tools/pico/pico-sdk/src/rp2_common/pico_double/double_aeabi.S.obj
                0x0000000010004f4c                __wrap___aeabi_dcmplt
 .text.__wrap___aeabi_dcmple
                0x0000000010004f58       0x10 CMakeFiles/pak-gadget.dir/tree/downloaded_tools/pico/pico-sdk/src/rp2_common/pico_double/double_aeabi.S.obj
                0x0000000010004f58                __wrap___aeabi_dcmple
 .text.__wrap___aeabi_dcmpge
                0x0000000010004f68       0x10 CMakeFiles/pak-gadget.dir/tree/downloaded_tools/pico/pico-sdk/src/rp2_common/pico_double/double_aeabi.S.obj
                0x0000000010004f68                __wrap___aeabi_dcmpge
 .text.__wrap___aeabi_dcmpgt
                0x0000000010004f78        0xa CMakeFiles/pak-gadget.dir/tree/downloaded_tools/pico/pico-sdk/src/rp2_common/pico_double/double_aeabi.S.obj
                0x0000000010004f78                __wrap___aeabi_dcmpgt
 .text.__wrap___aeabi_dcmpun
                0x0000000010004f82       0x1c CMakeFiles/pak-gadget.dir/tree/downloaded_tools/pico/pico-sdk/src/rp2_common/pico_double/double_aeabi.S.obj
                0x0000000010004f82                __wrap___aeabi_dcmpun
 *fill*         0x0000000010004f9e        0x2 
 .text.__wrap___aeabi_i2d
                0x0000000010004fa0       0x38 CMakeFiles/pak-gadget.dir/tree/downloaded_tools/pico/pico-sdk/src/rp2_common/pico_double/double_aeabi.S.obj
                0x0000000010004fa0                __wrap___aeabi_ui2d
                0x0000000010004fa8                __wrap___aeabi_i2d
 .text.__wrap___aeabi_d2iz
                0x0000000010004fd8       0x48 CMakeFiles/pak-gadget.dir/tree/downloaded_tools/pico/pico-sdk/src/rp2_common/pico_double/double_aeabi.S.obj
                0x0000000010004fd8                __wrap___aeabi_d2iz
                0x0000000010004fd8                double2int_z
 .text.__wrap___aeabi_d2uiz
                0x0000000010005020       0x18 CMakeFiles/pak-gadget.dir/tree/downloaded_tools/pico/pico-sdk/src/rp2_common/pico_double/double_aeabi.S.obj
                0x0000000010005020                double2uint
                0x0000000010005020                __wrap___aeabi_d2uiz
 .text.__wrap___aeabi_l2d
                0x0000000010005038       0x18 CMakeFiles/pak-gadget.dir/tree/downloaded_tools/pico/pico-sdk/src/rp2_common/pico_double/double_aeabi.S.obj
                0x0000000010005038                __wrap___aeabi_l2d
 .text.__wrap___aeabi_d2lz
                0x0000000010005050       0x26 CMakeFiles/pak-gadget.dir/tree/downloaded_tools/pico/pico-sdk/src/rp2_common/pico_double/double_aeabi.S.obj
                0x0000000010005050                __wrap___aeabi_d2lz
                0x0000000010005050                double2int64_z
 *fill*         0x0000000010005076        0x2 
 .text.double2int64
                0x0000000010005078       0x18 CMakeFiles/pak-gadget.dir/tree/downloaded_tools/pico/pico-sdk/src/rp2_common/pico_double/double_aeabi.S.obj
                0x0000000010005078                double2int64
 .text.double2ufix64
                0x0000000010005090       0x18 CMakeFiles/pak-gadget.dir/tree/downloaded_tools/pico/pico-sdk/src/rp2_common/pico_double/double_aeabi.S.obj
                0x0000000010005090                double2ufix64
 .text.__wrap___aeabi_d2f
                0x00000000100050a8       0x18 CMakeFiles/pak-gadget.dir/tree/downloaded_tools/pico/pico-sdk/src/rp2_common/pico_double/double_aeabi.S.obj
                0x00000000100050a8                __wrap___aeabi_d2f
 .text.__aeabi_double_init
                0x00000000100050c0       0xb4 CMakeFiles/pak-gadget.dir/tree/downloaded_tools/pico/pico-sdk/src/rp2_common/pico_double/double_init_rom.c.obj
                0x00000000100050c0                __aeabi_double_init
 .text.double_table_shim_on_use_helper
                0x0000000010005174       0x34 CMakeFiles/pak-gadget.dir/tree/downloaded_tools/pico/pico-sdk/src/rp2_common/pico_double/double_v1_rom_shim.S.obj
                0x0000000010005174                double_table_shim_on_use_helper
 .text.__wrap___aeabi_dsub
                0x00000000100051a8       0x10 CMakeFiles/pak-gadget.dir/tree/downloaded_tools/pico/pico-sdk/src/rp2_common/pico_double/double_v1_rom_shim.S.obj
                0x00000000100051a8                drsub_shim
                0x00000000100051ae                dsub_shim
 .text.dadd_shim
                0x00000000100051b8      0x15c CMakeFiles/pak-gadget.dir/tree/downloaded_tools/pico/pico-sdk/src/rp2_common/pico_double/double_v1_rom_shim.S.obj
                0x00000000100051b8                dadd_shim
 .text.dmul_shim
                0x0000000010005314      0x15c CMakeFiles/pak-gadget.dir/tree/downloaded_tools/pico/pico-sdk/src/rp2_common/pico_double/double_v1_rom_shim.S.obj
                0x0000000010005314                dmul_shim
 .text.ddiv_shim
                0x0000000010005470      0x1b0 CMakeFiles/pak-gadget.dir/tree/downloaded_tools/pico/pico-sdk/src/rp2_common/pico_double/double_v1_rom_shim.S.obj
                0x0000000010005470                ddiv_shim
 .text.dcordic_rot_step
                0x0000000010005620       0x7c CMakeFiles/pak-gadget.dir/tree/downloaded_tools/pico/pico-sdk/src/rp2_common/pico_double/double_v1_rom_shim.S.obj
                0x0000000010005620                dcordic_rot_step
 .text.double2uint_shim
                0x000000001000569c        0xe CMakeFiles/pak-gadget.dir/tree/downloaded_tools/pico/pico-sdk/src/rp2_common/pico_double/double_v1_rom_shim.S.obj
                0x000000001000569c                double2uint_shim
                0x000000001000569e                double2ufix_shim
 .text.double2int64_shim
                0x00000000100056aa       0x1a CMakeFiles/pak-gadget.dir/tree/downloaded_tools/pico/pico-sdk/src/rp2_common/pico_double/double_v1_rom_shim.S.obj
                0x00000000100056aa                double2int64_shim
                0x00000000100056ac                double2fix64_shim
 .text.double2uint64_shim
                0x00000000100056c4       0x6c CMakeFiles/pak-gadget.dir/tree/downloaded_tools/pico/pico-sdk/src/rp2_common/pico_double/double_v1_rom_shim.S.obj
                0x00000000100056c4                double2uint64_shim
                0x00000000100056c6                double2ufix64_shim
                0x00000000100056e0                d2fix_a
 .text.double2float_shim
                0x0000000010005730       0x5c CMakeFiles/pak-gadget.dir/tree/downloaded_tools/pico/pico-sdk/src/rp2_common/pico_double/double_v1_rom_shim.S.obj
                0x0000000010005730                double2float_shim
 .text.x2double_shims
                0x000000001000578c       0x90 CMakeFiles/pak-gadget.dir/tree/downloaded_tools/pico/pico-sdk/src/rp2_common/pico_double/double_v1_rom_shim.S.obj
                0x000000001000578c                uint2double_shim
                0x000000001000578e                ufix2double_shim
                0x0000000010005794                int2double_shim
                0x0000000010005796                fix2double_shim
                0x000000001000579c                uint642double_shim
                0x000000001000579e                ufix642double_shim
                0x00000000100057a4                int642double_shim
                0x00000000100057a6                fix642double_shim
 .text.dunpacks
                0x000000001000581c       0x3c CMakeFiles/pak-gadget.dir/tree/downloaded_tools/pico/pico-sdk/src/rp2_common/pico_double/double_v1_rom_shim.S.obj
                0x000000001000581c                dunpacks
 .text.__aeabi_lmul
                0x0000000010005858       0x32 CMakeFiles/pak-gadget.dir/tree/downloaded_tools/pico/pico-sdk/src/rp2_common/pico_int64_ops/pico_int64_ops_aeabi.S.obj
                0x0000000010005858                __wrap___aeabi_lmul
 *fill*         0x000000001000588a        0x2 
 .text.__wrap___aeabi_cfcmple
                0x000000001000588c       0x50 CMakeFiles/pak-gadget.dir/tree/downloaded_tools/pico/pico-sdk/src/rp2_common/pico_float/float_aeabi.S.obj
                0x000000001000588c                __wrap___aeabi_cfrcmple
                0x0000000010005898                __wrap___aeabi_cfcmpeq
                0x0000000010005898                __wrap___aeabi_cfcmple
 .text.__wrap___aeabi_fcmple
                0x00000000100058dc       0x10 CMakeFiles/pak-gadget.dir/tree/downloaded_tools/pico/pico-sdk/src/rp2_common/pico_float/float_aeabi.S.obj
                0x00000000100058dc                __wrap___aeabi_fcmple
 .text.__wrap___aeabi_fcmpun
                0x00000000100058ec       0x18 CMakeFiles/pak-gadget.dir/tree/downloaded_tools/pico/pico-sdk/src/rp2_common/pico_float/float_aeabi.S.obj
                0x00000000100058ec                __wrap___aeabi_fcmpun
 .text.__aeabi_float_init
                0x0000000010005904       0xfc CMakeFiles/pak-gadget.dir/tree/downloaded_tools/pico/pico-sdk/src/rp2_common/pico_float/float_init_rom.c.obj
                0x0000000010005904                __aeabi_float_init
 .text.float_table_shim_on_use_helper
                0x0000000010005a00       0x34 CMakeFiles/pak-gadget.dir/tree/downloaded_tools/pico/pico-sdk/src/rp2_common/pico_float/float_v1_rom_shim.S.obj
                0x0000000010005a00                float_table_shim_on_use_helper
 .text.__wrap_malloc
                0x0000000010005a34       0x3c CMakeFiles/pak-gadget.dir/tree/downloaded_tools/pico/pico-sdk/src/rp2_common/pico_malloc/pico_malloc.c.obj
                0x0000000010005a34                __wrap_malloc
 .text.__wrap_free
                0x0000000010005a70       0x20 CMakeFiles/pak-gadget.dir/tree/downloaded_tools/pico/pico-sdk/src/rp2_common/pico_malloc/pico_malloc.c.obj
                0x0000000010005a70                __wrap_free
 .text          0x0000000010005a90       0x10 CMakeFiles/pak-gadget.dir/tree/downloaded_tools/pico/pico-sdk/src/rp2_common/pico_mem_ops/mem_ops_aeabi.S.obj
                0x0000000010005a90                __aeabi_mem_init
 .text.memset   0x0000000010005aa0        0xc CMakeFiles/pak-gadget.dir/tree/downloaded_tools/pico/pico-sdk/src/rp2_common/pico_mem_ops/mem_ops_aeabi.S.obj
                0x0000000010005aa0                __wrap_memset
 .text.memcpy   0x0000000010005aac        0xc CMakeFiles/pak-gadget.dir/tree/downloaded_tools/pico/pico-sdk/src/rp2_common/pico_mem_ops/mem_ops_aeabi.S.obj
                0x0000000010005aac                __wrap___aeabi_memcpy
                0x0000000010005aac                __wrap_memcpy
 .text.stdio_out_chars_crlf
                0x0000000010005ab8       0x80 CMakeFiles/pak-gadget.dir/tree/downloaded_tools/pico/pico-sdk/src/rp2_common/pico_stdio/stdio.c.obj
 .text.stdio_stack_buffer_flush
                0x0000000010005b38       0x44 CMakeFiles/pak-gadget.dir/tree/downloaded_tools/pico/pico-sdk/src/rp2_common/pico_stdio/stdio.c.obj
 .text.stdio_buffered_printer
                0x0000000010005b7c       0x20 CMakeFiles/pak-gadget.dir/tree/downloaded_tools/pico/pico-sdk/src/rp2_common/pico_stdio/stdio.c.obj
 .text.stdio_get_until
                0x0000000010005b9c       0x80 CMakeFiles/pak-gadget.dir/tree/downloaded_tools/pico/pico-sdk/src/rp2_common/pico_stdio/stdio.c.obj
 .text.stdout_serialize_begin
                0x0000000010005c1c       0x30 CMakeFiles/pak-gadget.dir/tree/downloaded_tools/pico/pico-sdk/src/rp2_common/pico_stdio/stdio.c.obj
                0x0000000010005c1c                stdout_serialize_begin
 .text.stdout_serialize_end
                0x0000000010005c4c       0x10 CMakeFiles/pak-gadget.dir/tree/downloaded_tools/pico/pico-sdk/src/rp2_common/pico_stdio/stdio.c.obj
                0x0000000010005c4c                stdout_serialize_end
 .text.stdio_put_string
                0x0000000010005c5c       0x84 CMakeFiles/pak-gadget.dir/tree/downloaded_tools/pico/pico-sdk/src/rp2_common/pico_stdio/stdio.c.obj
 .text._read    0x0000000010005ce0       0x24 CMakeFiles/pak-gadget.dir/tree/downloaded_tools/pico/pico-sdk/src/rp2_common/pico_stdio/stdio.c.obj
                0x0000000010005ce0                _read
 .text._write   0x0000000010005d04       0x1e CMakeFiles/pak-gadget.dir/tree/downloaded_tools/pico/pico-sdk/src/rp2_common/pico_stdio/stdio.c.obj
                0x0000000010005d04                _write
 *fill*         0x0000000010005d22        0x2 
 .text.stdio_set_driver_enabled
                0x0000000010005d24       0x38 CMakeFiles/pak-gadget.dir/tree/downloaded_tools/pico/pico-sdk/src/rp2_common/pico_stdio/stdio.c.obj
                0x0000000010005d24                stdio_set_driver_enabled
 .text.stdio_flush
                0x0000000010005d5c       0x20 CMakeFiles/pak-gadget.dir/tree/downloaded_tools/pico/pico-sdk/src/rp2_common/pico_stdio/stdio.c.obj
                0x0000000010005d5c                stdio_flush
 .text.__wrap_puts
                0x0000000010005d7c       0x1c CMakeFiles/pak-gadget.dir/tree/downloaded_tools/pico/pico-sdk/src/rp2_common/pico_stdio/stdio.c.obj
                0x0000000010005d7c                __wrap_puts
 .text.__wrap_vprintf
                0x0000000010005d98       0x44 CMakeFiles/pak-gadget.dir/tree/downloaded_tools/pico/pico-sdk/src/rp2_common/pico_stdio/stdio.c.obj
                0x0000000010005d98                __wrap_vprintf
 .text.__wrap_printf
                0x0000000010005ddc       0x18 CMakeFiles/pak-gadget.dir/tree/downloaded_tools/pico/pico-sdk/src/rp2_common/pico_stdio/stdio.c.obj
                0x0000000010005ddc                __wrap_printf
 .text.stdio_init_all
                0x0000000010005df4        0xc CMakeFiles/pak-gadget.dir/tree/downloaded_tools/pico/pico-sdk/src/rp2_common/pico_stdio/stdio.c.obj
                0x0000000010005df4                stdio_init_all
 .text.stdio_uart_out_chars
                0x0000000010005e00       0x74 CMakeFiles/pak-gadget.dir/tree/downloaded_tools/pico/pico-sdk/src/rp2_common/pico_stdio_uart/stdio_uart.c.obj
 .text.stdio_uart_in_chars
                0x0000000010005e74       0x54 CMakeFiles/pak-gadget.dir/tree/downloaded_tools/pico/pico-sdk/src/rp2_common/pico_stdio_uart/stdio_uart.c.obj
                0x0000000010005e74                stdio_uart_in_chars
 .text.stdio_uart_init_full
                0x0000000010005ec8       0x3c CMakeFiles/pak-gadget.dir/tree/downloaded_tools/pico/pico-sdk/src/rp2_common/pico_stdio_uart/stdio_uart.c.obj
                0x0000000010005ec8                stdio_uart_init_full
 .text.stdio_uart_init
                0x0000000010005f04       0x28 CMakeFiles/pak-gadget.dir/tree/downloaded_tools/pico/pico-sdk/src/rp2_common/pico_stdio_uart/stdio_uart.c.obj
                0x0000000010005f04                stdio_uart_init
 .text.resetd_init
                0x0000000010005f2c        0x2 CMakeFiles/pak-gadget.dir/tree/downloaded_tools/pico/pico-sdk/src/rp2_common/pico_stdio_usb/reset_interface.c.obj
 *fill*         0x0000000010005f2e        0x2 
 .text.resetd_reset
                0x0000000010005f30        0xc CMakeFiles/pak-gadget.dir/tree/downloaded_tools/pico/pico-sdk/src/rp2_common/pico_stdio_usb/reset_interface.c.obj
 .text.resetd_open
                0x0000000010005f3c       0x34 CMakeFiles/pak-gadget.dir/tree/downloaded_tools/pico/pico-sdk/src/rp2_common/pico_stdio_usb/reset_interface.c.obj
 .text.resetd_xfer_cb
                0x0000000010005f70        0x4 CMakeFiles/pak-gadget.dir/tree/downloaded_tools/pico/pico-sdk/src/rp2_common/pico_stdio_usb/reset_interface.c.obj
 .text.resetd_control_xfer_cb
                0x0000000010005f74       0x6c CMakeFiles/pak-gadget.dir/tree/downloaded_tools/pico/pico-sdk/src/rp2_common/pico_stdio_usb/reset_interface.c.obj
 .text.usbd_app_driver_get_cb
                0x0000000010005fe0        0xc CMakeFiles/pak-gadget.dir/tree/downloaded_tools/pico/pico-sdk/src/rp2_common/pico_stdio_usb/reset_interface.c.obj
                0x0000000010005fe0                usbd_app_driver_get_cb
 .text.tud_cdc_line_coding_cb
                0x0000000010005fec       0x34 CMakeFiles/pak-gadget.dir/tree/downloaded_tools/pico/pico-sdk/src/rp2_common/pico_stdio_usb/reset_interface.c.obj
                0x0000000010005fec                tud_cdc_line_coding_cb
 .text.stdio_usb_in_chars
                0x0000000010006020       0x70 CMakeFiles/pak-gadget.dir/tree/downloaded_tools/pico/pico-sdk/src/rp2_common/pico_stdio_usb/stdio_usb.c.obj
                0x0000000010006020                stdio_usb_in_chars
 .text.low_priority_worker_irq
                0x0000000010006090       0x20 CMakeFiles/pak-gadget.dir/tree/downloaded_tools/pico/pico-sdk/src/rp2_common/pico_stdio_usb/stdio_usb.c.obj
 .text.stdio_usb_out_chars
                0x00000000100060b0       0xd4 CMakeFiles/pak-gadget.dir/tree/downloaded_tools/pico/pico-sdk/src/rp2_common/pico_stdio_usb/stdio_usb.c.obj
 .text.timer_task
                0x0000000010006184       0x10 CMakeFiles/pak-gadget.dir/tree/downloaded_tools/pico/pico-sdk/src/rp2_common/pico_stdio_usb/stdio_usb.c.obj
 .text.stdio_usb_init
                0x0000000010006194       0xb8 CMakeFiles/pak-gadget.dir/tree/downloaded_tools/pico/pico-sdk/src/rp2_common/pico_stdio_usb/stdio_usb.c.obj
                0x0000000010006194                stdio_usb_init
 .text.tud_descriptor_device_cb
                0x000000001000624c        0x8 CMakeFiles/pak-gadget.dir/tree/downloaded_tools/pico/pico-sdk/src/rp2_common/pico_stdio_usb/stdio_usb_descriptors.c.obj
                0x000000001000624c                tud_descriptor_device_cb
 .text.tud_descriptor_configuration_cb
                0x0000000010006254        0x8 CMakeFiles/pak-gadget.dir/tree/downloaded_tools/pico/pico-sdk/src/rp2_common/pico_stdio_usb/stdio_usb_descriptors.c.obj
                0x0000000010006254                tud_descriptor_configuration_cb
 .text.tud_descriptor_string_cb
                0x000000001000625c       0x68 CMakeFiles/pak-gadget.dir/tree/downloaded_tools/pico/pico-sdk/src/rp2_common/pico_stdio_usb/stdio_usb_descriptors.c.obj
                0x000000001000625c                tud_descriptor_string_cb
 .text.hw_endpoint_get_by_addr
                0x00000000100062c4       0x18 CMakeFiles/pak-gadget.dir/tree/downloaded_tools/pico/pico-sdk/lib/tinyusb/src/portable/raspberrypi/rp2040/dcd_rp2040.c.obj
 .text.reset_ep0
                0x00000000100062dc       0x2c CMakeFiles/pak-gadget.dir/tree/downloaded_tools/pico/pico-sdk/lib/tinyusb/src/portable/raspberrypi/rp2040/dcd_rp2040.c.obj
 .text._hw_endpoint_alloc
                0x0000000010006308       0x80 CMakeFiles/pak-gadget.dir/tree/downloaded_tools/pico/pico-sdk/lib/tinyusb/src/portable/raspberrypi/rp2040/dcd_rp2040.c.obj
 .text._hw_endpoint_init
                0x0000000010006388       0xbc CMakeFiles/pak-gadget.dir/tree/downloaded_tools/pico/pico-sdk/lib/tinyusb/src/portable/raspberrypi/rp2040/dcd_rp2040.c.obj
 .text.hw_endpoint_init
                0x0000000010006444       0x18 CMakeFiles/pak-gadget.dir/tree/downloaded_tools/pico/pico-sdk/lib/tinyusb/src/portable/raspberrypi/rp2040/dcd_rp2040.c.obj
 .text.hw_handle_buff_status
                0x000000001000645c       0xb4 CMakeFiles/pak-gadget.dir/tree/downloaded_tools/pico/pico-sdk/lib/tinyusb/src/portable/raspberrypi/rp2040/dcd_rp2040.c.obj
 .text.dcd_rp2040_irq
                0x0000000010006510       0xa8 CMakeFiles/pak-gadget.dir/tree/downloaded_tools/pico/pico-sdk/lib/tinyusb/src/portable/raspberrypi/rp2040/dcd_rp2040.c.obj
 .text.hw_endpoint_xfer
                0x00000000100065b8       0x18 CMakeFiles/pak-gadget.dir/tree/downloaded_tools/pico/pico-sdk/lib/tinyusb/src/portable/raspberrypi/rp2040/dcd_rp2040.c.obj
 .text.ep0_0len_status
                0x00000000100065d0       0x14 CMakeFiles/pak-gadget.dir/tree/downloaded_tools/pico/pico-sdk/lib/tinyusb/src/portable/raspberrypi/rp2040/dcd_rp2040.c.obj
 .text._hw_endpoint_stall
                0x00000000100065e4       0x54 CMakeFiles/pak-gadget.dir/tree/downloaded_tools/pico/pico-sdk/lib/tinyusb/src/portable/raspberrypi/rp2040/dcd_rp2040.c.obj
 .text.hw_endpoint_stall
                0x0000000010006638        0xc CMakeFiles/pak-gadget.dir/tree/downloaded_tools/pico/pico-sdk/lib/tinyusb/src/portable/raspberrypi/rp2040/dcd_rp2040.c.obj
 .text._hw_endpoint_clear_stall
                0x0000000010006644       0x34 CMakeFiles/pak-gadget.dir/tree/downloaded_tools/pico/pico-sdk/lib/tinyusb/src/portable/raspberrypi/rp2040/dcd_rp2040.c.obj
 .text.hw_endpoint_clear_stall
                0x0000000010006678        0xc CMakeFiles/pak-gadget.dir/tree/downloaded_tools/pico/pico-sdk/lib/tinyusb/src/portable/raspberrypi/rp2040/dcd_rp2040.c.obj
 .text.dcd_int_enable
                0x0000000010006684       0x2c CMakeFiles/pak-gadget.dir/tree/downloaded_tools/pico/pico-sdk/lib/tinyusb/src/portable/raspberrypi/rp2040/dcd_rp2040.c.obj
                0x0000000010006684                dcd_int_enable
 .text.dcd_set_address
                0x00000000100066b0       0x28 CMakeFiles/pak-gadget.dir/tree/downloaded_tools/pico/pico-sdk/lib/tinyusb/src/portable/raspberrypi/rp2040/dcd_rp2040.c.obj
                0x00000000100066b0                dcd_set_address
 .text.dcd_connect
                0x00000000100066d8       0x30 CMakeFiles/pak-gadget.dir/tree/downloaded_tools/pico/pico-sdk/lib/tinyusb/src/portable/raspberrypi/rp2040/dcd_rp2040.c.obj
                0x00000000100066d8                dcd_connect
 .text.dcd_init
                0x0000000010006708       0x84 CMakeFiles/pak-gadget.dir/tree/downloaded_tools/pico/pico-sdk/lib/tinyusb/src/portable/raspberrypi/rp2040/dcd_rp2040.c.obj
                0x0000000010006708                dcd_init
 .text.dcd_edpt0_status_complete
                0x000000001000678c       0x40 CMakeFiles/pak-gadget.dir/tree/downloaded_tools/pico/pico-sdk/lib/tinyusb/src/portable/raspberrypi/rp2040/dcd_rp2040.c.obj
                0x000000001000678c                dcd_edpt0_status_complete
 .text.dcd_edpt_open
                0x00000000100067cc       0x40 CMakeFiles/pak-gadget.dir/tree/downloaded_tools/pico/pico-sdk/lib/tinyusb/src/portable/raspberrypi/rp2040/dcd_rp2040.c.obj
                0x00000000100067cc                dcd_edpt_open
 .text.dcd_edpt_xfer
                0x000000001000680c       0x34 CMakeFiles/pak-gadget.dir/tree/downloaded_tools/pico/pico-sdk/lib/tinyusb/src/portable/raspberrypi/rp2040/dcd_rp2040.c.obj
                0x000000001000680c                dcd_edpt_xfer
 .text.dcd_edpt_stall
                0x0000000010006840       0x28 CMakeFiles/pak-gadget.dir/tree/downloaded_tools/pico/pico-sdk/lib/tinyusb/src/portable/raspberrypi/rp2040/dcd_rp2040.c.obj
                0x0000000010006840                dcd_edpt_stall
 .text.dcd_edpt_clear_stall
                0x0000000010006868       0x2c CMakeFiles/pak-gadget.dir/tree/downloaded_tools/pico/pico-sdk/lib/tinyusb/src/portable/raspberrypi/rp2040/dcd_rp2040.c.obj
                0x0000000010006868                dcd_edpt_clear_stall
 .text.rp2040_usb_init
                0x0000000010006894       0x50 CMakeFiles/pak-gadget.dir/tree/downloaded_tools/pico/pico-sdk/lib/tinyusb/src/portable/raspberrypi/rp2040/rp2040_usb.c.obj
                0x0000000010006894                rp2040_usb_init
 .text.hw_endpoint_reset_transfer
                0x00000000100068e4       0x10 CMakeFiles/pak-gadget.dir/tree/downloaded_tools/pico/pico-sdk/lib/tinyusb/src/portable/raspberrypi/rp2040/rp2040_usb.c.obj
                0x00000000100068e4                hw_endpoint_reset_transfer
 .text._hw_endpoint_buffer_control_update32
                0x00000000100068f4       0x58 CMakeFiles/pak-gadget.dir/tree/downloaded_tools/pico/pico-sdk/lib/tinyusb/src/portable/raspberrypi/rp2040/rp2040_usb.c.obj
                0x00000000100068f4                _hw_endpoint_buffer_control_update32
 .text._hw_endpoint_start_next_buffer
                0x000000001000694c       0x50 CMakeFiles/pak-gadget.dir/tree/downloaded_tools/pico/pico-sdk/lib/tinyusb/src/portable/raspberrypi/rp2040/rp2040_usb.c.obj
                0x000000001000694c                _hw_endpoint_start_next_buffer
 .text._hw_endpoint_xfer_start
                0x000000001000699c       0x3e CMakeFiles/pak-gadget.dir/tree/downloaded_tools/pico/pico-sdk/lib/tinyusb/src/portable/raspberrypi/rp2040/rp2040_usb.c.obj
                0x000000001000699c                _hw_endpoint_xfer_start
 *fill*         0x00000000100069da        0x2 
 .text._hw_endpoint_xfer_sync
                0x00000000100069dc       0x74 CMakeFiles/pak-gadget.dir/tree/downloaded_tools/pico/pico-sdk/lib/tinyusb/src/portable/raspberrypi/rp2040/rp2040_usb.c.obj
                0x00000000100069dc                _hw_endpoint_xfer_sync
 .text._hw_endpoint_xfer_continue
                0x0000000010006a50       0x60 CMakeFiles/pak-gadget.dir/tree/downloaded_tools/pico/pico-sdk/lib/tinyusb/src/portable/raspberrypi/rp2040/rp2040_usb.c.obj
                0x0000000010006a50                _hw_endpoint_xfer_continue
 .text._hw_endpoint_xfer
                0x0000000010006ab0       0x34 CMakeFiles/pak-gadget.dir/tree/downloaded_tools/pico/pico-sdk/lib/tinyusb/src/portable/raspberrypi/rp2040/rp2040_usb.c.obj
                0x0000000010006ab0                _hw_endpoint_xfer
 .text.mark_interface_endpoint
                0x0000000010006ae4       0x2a CMakeFiles/pak-gadget.dir/tree/downloaded_tools/pico/pico-sdk/lib/tinyusb/src/device/usbd.c.obj
 *fill*         0x0000000010006b0e        0x2 
 .text.usbd_reset
                0x0000000010006b10       0x88 CMakeFiles/pak-gadget.dir/tree/downloaded_tools/pico/pico-sdk/lib/tinyusb/src/device/usbd.c.obj
 .text.invoke_class_control
                0x0000000010006b98       0x1a CMakeFiles/pak-gadget.dir/tree/downloaded_tools/pico/pico-sdk/lib/tinyusb/src/device/usbd.c.obj
 *fill*         0x0000000010006bb2        0x2 
 .text.process_set_config
                0x0000000010006bb4      0x1d0 CMakeFiles/pak-gadget.dir/tree/downloaded_tools/pico/pico-sdk/lib/tinyusb/src/device/usbd.c.obj
 .text.process_get_descriptor
                0x0000000010006d84       0xf8 CMakeFiles/pak-gadget.dir/tree/downloaded_tools/pico/pico-sdk/lib/tinyusb/src/device/usbd.c.obj
 .text.tud_mounted
                0x0000000010006e7c       0x10 CMakeFiles/pak-gadget.dir/tree/downloaded_tools/pico/pico-sdk/lib/tinyusb/src/device/usbd.c.obj
                0x0000000010006e7c                tud_mounted
 .text.tud_suspended
                0x0000000010006e8c       0x10 CMakeFiles/pak-gadget.dir/tree/downloaded_tools/pico/pico-sdk/lib/tinyusb/src/device/usbd.c.obj
                0x0000000010006e8c                tud_suspended
 .text.tud_inited
                0x0000000010006e9c        0xc CMakeFiles/pak-gadget.dir/tree/downloaded_tools/pico/pico-sdk/lib/tinyusb/src/device/usbd.c.obj
                0x0000000010006e9c                tud_inited
 .text.tud_init
                0x0000000010006ea8       0xcc CMakeFiles/pak-gadget.dir/tree/downloaded_tools/pico/pico-sdk/lib/tinyusb/src/device/usbd.c.obj
                0x0000000010006ea8                tud_init
 .text.dcd_event_handler
                0x0000000010006f74      0x174 CMakeFiles/pak-gadget.dir/tree/downloaded_tools/pico/pico-sdk/lib/tinyusb/src/device/usbd.c.obj
                0x0000000010006f74                dcd_event_handler
 .text.dcd_event_bus_signal
                0x00000000100070e8       0x26 CMakeFiles/pak-gadget.dir/tree/downloaded_tools/pico/pico-sdk/lib/tinyusb/src/device/usbd.c.obj
                0x00000000100070e8                dcd_event_bus_signal
 .text.dcd_event_bus_reset
                0x000000001000710e       0x2a CMakeFiles/pak-gadget.dir/tree/downloaded_tools/pico/pico-sdk/lib/tinyusb/src/device/usbd.c.obj
                0x000000001000710e                dcd_event_bus_reset
 .text.dcd_event_setup_received
                0x0000000010007138       0x34 CMakeFiles/pak-gadget.dir/tree/downloaded_tools/pico/pico-sdk/lib/tinyusb/src/device/usbd.c.obj
                0x0000000010007138                dcd_event_setup_received
 .text.dcd_event_xfer_complete
                0x000000001000716c       0x44 CMakeFiles/pak-gadget.dir/tree/downloaded_tools/pico/pico-sdk/lib/tinyusb/src/device/usbd.c.obj
                0x000000001000716c                dcd_event_xfer_complete
 .text.usbd_edpt_open
                0x00000000100071b0       0xe0 CMakeFiles/pak-gadget.dir/tree/downloaded_tools/pico/pico-sdk/lib/tinyusb/src/device/usbd.c.obj
                0x00000000100071b0                usbd_edpt_open
 .text.usbd_open_edpt_pair
                0x0000000010007290       0x8c CMakeFiles/pak-gadget.dir/tree/downloaded_tools/pico/pico-sdk/lib/tinyusb/src/device/usbd.c.obj
                0x0000000010007290                usbd_open_edpt_pair
 .text.usbd_edpt_claim
                0x000000001000731c       0x8c CMakeFiles/pak-gadget.dir/tree/downloaded_tools/pico/pico-sdk/lib/tinyusb/src/device/usbd.c.obj
                0x000000001000731c                usbd_edpt_claim
 .text.usbd_edpt_release
                0x00000000100073a8       0x68 CMakeFiles/pak-gadget.dir/tree/downloaded_tools/pico/pico-sdk/lib/tinyusb/src/device/usbd.c.obj
                0x00000000100073a8                usbd_edpt_release
 .text.usbd_edpt_xfer
                0x0000000010007410       0x80 CMakeFiles/pak-gadget.dir/tree/downloaded_tools/pico/pico-sdk/lib/tinyusb/src/device/usbd.c.obj
                0x0000000010007410                usbd_edpt_xfer
 .text.usbd_edpt_stall
                0x0000000010007490       0x2c CMakeFiles/pak-gadget.dir/tree/downloaded_tools/pico/pico-sdk/lib/tinyusb/src/device/usbd.c.obj
                0x0000000010007490                usbd_edpt_stall
 .text.usbd_edpt_clear_stall
                0x00000000100074bc       0x2c CMakeFiles/pak-gadget.dir/tree/downloaded_tools/pico/pico-sdk/lib/tinyusb/src/device/usbd.c.obj
                0x00000000100074bc                usbd_edpt_clear_stall
 .text.usbd_edpt_stalled
                0x00000000100074e8       0x1c CMakeFiles/pak-gadget.dir/tree/downloaded_tools/pico/pico-sdk/lib/tinyusb/src/device/usbd.c.obj
                0x00000000100074e8                usbd_edpt_stalled
 .text.process_control_request
                0x0000000010007504      0x380 CMakeFiles/pak-gadget.dir/tree/downloaded_tools/pico/pico-sdk/lib/tinyusb/src/device/usbd.c.obj
 .text.tud_task
                0x0000000010007884      0x204 CMakeFiles/pak-gadget.dir/tree/downloaded_tools/pico/pico-sdk/lib/tinyusb/src/device/usbd.c.obj
                0x0000000010007884                tud_task
 .text._data_stage_xact
                0x0000000010007a88       0x58 CMakeFiles/pak-gadget.dir/tree/downloaded_tools/pico/pico-sdk/lib/tinyusb/src/device/usbd_control.c.obj
 .text.tud_control_status
                0x0000000010007ae0       0x38 CMakeFiles/pak-gadget.dir/tree/downloaded_tools/pico/pico-sdk/lib/tinyusb/src/device/usbd_control.c.obj
                0x0000000010007ae0                tud_control_status
 .text.tud_control_xfer
                0x0000000010007b18       0xa8 CMakeFiles/pak-gadget.dir/tree/downloaded_tools/pico/pico-sdk/lib/tinyusb/src/device/usbd_control.c.obj
                0x0000000010007b18                tud_control_xfer
 .text.usbd_control_reset
                0x0000000010007bc0       0x14 CMakeFiles/pak-gadget.dir/tree/downloaded_tools/pico/pico-sdk/lib/tinyusb/src/device/usbd_control.c.obj
                0x0000000010007bc0                usbd_control_reset
 .text.usbd_control_set_complete_callback
                0x0000000010007bd4        0xc CMakeFiles/pak-gadget.dir/tree/downloaded_tools/pico/pico-sdk/lib/tinyusb/src/device/usbd_control.c.obj
                0x0000000010007bd4                usbd_control_set_complete_callback
 .text.usbd_control_set_request
                0x0000000010007be0       0x1c CMakeFiles/pak-gadget.dir/tree/downloaded_tools/pico/pico-sdk/lib/tinyusb/src/device/usbd_control.c.obj
                0x0000000010007be0                usbd_control_set_request
 .text.usbd_control_xfer_cb
                0x0000000010007bfc       0xfc CMakeFiles/pak-gadget.dir/tree/downloaded_tools/pico/pico-sdk/lib/tinyusb/src/device/usbd_control.c.obj
                0x0000000010007bfc                usbd_control_xfer_cb
 .text._prep_out_transaction
                0x0000000010007cf8       0x46 CMakeFiles/pak-gadget.dir/tree/downloaded_tools/pico/pico-sdk/lib/tinyusb/src/class/cdc/cdc_device.c.obj
 *fill*         0x0000000010007d3e        0x2 
 .text.tud_cdc_n_connected
                0x0000000010007d40       0x44 CMakeFiles/pak-gadget.dir/tree/downloaded_tools/pico/pico-sdk/lib/tinyusb/src/class/cdc/cdc_device.c.obj
                0x0000000010007d40                tud_cdc_n_connected
 .text.tud_cdc_n_available
                0x0000000010007d84       0x18 CMakeFiles/pak-gadget.dir/tree/downloaded_tools/pico/pico-sdk/lib/tinyusb/src/class/cdc/cdc_device.c.obj
                0x0000000010007d84                tud_cdc_n_available
 .text.tud_cdc_n_read
                0x0000000010007d9c       0x28 CMakeFiles/pak-gadget.dir/tree/downloaded_tools/pico/pico-sdk/lib/tinyusb/src/class/cdc/cdc_device.c.obj
                0x0000000010007d9c                tud_cdc_n_read
 .text.tud_cdc_n_write_flush
                0x0000000010007dc4       0xcc CMakeFiles/pak-gadget.dir/tree/downloaded_tools/pico/pico-sdk/lib/tinyusb/src/class/cdc/cdc_device.c.obj
                0x0000000010007dc4                tud_cdc_n_write_flush
 .text.tud_cdc_n_write
                0x0000000010007e90       0x38 CMakeFiles/pak-gadget.dir/tree/downloaded_tools/pico/pico-sdk/lib/tinyusb/src/class/cdc/cdc_device.c.obj
                0x0000000010007e90                tud_cdc_n_write
 .text.tud_cdc_n_write_available
                0x0000000010007ec8       0x1c CMakeFiles/pak-gadget.dir/tree/downloaded_tools/pico/pico-sdk/lib/tinyusb/src/class/cdc/cdc_device.c.obj
                0x0000000010007ec8                tud_cdc_n_write_available
 .text.cdcd_init
                0x0000000010007ee4       0xbc CMakeFiles/pak-gadget.dir/tree/downloaded_tools/pico/pico-sdk/lib/tinyusb/src/class/cdc/cdc_device.c.obj
                0x0000000010007ee4                cdcd_init
 .text.cdcd_reset
                0x0000000010007fa0       0x44 CMakeFiles/pak-gadget.dir/tree/downloaded_tools/pico/pico-sdk/lib/tinyusb/src/class/cdc/cdc_device.c.obj
                0x0000000010007fa0                cdcd_reset
 .text.cdcd_open
                0x0000000010007fe4      0x10c CMakeFiles/pak-gadget.dir/tree/downloaded_tools/pico/pico-sdk/lib/tinyusb/src/class/cdc/cdc_device.c.obj
                0x0000000010007fe4                cdcd_open
 .text.cdcd_control_xfer_cb
                0x00000000100080f0      0x134 CMakeFiles/pak-gadget.dir/tree/downloaded_tools/pico/pico-sdk/lib/tinyusb/src/class/cdc/cdc_device.c.obj
                0x00000000100080f0                cdcd_control_xfer_cb
 .text.cdcd_xfer_cb
                0x0000000010008224      0x144 CMakeFiles/pak-gadget.dir/tree/downloaded_tools/pico/pico-sdk/lib/tinyusb/src/class/cdc/cdc_device.c.obj
                0x0000000010008224                cdcd_xfer_cb
 .text.tusb_init
                0x0000000010008368       0x24 CMakeFiles/pak-gadget.dir/tree/downloaded_tools/pico/pico-sdk/lib/tinyusb/src/tusb.c.obj
                0x0000000010008368                tusb_init
 .text.tusb_inited
                0x000000001000838c        0xe CMakeFiles/pak-gadget.dir/tree/downloaded_tools/pico/pico-sdk/lib/tinyusb/src/tusb.c.obj
                0x000000001000838c                tusb_inited
 .text.advance_pointer
                0x000000001000839a       0x1e CMakeFiles/pak-gadget.dir/tree/downloaded_tools/pico/pico-sdk/lib/tinyusb/src/common/tusb_fifo.c.obj
 .text.backward_pointer
                0x00000000100083b8       0x1a CMakeFiles/pak-gadget.dir/tree/downloaded_tools/pico/pico-sdk/lib/tinyusb/src/common/tusb_fifo.c.obj
 .text.get_relative_pointer
                0x00000000100083d2       0x10 CMakeFiles/pak-gadget.dir/tree/downloaded_tools/pico/pico-sdk/lib/tinyusb/src/common/tusb_fifo.c.obj
 .text._tu_fifo_peek
                0x00000000100083e2       0x50 CMakeFiles/pak-gadget.dir/tree/downloaded_tools/pico/pico-sdk/lib/tinyusb/src/common/tusb_fifo.c.obj
 .text._ff_pull_const_addr
                0x0000000010008432       0x4c CMakeFiles/pak-gadget.dir/tree/downloaded_tools/pico/pico-sdk/lib/tinyusb/src/common/tusb_fifo.c.obj
 .text._ff_pull_n
                0x000000001000847e      0x10c CMakeFiles/pak-gadget.dir/tree/downloaded_tools/pico/pico-sdk/lib/tinyusb/src/common/tusb_fifo.c.obj
 .text._tu_fifo_peek_n
                0x000000001000858a       0x5e CMakeFiles/pak-gadget.dir/tree/downloaded_tools/pico/pico-sdk/lib/tinyusb/src/common/tusb_fifo.c.obj
 .text._tu_fifo_read_n
                0x00000000100085e8       0x4e CMakeFiles/pak-gadget.dir/tree/downloaded_tools/pico/pico-sdk/lib/tinyusb/src/common/tusb_fifo.c.obj
 .text._ff_push_const_addr
                0x0000000010008636       0x40 CMakeFiles/pak-gadget.dir/tree/downloaded_tools/pico/pico-sdk/lib/tinyusb/src/common/tusb_fifo.c.obj
 .text._ff_push_n
                0x0000000010008676      0x106 CMakeFiles/pak-gadget.dir/tree/downloaded_tools/pico/pico-sdk/lib/tinyusb/src/common/tusb_fifo.c.obj
 .text._tu_fifo_write_n
                0x000000001000877c       0x9e CMakeFiles/pak-gadget.dir/tree/downloaded_tools/pico/pico-sdk/lib/tinyusb/src/common/tusb_fifo.c.obj
 .text.tu_fifo_config
                0x000000001000881a       0x72 CMakeFiles/pak-gadget.dir/tree/downloaded_tools/pico/pico-sdk/lib/tinyusb/src/common/tusb_fifo.c.obj
                0x000000001000881a                tu_fifo_config
 .text.tu_fifo_count
                0x000000001000888c       0x26 CMakeFiles/pak-gadget.dir/tree/downloaded_tools/pico/pico-sdk/lib/tinyusb/src/common/tusb_fifo.c.obj
                0x000000001000888c                tu_fifo_count
 .text.tu_fifo_empty
                0x00000000100088b2        0xe CMakeFiles/pak-gadget.dir/tree/downloaded_tools/pico/pico-sdk/lib/tinyusb/src/common/tusb_fifo.c.obj
                0x00000000100088b2                tu_fifo_empty
 .text.tu_fifo_remaining
                0x00000000100088c0       0x20 CMakeFiles/pak-gadget.dir/tree/downloaded_tools/pico/pico-sdk/lib/tinyusb/src/common/tusb_fifo.c.obj
                0x00000000100088c0                tu_fifo_remaining
 .text.tu_fifo_read
                0x00000000100088e0       0x42 CMakeFiles/pak-gadget.dir/tree/downloaded_tools/pico/pico-sdk/lib/tinyusb/src/common/tusb_fifo.c.obj
                0x00000000100088e0                tu_fifo_read
 .text.tu_fifo_read_n
                0x0000000010008922        0xa CMakeFiles/pak-gadget.dir/tree/downloaded_tools/pico/pico-sdk/lib/tinyusb/src/common/tusb_fifo.c.obj
                0x0000000010008922                tu_fifo_read_n
 .text.tu_fifo_write
                0x000000001000892c       0x6c CMakeFiles/pak-gadget.dir/tree/downloaded_tools/pico/pico-sdk/lib/tinyusb/src/common/tusb_fifo.c.obj
                0x000000001000892c                tu_fifo_write
 .text.tu_fifo_write_n
                0x0000000010008998        0xa CMakeFiles/pak-gadget.dir/tree/downloaded_tools/pico/pico-sdk/lib/tinyusb/src/common/tusb_fifo.c.obj
                0x0000000010008998                tu_fifo_write_n
 .text.tu_fifo_clear
                0x00000000100089a2       0x4c CMakeFiles/pak-gadget.dir/tree/downloaded_tools/pico/pico-sdk/lib/tinyusb/src/common/tusb_fifo.c.obj
                0x00000000100089a2                tu_fifo_clear
 .text.tu_fifo_set_overwritable
                0x00000000100089ee       0x3c CMakeFiles/pak-gadget.dir/tree/downloaded_tools/pico/pico-sdk/lib/tinyusb/src/common/tusb_fifo.c.obj
                0x00000000100089ee                tu_fifo_set_overwritable
 *fill*         0x0000000010008a2a        0x2 
 .text._retrieve_unique_id_on_boot
                0x0000000010008a2c       0x10 CMakeFiles/pak-gadget.dir/tree/downloaded_tools/pico/pico-sdk/src/rp2_common/pico_unique_id/unique_id.c.obj
 .text.pico_get_unique_board_id_string
                0x0000000010008a3c       0x60 CMakeFiles/pak-gadget.dir/tree/downloaded_tools/pico/pico-sdk/src/rp2_common/pico_unique_id/unique_id.c.obj
                0x0000000010008a3c                pico_get_unique_board_id_string
 .text.flash_get_unique_id
                0x0000000010008a9c       0x46 CMakeFiles/pak-gadget.dir/tree/downloaded_tools/pico/pico-sdk/src/rp2_common/hardware_flash/flash.c.obj
                0x0000000010008a9c                flash_get_unique_id
 *fill*         0x0000000010008ae2        0x2 
 .text.dma_claim_unused_channel
                0x0000000010008ae4       0x20 CMakeFiles/pak-gadget.dir/tree/downloaded_tools/pico/pico-sdk/src/rp2_common/hardware_dma/dma.c.obj
                0x0000000010008ae4                dma_claim_unused_channel
 .text.core1_trampoline
                0x0000000010008b04        0x2 CMakeFiles/pak-gadget.dir/tree/downloaded_tools/pico/pico-sdk/src/rp2_common/pico_multicore/multicore.c.obj
 .text.core1_wrapper
                0x0000000010008b06        0xc CMakeFiles/pak-gadget.dir/tree/downloaded_tools/pico/pico-sdk/src/rp2_common/pico_multicore/multicore.c.obj
                0x0000000010008b06                core1_wrapper
 .text.multicore_fifo_push_blocking
                0x0000000010008b12       0x14 CMakeFiles/pak-gadget.dir/tree/downloaded_tools/pico/pico-sdk/src/rp2_common/pico_multicore/multicore.c.obj
                0x0000000010008b12                multicore_fifo_push_blocking
 .text.multicore_fifo_pop_blocking
                0x0000000010008b26       0x16 CMakeFiles/pak-gadget.dir/tree/downloaded_tools/pico/pico-sdk/src/rp2_common/pico_multicore/multicore.c.obj
                0x0000000010008b26                multicore_fifo_pop_blocking
 .text.multicore_launch_core1_raw
                0x0000000010008b3c       0x6a CMakeFiles/pak-gadget.dir/tree/downloaded_tools/pico/pico-sdk/src/rp2_common/pico_multicore/multicore.c.obj
                0x0000000010008b3c                multicore_launch_core1_raw
 *fill*         0x0000000010008ba6        0x2 
 .text.multicore_launch_core1_with_stack
                0x0000000010008ba8       0x50 CMakeFiles/pak-gadget.dir/tree/downloaded_tools/pico/pico-sdk/src/rp2_common/pico_multicore/multicore.c.obj
                0x0000000010008ba8                multicore_launch_core1_with_stack
 .text.multicore_launch_core1
                0x0000000010008bf8       0x24 CMakeFiles/pak-gadget.dir/tree/downloaded_tools/pico/pico-sdk/src/rp2_common/pico_multicore/multicore.c.obj
                0x0000000010008bf8                multicore_launch_core1
 .text.ff_memalloc
                0x0000000010008c1c        0x8 CMakeFiles/pak-gadget.dir/tree/downloaded_tools/pico/no-OS-FatFS-SD-SPI-RPi-Pico/FatFs_SPI/ff14a/source/ffsystem.c.obj
                0x0000000010008c1c                ff_memalloc
 .text.ff_memfree
                0x0000000010008c24        0x8 CMakeFiles/pak-gadget.dir/tree/downloaded_tools/pico/no-OS-FatFS-SD-SPI-RPi-Pico/FatFs_SPI/ff14a/source/ffsystem.c.obj
                0x0000000010008c24                ff_memfree
 .text.ff_uni2oem
                0x0000000010008c2c       0x44 CMakeFiles/pak-gadget.dir/tree/downloaded_tools/pico/no-OS-FatFS-SD-SPI-RPi-Pico/FatFs_SPI/ff14a/source/ffunicode.c.obj
                0x0000000010008c2c                ff_uni2oem
 .text.ff_oem2uni
                0x0000000010008c70       0x30 CMakeFiles/pak-gadget.dir/tree/downloaded_tools/pico/no-OS-FatFS-SD-SPI-RPi-Pico/FatFs_SPI/ff14a/source/ffunicode.c.obj
                0x0000000010008c70                ff_oem2uni
 .text.ff_wtoupper
                0x0000000010008ca0       0xb0 CMakeFiles/pak-gadget.dir/tree/downloaded_tools/pico/no-OS-FatFS-SD-SPI-RPi-Pico/FatFs_SPI/ff14a/source/ffunicode.c.obj
                0x0000000010008ca0                ff_wtoupper
 .text.ld_word  0x0000000010008d50        0xa CMakeFiles/pak-gadget.dir/tree/downloaded_tools/pico/no-OS-FatFS-SD-SPI-RPi-Pico/FatFs_SPI/ff14a/source/ff.c.obj
 .text.ld_dword
                0x0000000010008d5a       0x18 CMakeFiles/pak-gadget.dir/tree/downloaded_tools/pico/no-OS-FatFS-SD-SPI-RPi-Pico/FatFs_SPI/ff14a/source/ff.c.obj
 .text.ld_qword
                0x0000000010008d72       0x42 CMakeFiles/pak-gadget.dir/tree/downloaded_tools/pico/no-OS-FatFS-SD-SPI-RPi-Pico/FatFs_SPI/ff14a/source/ff.c.obj
 .text.st_word  0x0000000010008db4        0x8 CMakeFiles/pak-gadget.dir/tree/downloaded_tools/pico/no-OS-FatFS-SD-SPI-RPi-Pico/FatFs_SPI/ff14a/source/ff.c.obj
 .text.st_dword
                0x0000000010008dbc       0x10 CMakeFiles/pak-gadget.dir/tree/downloaded_tools/pico/no-OS-FatFS-SD-SPI-RPi-Pico/FatFs_SPI/ff14a/source/ff.c.obj
 .text.st_qword
                0x0000000010008dcc       0x1e CMakeFiles/pak-gadget.dir/tree/downloaded_tools/pico/no-OS-FatFS-SD-SPI-RPi-Pico/FatFs_SPI/ff14a/source/ff.c.obj
 .text.mem_cpy  0x0000000010008dea       0x16 CMakeFiles/pak-gadget.dir/tree/downloaded_tools/pico/no-OS-FatFS-SD-SPI-RPi-Pico/FatFs_SPI/ff14a/source/ff.c.obj
 .text.mem_set  0x0000000010008e00        0xc CMakeFiles/pak-gadget.dir/tree/downloaded_tools/pico/no-OS-FatFS-SD-SPI-RPi-Pico/FatFs_SPI/ff14a/source/ff.c.obj
 .text.mem_cmp  0x0000000010008e0c       0x1a CMakeFiles/pak-gadget.dir/tree/downloaded_tools/pico/no-OS-FatFS-SD-SPI-RPi-Pico/FatFs_SPI/ff14a/source/ff.c.obj
 .text.chk_chr  0x0000000010008e26       0x12 CMakeFiles/pak-gadget.dir/tree/downloaded_tools/pico/no-OS-FatFS-SD-SPI-RPi-Pico/FatFs_SPI/ff14a/source/ff.c.obj
 .text.dbc_1st  0x0000000010008e38        0x4 CMakeFiles/pak-gadget.dir/tree/downloaded_tools/pico/no-OS-FatFS-SD-SPI-RPi-Pico/FatFs_SPI/ff14a/source/ff.c.obj
 .text.dbc_2nd  0x0000000010008e3c        0x4 CMakeFiles/pak-gadget.dir/tree/downloaded_tools/pico/no-OS-FatFS-SD-SPI-RPi-Pico/FatFs_SPI/ff14a/source/ff.c.obj
 .text.tchar2uni
                0x0000000010008e40       0xcc CMakeFiles/pak-gadget.dir/tree/downloaded_tools/pico/no-OS-FatFS-SD-SPI-RPi-Pico/FatFs_SPI/ff14a/source/ff.c.obj
 .text.put_utf  0x0000000010008f0c       0xfc CMakeFiles/pak-gadget.dir/tree/downloaded_tools/pico/no-OS-FatFS-SD-SPI-RPi-Pico/FatFs_SPI/ff14a/source/ff.c.obj
 .text.chk_lock
                0x0000000010009008       0x78 CMakeFiles/pak-gadget.dir/tree/downloaded_tools/pico/no-OS-FatFS-SD-SPI-RPi-Pico/FatFs_SPI/ff14a/source/ff.c.obj
 .text.enq_lock
                0x0000000010009080       0x20 CMakeFiles/pak-gadget.dir/tree/downloaded_tools/pico/no-OS-FatFS-SD-SPI-RPi-Pico/FatFs_SPI/ff14a/source/ff.c.obj
 .text.inc_lock
                0x00000000100090a0       0xa8 CMakeFiles/pak-gadget.dir/tree/downloaded_tools/pico/no-OS-FatFS-SD-SPI-RPi-Pico/FatFs_SPI/ff14a/source/ff.c.obj
 .text.dec_lock
                0x0000000010009148       0x44 CMakeFiles/pak-gadget.dir/tree/downloaded_tools/pico/no-OS-FatFS-SD-SPI-RPi-Pico/FatFs_SPI/ff14a/source/ff.c.obj
 .text.clear_lock
                0x000000001000918c       0x24 CMakeFiles/pak-gadget.dir/tree/downloaded_tools/pico/no-OS-FatFS-SD-SPI-RPi-Pico/FatFs_SPI/ff14a/source/ff.c.obj
 .text.clst2sect
                0x00000000100091b0       0x28 CMakeFiles/pak-gadget.dir/tree/downloaded_tools/pico/no-OS-FatFS-SD-SPI-RPi-Pico/FatFs_SPI/ff14a/source/ff.c.obj
 .text.clmt_clust
                0x00000000100091d8       0x30 CMakeFiles/pak-gadget.dir/tree/downloaded_tools/pico/no-OS-FatFS-SD-SPI-RPi-Pico/FatFs_SPI/ff14a/source/ff.c.obj
 .text.ld_clust
                0x0000000010009208       0x26 CMakeFiles/pak-gadget.dir/tree/downloaded_tools/pico/no-OS-FatFS-SD-SPI-RPi-Pico/FatFs_SPI/ff14a/source/ff.c.obj
 .text.st_clust
                0x000000001000922e       0x26 CMakeFiles/pak-gadget.dir/tree/downloaded_tools/pico/no-OS-FatFS-SD-SPI-RPi-Pico/FatFs_SPI/ff14a/source/ff.c.obj
 .text.pick_lfn
                0x0000000010009254       0x94 CMakeFiles/pak-gadget.dir/tree/downloaded_tools/pico/no-OS-FatFS-SD-SPI-RPi-Pico/FatFs_SPI/ff14a/source/ff.c.obj
 .text.put_lfn  0x00000000100092e8       0x8c CMakeFiles/pak-gadget.dir/tree/downloaded_tools/pico/no-OS-FatFS-SD-SPI-RPi-Pico/FatFs_SPI/ff14a/source/ff.c.obj
 .text.gen_numname
                0x0000000010009374       0xa8 CMakeFiles/pak-gadget.dir/tree/downloaded_tools/pico/no-OS-FatFS-SD-SPI-RPi-Pico/FatFs_SPI/ff14a/source/ff.c.obj
 .text.sum_sfn  0x000000001000941c       0x20 CMakeFiles/pak-gadget.dir/tree/downloaded_tools/pico/no-OS-FatFS-SD-SPI-RPi-Pico/FatFs_SPI/ff14a/source/ff.c.obj
 .text.xdir_sum
                0x000000001000943c       0x2e CMakeFiles/pak-gadget.dir/tree/downloaded_tools/pico/no-OS-FatFS-SD-SPI-RPi-Pico/FatFs_SPI/ff14a/source/ff.c.obj
 .text.get_xfileinfo
                0x000000001000946a       0xda CMakeFiles/pak-gadget.dir/tree/downloaded_tools/pico/no-OS-FatFS-SD-SPI-RPi-Pico/FatFs_SPI/ff14a/source/ff.c.obj
 .text.init_alloc_info
                0x0000000010009544       0x2e CMakeFiles/pak-gadget.dir/tree/downloaded_tools/pico/no-OS-FatFS-SD-SPI-RPi-Pico/FatFs_SPI/ff14a/source/ff.c.obj
 *fill*         0x0000000010009572        0x2 
 .text.get_ldnumber
                0x0000000010009574       0x5c CMakeFiles/pak-gadget.dir/tree/downloaded_tools/pico/no-OS-FatFS-SD-SPI-RPi-Pico/FatFs_SPI/ff14a/source/ff.c.obj
 .text.crc32    0x00000000100095d0       0x2c CMakeFiles/pak-gadget.dir/tree/downloaded_tools/pico/no-OS-FatFS-SD-SPI-RPi-Pico/FatFs_SPI/ff14a/source/ff.c.obj
 .text.test_gpt_header
                0x00000000100095fc       0x64 CMakeFiles/pak-gadget.dir/tree/downloaded_tools/pico/no-OS-FatFS-SD-SPI-RPi-Pico/FatFs_SPI/ff14a/source/ff.c.obj
 .text.validate
                0x0000000010009660       0x52 CMakeFiles/pak-gadget.dir/tree/downloaded_tools/pico/no-OS-FatFS-SD-SPI-RPi-Pico/FatFs_SPI/ff14a/source/ff.c.obj
 .text.sync_window
                0x00000000100096b2       0x70 CMakeFiles/pak-gadget.dir/tree/downloaded_tools/pico/no-OS-FatFS-SD-SPI-RPi-Pico/FatFs_SPI/ff14a/source/ff.c.obj
 .text.move_window
                0x0000000010009722       0x4c CMakeFiles/pak-gadget.dir/tree/downloaded_tools/pico/no-OS-FatFS-SD-SPI-RPi-Pico/FatFs_SPI/ff14a/source/ff.c.obj
 *fill*         0x000000001000976e        0x2 
 .text.check_fs
                0x0000000010009770       0xdc CMakeFiles/pak-gadget.dir/tree/downloaded_tools/pico/no-OS-FatFS-SD-SPI-RPi-Pico/FatFs_SPI/ff14a/source/ff.c.obj
 .text.find_volume
                0x000000001000984c      0x14c CMakeFiles/pak-gadget.dir/tree/downloaded_tools/pico/no-OS-FatFS-SD-SPI-RPi-Pico/FatFs_SPI/ff14a/source/ff.c.obj
 .text.mount_volume
                0x0000000010009998      0x544 CMakeFiles/pak-gadget.dir/tree/downloaded_tools/pico/no-OS-FatFS-SD-SPI-RPi-Pico/FatFs_SPI/ff14a/source/ff.c.obj
 .text.find_bitmap
                0x0000000010009edc       0xa6 CMakeFiles/pak-gadget.dir/tree/downloaded_tools/pico/no-OS-FatFS-SD-SPI-RPi-Pico/FatFs_SPI/ff14a/source/ff.c.obj
 .text.change_bitmap
                0x0000000010009f82       0x96 CMakeFiles/pak-gadget.dir/tree/downloaded_tools/pico/no-OS-FatFS-SD-SPI-RPi-Pico/FatFs_SPI/ff14a/source/ff.c.obj
 .text.put_fat  0x000000001000a018      0x176 CMakeFiles/pak-gadget.dir/tree/downloaded_tools/pico/no-OS-FatFS-SD-SPI-RPi-Pico/FatFs_SPI/ff14a/source/ff.c.obj
 .text.fill_last_frag
                0x000000001000a18e       0x32 CMakeFiles/pak-gadget.dir/tree/downloaded_tools/pico/no-OS-FatFS-SD-SPI-RPi-Pico/FatFs_SPI/ff14a/source/ff.c.obj
 .text.fill_first_frag
                0x000000001000a1c0       0x32 CMakeFiles/pak-gadget.dir/tree/downloaded_tools/pico/no-OS-FatFS-SD-SPI-RPi-Pico/FatFs_SPI/ff14a/source/ff.c.obj
 *fill*         0x000000001000a1f2        0x2 
 .text.get_fat  0x000000001000a1f4      0x1a8 CMakeFiles/pak-gadget.dir/tree/downloaded_tools/pico/no-OS-FatFS-SD-SPI-RPi-Pico/FatFs_SPI/ff14a/source/ff.c.obj
 .text.create_chain
                0x000000001000a39c      0x1c6 CMakeFiles/pak-gadget.dir/tree/downloaded_tools/pico/no-OS-FatFS-SD-SPI-RPi-Pico/FatFs_SPI/ff14a/source/ff.c.obj
 .text.dir_sdi  0x000000001000a562       0xd4 CMakeFiles/pak-gadget.dir/tree/downloaded_tools/pico/no-OS-FatFS-SD-SPI-RPi-Pico/FatFs_SPI/ff14a/source/ff.c.obj
 .text.remove_chain
                0x000000001000a636      0x14c CMakeFiles/pak-gadget.dir/tree/downloaded_tools/pico/no-OS-FatFS-SD-SPI-RPi-Pico/FatFs_SPI/ff14a/source/ff.c.obj
 .text.dir_clear
                0x000000001000a782       0xf0 CMakeFiles/pak-gadget.dir/tree/downloaded_tools/pico/no-OS-FatFS-SD-SPI-RPi-Pico/FatFs_SPI/ff14a/source/ff.c.obj
 .text.dir_next
                0x000000001000a872      0x104 CMakeFiles/pak-gadget.dir/tree/downloaded_tools/pico/no-OS-FatFS-SD-SPI-RPi-Pico/FatFs_SPI/ff14a/source/ff.c.obj
 .text.load_xdir
                0x000000001000a976      0x10c CMakeFiles/pak-gadget.dir/tree/downloaded_tools/pico/no-OS-FatFS-SD-SPI-RPi-Pico/FatFs_SPI/ff14a/source/ff.c.obj
 .text.load_obj_xdir
                0x000000001000aa82       0x36 CMakeFiles/pak-gadget.dir/tree/downloaded_tools/pico/no-OS-FatFS-SD-SPI-RPi-Pico/FatFs_SPI/ff14a/source/ff.c.obj
 .text.dir_read
                0x000000001000aab8      0x114 CMakeFiles/pak-gadget.dir/tree/downloaded_tools/pico/no-OS-FatFS-SD-SPI-RPi-Pico/FatFs_SPI/ff14a/source/ff.c.obj
 .text.dir_alloc
                0x000000001000abcc       0x70 CMakeFiles/pak-gadget.dir/tree/downloaded_tools/pico/no-OS-FatFS-SD-SPI-RPi-Pico/FatFs_SPI/ff14a/source/ff.c.obj
 .text.store_xdir
                0x000000001000ac3c       0x66 CMakeFiles/pak-gadget.dir/tree/downloaded_tools/pico/no-OS-FatFS-SD-SPI-RPi-Pico/FatFs_SPI/ff14a/source/ff.c.obj
 *fill*         0x000000001000aca2        0x2 
 .text.create_name
                0x000000001000aca4      0x320 CMakeFiles/pak-gadget.dir/tree/downloaded_tools/pico/no-OS-FatFS-SD-SPI-RPi-Pico/FatFs_SPI/ff14a/source/ff.c.obj
 .text.xname_sum
                0x000000001000afc4       0x38 CMakeFiles/pak-gadget.dir/tree/downloaded_tools/pico/no-OS-FatFS-SD-SPI-RPi-Pico/FatFs_SPI/ff14a/source/ff.c.obj
 .text.create_xdir
                0x000000001000affc       0x90 CMakeFiles/pak-gadget.dir/tree/downloaded_tools/pico/no-OS-FatFS-SD-SPI-RPi-Pico/FatFs_SPI/ff14a/source/ff.c.obj
 .text.cmp_lfn  0x000000001000b08c       0xb0 CMakeFiles/pak-gadget.dir/tree/downloaded_tools/pico/no-OS-FatFS-SD-SPI-RPi-Pico/FatFs_SPI/ff14a/source/ff.c.obj
 .text.dir_find
                0x000000001000b13c      0x18e CMakeFiles/pak-gadget.dir/tree/downloaded_tools/pico/no-OS-FatFS-SD-SPI-RPi-Pico/FatFs_SPI/ff14a/source/ff.c.obj
 .text.follow_path
                0x000000001000b2ca      0x11a CMakeFiles/pak-gadget.dir/tree/downloaded_tools/pico/no-OS-FatFS-SD-SPI-RPi-Pico/FatFs_SPI/ff14a/source/ff.c.obj
 .text.dir_register
                0x000000001000b3e4      0x214 CMakeFiles/pak-gadget.dir/tree/downloaded_tools/pico/no-OS-FatFS-SD-SPI-RPi-Pico/FatFs_SPI/ff14a/source/ff.c.obj
 .text.get_achar
                0x000000001000b5f8       0x14 CMakeFiles/pak-gadget.dir/tree/downloaded_tools/pico/no-OS-FatFS-SD-SPI-RPi-Pico/FatFs_SPI/ff14a/source/ff.c.obj
 .text.pattern_match
                0x000000001000b60c       0xce CMakeFiles/pak-gadget.dir/tree/downloaded_tools/pico/no-OS-FatFS-SD-SPI-RPi-Pico/FatFs_SPI/ff14a/source/ff.c.obj
 *fill*         0x000000001000b6da        0x2 
 .text.sync_fs  0x000000001000b6dc       0xa8 CMakeFiles/pak-gadget.dir/tree/downloaded_tools/pico/no-OS-FatFS-SD-SPI-RPi-Pico/FatFs_SPI/ff14a/source/ff.c.obj
 .text.get_fileinfo
                0x000000001000b784      0x1ce CMakeFiles/pak-gadget.dir/tree/downloaded_tools/pico/no-OS-FatFS-SD-SPI-RPi-Pico/FatFs_SPI/ff14a/source/ff.c.obj
 *fill*         0x000000001000b952        0x2 
 .text.f_mount  0x000000001000b954       0x5c CMakeFiles/pak-gadget.dir/tree/downloaded_tools/pico/no-OS-FatFS-SD-SPI-RPi-Pico/FatFs_SPI/ff14a/source/ff.c.obj
                0x000000001000b954                f_mount
 .text.f_open   0x000000001000b9b0      0x35c CMakeFiles/pak-gadget.dir/tree/downloaded_tools/pico/no-OS-FatFS-SD-SPI-RPi-Pico/FatFs_SPI/ff14a/source/ff.c.obj
                0x000000001000b9b0                f_open
 .text.f_read   0x000000001000bd0c      0x252 CMakeFiles/pak-gadget.dir/tree/downloaded_tools/pico/no-OS-FatFS-SD-SPI-RPi-Pico/FatFs_SPI/ff14a/source/ff.c.obj
                0x000000001000bd0c                f_read
 .text.f_write  0x000000001000bf5e      0x2a2 CMakeFiles/pak-gadget.dir/tree/downloaded_tools/pico/no-OS-FatFS-SD-SPI-RPi-Pico/FatFs_SPI/ff14a/source/ff.c.obj
                0x000000001000bf5e                f_write
 .text.f_sync   0x000000001000c200      0x17e CMakeFiles/pak-gadget.dir/tree/downloaded_tools/pico/no-OS-FatFS-SD-SPI-RPi-Pico/FatFs_SPI/ff14a/source/ff.c.obj
                0x000000001000c200                f_sync
 .text.f_close  0x000000001000c37e       0x2e CMakeFiles/pak-gadget.dir/tree/downloaded_tools/pico/no-OS-FatFS-SD-SPI-RPi-Pico/FatFs_SPI/ff14a/source/ff.c.obj
                0x000000001000c37e                f_close
 .text.f_chdrive